Archive member included because of file (symbol)

/home/kevin/lpcxpresso/lpc_chip_11cxx_lib/Release/liblpc_chip_11cxx_lib.a(adc_11xx.o)
                              ./src/board.o (Chip_ADC_Init)
/home/kevin/lpcxpresso/lpc_chip_11cxx_lib/Release/liblpc_chip_11cxx_lib.a(chip_11xx.o)
                              ./src/systick.o (SystemCoreClock)
/home/kevin/lpcxpresso/lpc_chip_11cxx_lib/Release/liblpc_chip_11cxx_lib.a(clock_11xx.o)
                              ./src/board_sysinit.o (Chip_Clock_SetSystemPLLSource)
/home/kevin/lpcxpresso/lpc_chip_11cxx_lib/Release/liblpc_chip_11cxx_lib.a(gpio_11xx_2.o)
                              ./src/board.o (Chip_GPIO_Init)
/home/kevin/lpcxpresso/lpc_chip_11cxx_lib/Release/liblpc_chip_11cxx_lib.a(sysctl_11xx.o)
                              ./src/board_sysinit.o (Chip_SYSCTL_PowerDown)
/home/kevin/lpcxpresso/lpc_chip_11cxx_lib/Release/liblpc_chip_11cxx_lib.a(sysinit_11xx.o)
                              ./src/sysinit.o (Chip_SystemInit)
/home/kevin/lpcxpresso/lpc_chip_11cxx_lib/Release/liblpc_chip_11cxx_lib.a(timer_11xx.o)
                              ./src/board.o (Chip_TIMER_Init)
/home/kevin/lpcxpresso/lpc_chip_11cxx_lib/Release/liblpc_chip_11cxx_lib.a(uart_11xx.o)
                              ./src/board.o (Chip_UART_Init)
/home/kevin/lpcxpresso/lpc_chip_11cxx_lib/Release/liblpc_chip_11cxx_lib.a(ring_buffer.o)
                              /home/kevin/lpcxpresso/lpc_chip_11cxx_lib/Release/liblpc_chip_11cxx_lib.a(uart_11xx.o) (RingBuffer_Insert)
/usr/local/lpcxpresso_7.1.1_125/lpcxpresso/tools/bin/../lib/gcc/arm-none-eabi/4.8.3/../../../../arm-none-eabi/lib/armv6-m/libcr_c.a(memcpy.o)
                              /home/kevin/lpcxpresso/lpc_chip_11cxx_lib/Release/liblpc_chip_11cxx_lib.a(ring_buffer.o) (memcpy)
/usr/local/lpcxpresso_7.1.1_125/lpcxpresso/tools/bin/../lib/gcc/arm-none-eabi/4.8.3/../../../../arm-none-eabi/lib/armv6-m/libcr_c.a(__weak__main.o)
                              ./src/cr_startup_lpc11xx.o (__main)
/usr/local/lpcxpresso_7.1.1_125/lpcxpresso/tools/bin/../lib/gcc/arm-none-eabi/4.8.3/../../../../arm-none-eabi/lib/armv6-m/libcr_c.a(printf.o)
                              ./src/board.o (_snprintf)
/usr/local/lpcxpresso_7.1.1_125/lpcxpresso/tools/bin/../lib/gcc/arm-none-eabi/4.8.3/../../../../arm-none-eabi/lib/armv6-m/libcr_c.a(stdio.o)
                              /usr/local/lpcxpresso_7.1.1_125/lpcxpresso/tools/bin/../lib/gcc/arm-none-eabi/4.8.3/../../../../arm-none-eabi/lib/armv6-m/libcr_c.a(printf.o) (__Ciob)
/usr/local/lpcxpresso_7.1.1_125/lpcxpresso/tools/bin/../lib/gcc/arm-none-eabi/4.8.3/../../../../arm-none-eabi/lib/armv6-m/libcr_c.a(strlen.o)
                              ./src/board.o (strlen)
/usr/local/lpcxpresso_7.1.1_125/lpcxpresso/tools/bin/../lib/gcc/arm-none-eabi/4.8.3/../../../../arm-none-eabi/lib/armv6-m/libcr_c.a(memset.o)
                              /usr/local/lpcxpresso_7.1.1_125/lpcxpresso/tools/bin/../lib/gcc/arm-none-eabi/4.8.3/../../../../arm-none-eabi/lib/armv6-m/libcr_c.a(printf.o) (memset)
/usr/local/lpcxpresso_7.1.1_125/lpcxpresso/tools/bin/../lib/gcc/arm-none-eabi/4.8.3/../../../../arm-none-eabi/lib/armv6-m/libcr_c.a(__fillbuf.o)
                              /usr/local/lpcxpresso_7.1.1_125/lpcxpresso/tools/bin/../lib/gcc/arm-none-eabi/4.8.3/../../../../arm-none-eabi/lib/armv6-m/libcr_c.a(stdio.o) (__filbuf)
/usr/local/lpcxpresso_7.1.1_125/lpcxpresso/tools/bin/../lib/gcc/arm-none-eabi/4.8.3/../../../../arm-none-eabi/lib/armv6-m/libcr_c.a(_deferredlazyseek.o)
                              /usr/local/lpcxpresso_7.1.1_125/lpcxpresso/tools/bin/../lib/gcc/arm-none-eabi/4.8.3/../../../../arm-none-eabi/lib/armv6-m/libcr_c.a(__fillbuf.o) (_deferredlazyseek)
/usr/local/lpcxpresso_7.1.1_125/lpcxpresso/tools/bin/../lib/gcc/arm-none-eabi/4.8.3/../../../../arm-none-eabi/lib/armv6-m/libcr_c.a(_fflush.o)
                              /usr/local/lpcxpresso_7.1.1_125/lpcxpresso/tools/bin/../lib/gcc/arm-none-eabi/4.8.3/../../../../arm-none-eabi/lib/armv6-m/libcr_c.a(__fillbuf.o) (_fflush)
/usr/local/lpcxpresso_7.1.1_125/lpcxpresso/tools/bin/../lib/gcc/arm-none-eabi/4.8.3/../../../../arm-none-eabi/lib/armv6-m/libcr_c.a(_writebuf.o)
                              /usr/local/lpcxpresso_7.1.1_125/lpcxpresso/tools/bin/../lib/gcc/arm-none-eabi/4.8.3/../../../../arm-none-eabi/lib/armv6-m/libcr_c.a(_deferredlazyseek.o) (_Cwritebuf)
/usr/local/lpcxpresso_7.1.1_125/lpcxpresso/tools/bin/../lib/gcc/arm-none-eabi/4.8.3/../../../../arm-none-eabi/lib/armv6-m/libcr_c.a(alloc.o)
                              /usr/local/lpcxpresso_7.1.1_125/lpcxpresso/tools/bin/../lib/gcc/arm-none-eabi/4.8.3/../../../../arm-none-eabi/lib/armv6-m/libcr_c.a(printf.o) (malloc)
/usr/local/lpcxpresso_7.1.1_125/lpcxpresso/tools/bin/../lib/gcc/arm-none-eabi/4.8.3/../../../../arm-none-eabi/lib/armv6-m/libcr_c.a(fseek.o)
[...]
Memory Configuration

Name             Origin             Length             Attributes
MFlash32         0x00000000         0x00008000         xr
RamLoc8          0x10000100         0x00001f00         xrw
*default*        0x00000000         0xffffffff

Linker script and memory map

LOAD ./src/board.o
LOAD ./src/board_sysinit.o
LOAD ./src/ccan_rom.o
LOAD ./src/cr_startup_lpc11xx.o
LOAD ./src/crp.o
LOAD ./src/ff.o
LOAD ./src/main.o
LOAD ./src/mmc.o
LOAD ./src/rtc.o
LOAD ./src/sysinit.o
LOAD ./src/systick.o
LOAD /home/kevin/lpcxpresso/lpc_chip_11cxx_lib/Release/liblpc_chip_11cxx_lib.a
START GROUP
LOAD /usr/local/lpcxpresso_7.1.1_125/lpcxpresso/tools/bin/../lib/gcc/arm-none-eabi/4.8.3/../../../../arm-none-eabi/lib/armv6-m/libcr_c.a
LOAD /usr/local/lpcxpresso_7.1.1_125/lpcxpresso/tools/bin/../lib/gcc/arm-none-eabi/4.8.3/armv6-m/libcr_eabihelpers.a
END GROUP
                0x00008000                __top_MFlash32 = 0x8000
                0x10002000                __top_RamLoc8 = 0x10002000

.text           0x00000000     0x476c
 FILL mask 0xff
                0x00000000                __vectors_start__ = ABSOLUTE (.)
 *(.isr_vector)
 .isr_vector    0x00000000       0xc0 ./src/cr_startup_lpc11xx.o
                0x00000000                g_pfnVectors
                0x000000c0                . = ALIGN (0x4)
                0x000000c0                __section_table_start = .
                0x000000c0                __data_section_table = .
                0x000000c0        0x4 LONG 0x476c LOADADDR (.data)
                0x000000c4        0x4 LONG 0x10000100 ADDR (.data)
                0x000000c8        0x4 LONG 0xc SIZEOF (.data)
                0x000000cc                __data_section_table_end = .
                0x000000cc                __bss_section_table = .
                0x000000cc        0x4 LONG 0x1000010c ADDR (.bss)
                0x000000d0        0x4 LONG 0x80c SIZEOF (.bss)
                0x000000d4                __bss_section_table_end = .
                0x000000d4                __section_table_end = .
 *(.after_vectors*)
 .after_vectors
                0x000000d4       0x70 ./src/cr_startup_lpc11xx.o
                0x000000d4                NMI_Handler
                0x000000d6                HardFault_Handler
                0x000000d8                SVC_Handler
                0x000000da                PendSV_Handler
                0x000000de                TIMER16_0_IRQHandler
                0x000000de                UART_IRQHandler
                0x000000de                TIMER32_1_IRQHandler
                0x000000de                IntDefaultHandler
                0x000000de                PIOINT1_IRQHandler
                0x000000de                SSP0_IRQHandler
                0x000000de                TIMER16_1_IRQHandler
                0x000000de                ADC_IRQHandler
                0x000000de                SSP1_IRQHandler
                0x000000de                BOD_IRQHandler
                0x000000de                WAKEUP_IRQHandler
                0x000000de                PIOINT0_IRQHandler
                0x000000de                I2C_IRQHandler
                0x000000de                WDT_IRQHandler
                0x000000de                PIOINT3_IRQHandler
                0x000000e0                data_init
                0x000000f2                bss_init
                0x00000102                ResetISR
 *(.text*)
 .text.Board_SD_Init
                0x00000144       0xe8 ./src/board.o
 .text.Board_UARTPutChar
                0x0000022c       0x18 ./src/board.o
                0x0000022c                Board_UARTPutChar
 .text.__sys_write
                0x00000244       0x1a ./src/board.o
                0x00000244                __sys_write
 *fill*         0x0000025e        0x2 
 .text.Board_UARTGetChar
                0x00000260       0x24 ./src/board.o
                0x00000260                Board_UARTGetChar
 .text.Board_UARTPutSTR
                0x00000284       0x14 ./src/board.o
                0x00000284                Board_UARTPutSTR
 .text.Board_LCD_Strobe
                0x00000298       0x18 ./src/board.o
                0x00000298                Board_LCD_Strobe
 .text.Board_LCD_WriteChar
                0x000002b0       0x60 ./src/board.o
                0x000002b0                Board_LCD_WriteChar
 .text.Board_LCD_WriteString
                0x00000310       0x14 ./src/board.o
                0x00000310                Board_LCD_WriteString
 .text.Board_LCD_cmd
                0x00000324       0x60 ./src/board.o
                0x00000324                Board_LCD_cmd
 *fill*         0x00000384        0x4 
 .text.Board_Get_Temperature
                0x00000388       0x80 ./src/board.o
                0x00000388                Board_Get_Temperature
 .text.Board_LED_Set
                0x00000408       0x3c ./src/board.o
                0x00000408                Board_LED_Set
 .text.Board_LED_Test
                0x00000444       0x3c ./src/board.o
                0x00000444                Board_LED_Test
 .text.Board_LED_Toggle
                0x00000480       0x50 ./src/board.o
                0x00000480                Board_LED_Toggle
 .text.PIOINT2_IRQHandler
                0x000004d0      0x158 ./src/board.o
                0x000004d0                PIOINT2_IRQHandler
 .text.baudrateCalculate
                0x00000628       0x84 ./src/ccan_rom.o
                0x00000628                baudrateCalculate
 .text.CAN_rx   0x000006ac       0x50 ./src/ccan_rom.o
                0x000006ac                CAN_rx
 .text.CAN_tx   0x000006fc       0x10 ./src/ccan_rom.o
                0x000006fc                CAN_tx
 .text.CAN_error
                0x0000070c        0x2 ./src/ccan_rom.o
                0x0000070c                CAN_error
 *fill*         0x0000070e        0x2 
 .text.CAN_IRQHandler
                0x00000710       0x14 ./src/ccan_rom.o
                0x00000710                CAN_IRQHandler
 .text.mem_cpy  0x00000724       0x12 ./src/ff.o
 .text.move_window
                0x00000736       0x72 ./src/ff.o
 .text.check_fs
                0x000007a8       0xa4 ./src/ff.o
 .text.validate
                0x0000084c       0x28 ./src/ff.o
 .text.clust2sect
                0x00000874       0x18 ./src/ff.o
                0x00000874                clust2sect
 .text.get_fat  0x0000088c       0xd8 ./src/ff.o
                0x0000088c                get_fat
 .text.dir_sdi.constprop.5
                0x00000964       0x70 ./src/ff.o
 .text.put_fat  0x000009d4      0x104 ./src/ff.o
                0x000009d4                put_fat
 .text.create_chain
                0x00000ad8       0xa4 ./src/ff.o
 .text.dir_next
                0x00000b7c       0xf4 ./src/ff.o
 .text.f_mount  0x00000c70       0x24 ./src/ff.o
                0x00000c70                f_mount
 .text.f_open   0x00000c94      0x70c ./src/ff.o
                0x00000c94                f_open
 .text.f_write  0x000013a0      0x1a2 ./src/ff.o
                0x000013a0                f_write
 *fill*         0x00001542        0x2 
 .text.f_sync   0x00001544      0x164 ./src/ff.o
                0x00001544                f_sync
 .text.f_close  0x000016a8       0x10 ./src/ff.o
                0x000016a8                f_close
 .text.f_lseek  0x000016b8      0x11a ./src/ff.o
                0x000016b8                f_lseek
 *fill*         0x000017d2        0x2 
 .text.TIMER32_0_IRQHandler
                0x000017d4       0x84 ./src/main.o
                0x000017d4                TIMER32_0_IRQHandler
 .text.startup.main
                0x00001858       0xfc ./src/main.o
                0x00001858                main
 .text.xchg_spi
                0x00001954       0x18 ./src/mmc.o
 .text.wait_ready
                0x0000196c       0x24 ./src/mmc.o
 .text.deselect
                0x00001990       0x12 ./src/mmc.o
 .text.select   0x000019a2       0x28 ./src/mmc.o
 .text.send_cmd
                0x000019ca       0x82 ./src/mmc.o
 .text.rcvr_datablock
                0x00001a4c       0x98 ./src/mmc.o
 .text.xmit_datablock.part.1
                0x00001ae4       0x78 ./src/mmc.o
 .text.disk_initialize
                0x00001b5c      0x180 ./src/mmc.o
                0x00001b5c                disk_initialize
 .text.disk_status
                0x00001cdc       0x14 ./src/mmc.o
                0x00001cdc                disk_status
 .text.disk_read
                0x00001cf0       0x8c ./src/mmc.o
                0x00001cf0                disk_read
 .text.disk_write
                0x00001d7c       0xd0 ./src/mmc.o
                0x00001d7c                disk_write
 .text.disk_ioctl
                0x00001e4c      0x238 ./src/mmc.o
                0x00001e4c                disk_ioctl
 .text.disk_timerproc
                0x00002084       0x54 ./src/mmc.o
                0x00002084                disk_timerproc
 .text.rtc_gettime
                0x000020d8       0x24 ./src/rtc.o
                0x000020d8                rtc_gettime
 .text.get_fattime
                0x000020fc       0x38 ./src/rtc.o
                0x000020fc                get_fattime
 .text.SystemInit
                0x00002134        0x8 ./src/sysinit.o
                0x00002134                SystemInit
 .text.__delay_us
                0x0000213c       0x30 ./src/systick.o
                0x0000213c                __delay_us
 .text.__delay_ms
                0x0000216c       0x18 ./src/systick.o
                0x0000216c                __delay_ms
 .text.SysTick_Handler
                0x00002184       0x54 ./src/systick.o
                0x00002184                SysTick_Handler
 .text.setStartMode
                0x000021d8       0x18 /home/kevin/lpcxpresso/lpc_chip_11cxx_lib/Release/liblpc_chip_11cxx_lib.a(adc_11xx.o)
                0x000021d8                setStartMode
 .text.Chip_ADC_ReadValue
                0x000021f0       0x16 /home/kevin/lpcxpresso/lpc_chip_11cxx_lib/Release/liblpc_chip_11cxx_lib.a(adc_11xx.o)
                0x000021f0                Chip_ADC_ReadValue
 .text.Chip_ADC_ReadStatus
                0x00002206       0x34 /home/kevin/lpcxpresso/lpc_chip_11cxx_lib/Release/liblpc_chip_11cxx_lib.a(adc_11xx.o)
                0x00002206                Chip_ADC_ReadStatus
 *fill*         0x0000223a        0x2 
 .text.Chip_ADC_SetStartMode
                0x0000223c       0x28 /home/kevin/lpcxpresso/lpc_chip_11cxx_lib/Release/liblpc_chip_11cxx_lib.a(adc_11xx.o)
                0x0000223c                Chip_ADC_SetStartMode
 .text.Chip_Clock_SetSystemPLLSource
                0x00002264       0x14 /home/kevin/lpcxpresso/lpc_chip_11cxx_lib/Release/liblpc_chip_11cxx_lib.a(clock_11xx.o)
                0x00002264                Chip_Clock_SetSystemPLLSource
 .text.Chip_Clock_SetMainClockSource
                0x00002278       0x14 /home/kevin/lpcxpresso/lpc_chip_11cxx_lib/Release/liblpc_chip_11cxx_lib.a(clock_11xx.o)
                0x00002278                Chip_Clock_SetMainClockSource
 .text.Chip_Clock_GetWDTOSCRate
                0x0000228c       0x28 /home/kevin/lpcxpresso/lpc_chip_11cxx_lib/Release/liblpc_chip_11cxx_lib.a(clock_11xx.o)
                0x0000228c                Chip_Clock_GetWDTOSCRate
 .text.Chip_Clock_GetSystemPLLInClockRate
                0x000022b4       0x28 /home/kevin/lpcxpresso/lpc_chip_11cxx_lib/Release/liblpc_chip_11cxx_lib.a(clock_11xx.o)
                0x000022b4                Chip_Clock_GetSystemPLLInClockRate
 .text.Chip_Clock_GetSystemPLLOutClockRate
                0x000022dc       0x18 /home/kevin/lpcxpresso/lpc_chip_11cxx_lib/Release/liblpc_chip_11cxx_lib.a(clock_11xx.o)
                0x000022dc                Chip_Clock_GetSystemPLLOutClockRate
 .text.Chip_Clock_GetMainClockRate
                0x000022f4       0x34 /home/kevin/lpcxpresso/lpc_chip_11cxx_lib/Release/liblpc_chip_11cxx_lib.a(clock_11xx.o)
                0x000022f4                Chip_Clock_GetMainClockRate
 .text.Chip_Clock_GetSystemClockRate
                0x00002328       0x14 /home/kevin/lpcxpresso/lpc_chip_11cxx_lib/Release/liblpc_chip_11cxx_lib.a(clock_11xx.o)
                0x00002328                Chip_Clock_GetSystemClockRate
 .text.Chip_SYSCTL_PowerDown
                0x0000233c       0x1c /home/kevin/lpcxpresso/lpc_chip_11cxx_lib/Release/liblpc_chip_11cxx_lib.a(sysctl_11xx.o)
                0x0000233c                Chip_SYSCTL_PowerDown
 .text.Chip_SYSCTL_PowerUp
                0x00002358       0x24 /home/kevin/lpcxpresso/lpc_chip_11cxx_lib/Release/liblpc_chip_11cxx_lib.a(sysctl_11xx.o)
                0x00002358                Chip_SYSCTL_PowerUp
 .text.Chip_SystemInit
                0x0000237c       0x58 /home/kevin/lpcxpresso/lpc_chip_11cxx_lib/Release/liblpc_chip_11cxx_lib.a(sysinit_11xx.o)
                0x0000237c                Chip_SystemInit
 .text.Chip_TIMER_Init
                0x000023d4       0x40 /home/kevin/lpcxpresso/lpc_chip_11cxx_lib/Release/liblpc_chip_11cxx_lib.a(timer_11xx.o)
                0x000023d4                Chip_TIMER_Init
 .text.Chip_TIMER_Reset
                0x00002414       0x18 /home/kevin/lpcxpresso/lpc_chip_11cxx_lib/Release/liblpc_chip_11cxx_lib.a(timer_11xx.o)
                0x00002414                Chip_TIMER_Reset
 .text.Chip_UART_Send
                0x0000242c       0x1a /home/kevin/lpcxpresso/lpc_chip_11cxx_lib/Release/liblpc_chip_11cxx_lib.a(uart_11xx.o)
                0x0000242c                Chip_UART_Send
 .text.Chip_UART_SendBlocking
                0x00002446       0x24 /home/kevin/lpcxpresso/lpc_chip_11cxx_lib/Release/liblpc_chip_11cxx_lib.a(uart_11xx.o)
                0x00002446                Chip_UART_SendBlocking
 .text.Chip_UART_Read
                0x0000246a       0x1a /home/kevin/lpcxpresso/lpc_chip_11cxx_lib/Release/liblpc_chip_11cxx_lib.a(uart_11xx.o)
                0x0000246a                Chip_UART_Read
 .text.__weak_main
                0x00002484        0x8 /usr/local/lpcxpresso_7.1.1_125/lpcxpresso/tools/bin/../lib/gcc/arm-none-eabi/4.8.3/../../../../arm-none-eabi/lib/armv6-m/libcr_c.a(__weak__main.o)
                0x00002484                __main
                0x00002484                __weak_main
 .text.no_fp_display
                0x0000248c        0x4 /usr/local/lpcxpresso_7.1.1_125/lpcxpresso/tools/bin/../lib/gcc/arm-none-eabi/4.8.3/../../../../arm-none-eabi/lib/armv6-m/libcr_c.a(printf.o)
 .text.__vfprintf
                0x00002490      0xd4c /usr/local/lpcxpresso_7.1.1_125/lpcxpresso/tools/bin/../lib/gcc/arm-none-eabi/4.8.3/../../../../arm-none-eabi/lib/armv6-m/libcr_c.a(printf.o)
                0x00002490                __vfprintf
 .text._snprintf
                0x000031dc       0x6c /usr/local/lpcxpresso_7.1.1_125/lpcxpresso/tools/bin/../lib/gcc/arm-none-eabi/4.8.3/../../../../arm-none-eabi/lib/armv6-m/libcr_c.a(printf.o)
                0x000031dc                _snprintf
 .text._vsnprintf
                0x00003248       0x5c /usr/local/lpcxpresso_7.1.1_125/lpcxpresso/tools/bin/../lib/gcc/arm-none-eabi/4.8.3/../../../../arm-none-eabi/lib/armv6-m/libcr_c.a(printf.o)
                0x00003248                _vsnprintf
 .text._printf  0x000032a4       0x50 /usr/local/lpcxpresso_7.1.1_125/lpcxpresso/tools/bin/../lib/gcc/arm-none-eabi/4.8.3/../../../../arm-none-eabi/lib/armv6-m/libcr_c.a(printf.o)
                0x000032a4                _printf
 .text.strlen   0x000032f4       0x54 /usr/local/lpcxpresso_7.1.1_125/lpcxpresso/tools/bin/../lib/gcc/arm-none-eabi/4.8.3/../../../../arm-none-eabi/lib/armv6-m/libcr_c.a(strlen.o)
                0x000032f4                strlen
 .text.memset   0x00003348        0x8 /usr/local/lpcxpresso_7.1.1_125/lpcxpresso/tools/bin/../lib/gcc/arm-none-eabi/4.8.3/../../../../arm-none-eabi/lib/armv6-m/libcr_c.a(memset.o)
                0x00003348                memset
 .text._deferredlazyseek
                0x00003350       0x44 /usr/local/lpcxpresso_7.1.1_125/lpcxpresso/tools/bin/../lib/gcc/arm-none-eabi/4.8.3/../../../../arm-none-eabi/lib/armv6-m/libcr_c.a(_deferredlazyseek.o)
                0x00003350                _deferredlazyseek
 .text.__flsbuf
                0x00003394      0x154 /usr/local/lpcxpresso_7.1.1_125/lpcxpresso/tools/bin/../lib/gcc/arm-none-eabi/4.8.3/../../../../arm-none-eabi/lib/armv6-m/libcr_c.a(_deferredlazyseek.o)
                0x00003394                __flsbuf
 .text._fflush  0x000034e8       0x64 /usr/local/lpcxpresso_7.1.1_125/lpcxpresso/tools/bin/../lib/gcc/arm-none-eabi/4.8.3/../../../../arm-none-eabi/lib/armv6-m/libcr_c.a(_fflush.o)
                0x000034e8                _fflush
 .text._Cwritebuf
                0x0000354c       0x6c /usr/local/lpcxpresso_7.1.1_125/lpcxpresso/tools/bin/../lib/gcc/arm-none-eabi/4.8.3/../../../../arm-none-eabi/lib/armv6-m/libcr_c.a(_writebuf.o)
                0x0000354c                _Cwritebuf
 .text.malloc   0x000035b8       0xc0 /usr/local/lpcxpresso_7.1.1_125/lpcxpresso/tools/bin/../lib/gcc/arm-none-eabi/4.8.3/../../../../arm-none-eabi/lib/armv6-m/libcr_c.a(alloc.o)
                0x000035b8                malloc
 .text.free     0x00003678        0xe /usr/local/lpcxpresso_7.1.1_125/lpcxpresso/tools/bin/../lib/gcc/arm-none-eabi/4.8.3/../../../../arm-none-eabi/lib/armv6-m/libcr_c.a(alloc.o)
                0x00003678                free
 *fill*         0x00003686        0x2 
 .text._Csys_alloc
                0x00003688       0x20 /usr/local/lpcxpresso_7.1.1_125/lpcxpresso/tools/bin/../lib/gcc/arm-none-eabi/4.8.3/../../../../arm-none-eabi/lib/armv6-m/libcr_c.a(alloc.o)
                0x00003688                _Csys_alloc
 .text.fseek    0x000036a8       0xf8 /usr/local/lpcxpresso_7.1.1_125/lpcxpresso/tools/bin/../lib/gcc/arm-none-eabi/4.8.3/../../../../arm-none-eabi/lib/armv6-m/libcr_c.a(fseek.o)
                0x000036a8                fseek
 .text.ftell    0x000037a0       0x4c /usr/local/lpcxpresso_7.1.1_125/lpcxpresso/tools/bin/../lib/gcc/arm-none-eabi/4.8.3/../../../../arm-none-eabi/lib/armv6-m/libcr_c.a(ftell.o)
                0x000037a0                ftell
 .text._sbrk    0x000037ec       0x40 /usr/local/lpcxpresso_7.1.1_125/lpcxpresso/tools/bin/../lib/gcc/arm-none-eabi/4.8.3/../../../../arm-none-eabi/lib/armv6-m/libcr_c.a(_cr_sbrk.o)
                0x000037ec                _sbrk
 .text.__check_heap_overflow
                0x0000382c       0x2c /usr/local/lpcxpresso_7.1.1_125/lpcxpresso/tools/bin/../lib/gcc/arm-none-eabi/4.8.3/../../../../arm-none-eabi/lib/armv6-m/libcr_c.a(_cr_check_heap.o)
                0x0000382c                __check_heap_overflow
 .text.__aeabi_division_idivmod
                0x00003858       0x78 /usr/local/lpcxpresso_7.1.1_125/lpcxpresso/tools/bin/../lib/gcc/arm-none-eabi/4.8.3/armv6-m/libcr_eabihelpers.a(division_32.o)
                0x00003858                __aeabi_idiv
                0x00003858                __aeabi_idivmod
                0x0000385e                __aeabi_uidiv
                0x0000385e                __aeabi_uidivmod
 .text.__aeabi_division_idiv0
                0x000038d0        0x2 /usr/local/lpcxpresso_7.1.1_125/lpcxpresso/tools/bin/../lib/gcc/arm-none-eabi/4.8.3/armv6-m/libcr_eabihelpers.a(division_idiv0.o)
                0x000038d0                __aeabi_idiv0
 *fill*         0x000038d2        0x6 
 .text.__aeabi_dmul
                0x000038d8      0x188 /usr/local/lpcxpresso_7.1.1_125/lpcxpresso/tools/bin/../lib/gcc/arm-none-eabi/4.8.3/armv6-m/libcr_eabihelpers.a(double.o)
                0x000038d8                __aeabi_dmul
 .text.__aeabi_ddiv
                0x00003a60      0x160 /usr/local/lpcxpresso_7.1.1_125/lpcxpresso/tools/bin/../lib/gcc/arm-none-eabi/4.8.3/armv6-m/libcr_eabihelpers.a(double.o)
                0x00003a60                __aeabi_ddiv
 .text.__aeabi_dsub
                0x00003bc0      0x1e8 /usr/local/lpcxpresso_7.1.1_125/lpcxpresso/tools/bin/../lib/gcc/arm-none-eabi/4.8.3/armv6-m/libcr_eabihelpers.a(double.o)
                0x00003bc0                __aeabi_dsub
 .text.__aeabi_dadd
                0x00003da8      0x148 /usr/local/lpcxpresso_7.1.1_125/lpcxpresso/tools/bin/../lib/gcc/arm-none-eabi/4.8.3/armv6-m/libcr_eabihelpers.a(double.o)
                0x00003da8                __aeabi_dadd
 .text.__aeabi_d2iz
                0x00003ef0       0x48 /usr/local/lpcxpresso_7.1.1_125/lpcxpresso/tools/bin/../lib/gcc/arm-none-eabi/4.8.3/armv6-m/libcr_eabihelpers.a(double.o)
                0x00003ef0                __aeabi_d2iz
 .text.__bhs_ui2d
                0x00003f38       0x5e /usr/local/lpcxpresso_7.1.1_125/lpcxpresso/tools/bin/../lib/gcc/arm-none-eabi/4.8.3/armv6-m/libcr_eabihelpers.a(double.o)
                0x00003f38                __bhs_ui2d
 .text.__aeabi_i2d
                0x00003f96       0x16 /usr/local/lpcxpresso_7.1.1_125/lpcxpresso/tools/bin/../lib/gcc/arm-none-eabi/4.8.3/armv6-m/libcr_eabihelpers.a(double.o)
                0x00003f96                __aeabi_i2d
 .text.__aeabi_fmul
                0x00003fac       0xc8 /usr/local/lpcxpresso_7.1.1_125/lpcxpresso/tools/bin/../lib/gcc/arm-none-eabi/4.8.3/armv6-m/libcr_eabihelpers.a(float.o)
                0x00003fac                __aeabi_fmul
 .text.__bhs_ui2f
                0x00004074       0x60 /usr/local/lpcxpresso_7.1.1_125/lpcxpresso/tools/bin/../lib/gcc/arm-none-eabi/4.8.3/armv6-m/libcr_eabihelpers.a(float.o)
                0x00004074                __bhs_ui2f
 .text.__aeabi_i2f
                0x000040d4       0x16 /usr/local/lpcxpresso_7.1.1_125/lpcxpresso/tools/bin/../lib/gcc/arm-none-eabi/4.8.3/armv6-m/libcr_eabihelpers.a(float.o)
                0x000040d4                __aeabi_i2f
 *fill*         0x000040ea        0x2 
 .text.__aeabi_f2d
                0x000040ec       0x3c /usr/local/lpcxpresso_7.1.1_125/lpcxpresso/tools/bin/../lib/gcc/arm-none-eabi/4.8.3/armv6-m/libcr_eabihelpers.a(float.o)
                0x000040ec                __aeabi_f2d
 .text.__aeabi_llong_lmul
                0x00004128       0x2e /usr/local/lpcxpresso_7.1.1_125/lpcxpresso/tools/bin/../lib/gcc/arm-none-eabi/4.8.3/armv6-m/libcr_eabihelpers.a(llong.o)
                0x00004128                __aeabi_lmul
 .text.__aeabi_memset_lowlevel
                0x00004156       0x2a /usr/local/lpcxpresso_7.1.1_125/lpcxpresso/tools/bin/../lib/gcc/arm-none-eabi/4.8.3/armv6-m/libcr_eabihelpers.a(memcpy.o)
                0x00004156                __aeabi_lowlevel_memset
 .text.__gnu_thumb1_case_uqi
                0x00004180       0x10 /usr/local/lpcxpresso_7.1.1_125/lpcxpresso/tools/bin/../lib/gcc/arm-none-eabi/4.8.3/armv6-m/libcr_eabihelpers.a(thumb1_switch_helpers.o)
                0x00004180                __gnu_thumb1_case_uqi
 *(.rodata .rodata.* .constdata .constdata.*)
 .rodata.OscRateIn
                0x00004190        0x4 ./src/board.o
                0x00004190                OscRateIn
 .rodata.str1.1
                0x00004194       0x52 ./src/board.o
 .rodata.str1.1
                0x000041e6        0x5 ./src/ccan_rom.o
 .rodata.microSDTestData
                0x000041eb      0x400 ./src/ff.o
                0x000041eb                microSDTestData
 .rodata.str1.1
                0x000045eb       0x4c ./src/ff.o
 .rodata.microRestartedMsg
                0x00004637       0x40 ./src/ff.o
                0x00004637                microRestartedMsg
 *fill*         0x00004677        0x1 
 .rodata        0x00004678       0x20 ./src/main.o
 .rodata.str1.1
                0x00004698       0x48 ./src/main.o
 .rodata.wdtOSCRate
                0x000046e0       0x40 /home/kevin/lpcxpresso/lpc_chip_11cxx_lib/Release/liblpc_chip_11cxx_lib.a(clock_11xx.o)
 .rodata.str1.1
                0x00004720       0x33 /usr/local/lpcxpresso_7.1.1_125/lpcxpresso/tools/bin/../lib/gcc/arm-none-eabi/4.8.3/../../../../arm-none-eabi/lib/armv6-m/libcr_c.a(printf.o)
                                 0x38 (size before relaxing)
 .rodata.str1.1
                0x00004753       0x18 /usr/local/lpcxpresso_7.1.1_125/lpcxpresso/tools/bin/../lib/gcc/arm-none-eabi/4.8.3/../../../../arm-none-eabi/lib/armv6-m/libcr_c.a(alloc.o)
                0x0000476c                . = ALIGN (0x4)
 *fill*         0x0000476b        0x1 ff

.glue_7         0x0000476c        0x0
 .glue_7        0x00000000        0x0 linker stubs

.glue_7t        0x0000476c        0x0
 .glue_7t       0x00000000        0x0 linker stubs

.vfp11_veneer   0x0000476c        0x0
 .vfp11_veneer  0x00000000        0x0 linker stubs

.v4_bx          0x0000476c        0x0
 .v4_bx         0x00000000        0x0 linker stubs

.iplt           0x0000476c        0x0
 .iplt          0x00000000        0x0 ./src/board.o

.rel.dyn        0x0000476c        0x0
 .rel.iplt      0x00000000        0x0 ./src/board.o

.ARM.extab
 *(.ARM.extab* .gnu.linkonce.armextab.*)
                0x0000476c                __exidx_start = .

.ARM.exidx
 *(.ARM.exidx* .gnu.linkonce.armexidx.*)
                0x0000476c                __exidx_end = .
                0x0000476c                _etext = .

.uninit_RESERVED
                0x10000100        0x0
 *(.bss.$RESERVED*)
                0x10000100                . = ALIGN (0x4)
                0x10000100                _end_uninit_RESERVED = .

.data           0x10000100        0xc load address 0x0000476c
 FILL mask 0xff
                0x10000100                _data = .
 *(vtable)
 *(.ramfunc*)
 *(.data*)
 .data.testfilename
                0x10000100        0x4 ./src/ff.o
                0x10000100                testfilename
 .data.read_character
                0x10000104        0x4 ./src/main.o
                0x10000104                read_character
 .data.Stat     0x10000108        0x1 ./src/mmc.o
                0x1000010c                . = ALIGN (0x4)
 *fill*         0x10000109        0x3 ff
                0x1000010c                _edata = .

.igot.plt       0x1000010c        0x0 load address 0x00004778
 .igot.plt      0x00000000        0x0 ./src/board.o

.bss            0x1000010c      0x80c load address 0x00004778
                0x1000010c                _bss = .
 *(.bss*)
 .bss.dataADC   0x1000010c        0x2 ./src/board.o
                0x1000010c                dataADC
 .bss.Fsid      0x1000010e        0x2 ./src/ff.o
 .bss.FatFs     0x10000110        0x4 ./src/ff.o
 .bss.i         0x10000114        0x4 ./src/main.o
                0x10000114                i
 .bss.Timer1    0x10000118        0x4 ./src/mmc.o
 .bss.Timer2    0x1000011c        0x4 ./src/mmc.o
 .bss.CardType  0x10000120        0x1 ./src/mmc.o
 *fill*         0x10000121        0x3 
 .bss.errno     0x10000124        0x4 /usr/local/lpcxpresso_7.1.1_125/lpcxpresso/tools/bin/../lib/gcc/arm-none-eabi/4.8.3/../../../../arm-none-eabi/lib/armv6-m/libcr_c.a(errno.o)
                0x10000124                errno
 *(COMMON)
 COMMON         0x10000128       0x1c ./src/board.o
                0x10000128                s1
                0x1000012c                lcdBuffer
                0x1000013c                msTicks
                0x10000140                secondTicks
 COMMON         0x10000144       0x14 ./src/ccan_rom.o
                0x10000144                msg_obj
 COMMON         0x10000158      0x678 ./src/ff.o
                0x10000158                Fatfs
                0x10000388                sdbuffer
                0x10000788                File
 COMMON         0x100007d0      0x140 /usr/local/lpcxpresso_7.1.1_125/lpcxpresso/tools/bin/../lib/gcc/arm-none-eabi/4.8.3/../../../../arm-none-eabi/lib/armv6-m/libcr_c.a(stdio.o)
                0x100007d0                __Ciob
 COMMON         0x10000910        0x8 /usr/local/lpcxpresso_7.1.1_125/lpcxpresso/tools/bin/../lib/gcc/arm-none-eabi/4.8.3/../../../../arm-none-eabi/lib/armv6-m/libcr_c.a(__init_alloc.o)
                0x10000910                __heaps
                0x10000914                __end_of_heap
                0x10000918                . = ALIGN (0x4)
                0x10000918                _ebss = .
                0x10000918                PROVIDE (end, .)

.noinit         0x10000918        0x0 load address 0x00004778
                0x10000918                _noinit = .
 *(.noinit*)
                0x10000918                . = ALIGN (0x4)
                0x10000918                _end_noinit = .
                0x10000918                PROVIDE (_pvHeapStart, .)
                0x10002000                PROVIDE (_vStackTop, (__top_RamLoc8 - 0x0))
OUTPUT(obd2.axf elf32-littlearm)

.debug_info     0x00000000     0xc336
 .debug_info    0x00000000     0x28e9 ./src/board.o
 .debug_info    0x000028e9      0xba5 ./src/ccan_rom.o
 .debug_info    0x0000348e      0x230 ./src/cr_startup_lpc11xx.o
 .debug_info    0x000036be     0x1edf ./src/ff.o
 .debug_info    0x0000559d      0xe0d ./src/main.o
 .debug_info    0x000063aa     0x1537 ./src/mmc.o
 .debug_info    0x000078e1      0x1dc ./src/rtc.o
 .debug_info    0x00007abd       0xc3 ./src/sysinit.o
 .debug_info    0x00007b80      0x7da ./src/systick.o
 .debug_info    0x0000835a      0xe0b /home/kevin/lpcxpresso/lpc_chip_11cxx_lib/Release/liblpc_chip_11cxx_lib.a(adc_11xx.o)
 .debug_info    0x00009165      0x8e7 /home/kevin/lpcxpresso/lpc_chip_11cxx_lib/Release/liblpc_chip_11cxx_lib.a(clock_11xx.o)
 .debug_info    0x00009a4c      0x585 /home/kevin/lpcxpresso/lpc_chip_11cxx_lib/Release/liblpc_chip_11cxx_lib.a(sysctl_11xx.o)
 .debug_info    0x00009fd1      0x8e4 /home/kevin/lpcxpresso/lpc_chip_11cxx_lib/Release/liblpc_chip_11cxx_lib.a(sysinit_11xx.o)
 .debug_info    0x0000a8b5      0x840 /home/kevin/lpcxpresso/lpc_chip_11cxx_lib/Release/liblpc_chip_11cxx_lib.a(timer_11xx.o)
 .debug_info    0x0000b0f5     0x1241 /home/kevin/lpcxpresso/lpc_chip_11cxx_lib/Release/liblpc_chip_11cxx_lib.a(uart_11xx.o)

.debug_abbrev   0x00000000     0x2371
 .debug_abbrev  0x00000000      0x4da ./src/board.o
 .debug_abbrev  0x000004da      0x23b ./src/ccan_rom.o
 .debug_abbrev  0x00000715       0xe5 ./src/cr_startup_lpc11xx.o
 .debug_abbrev  0x000007fa      0x324 ./src/ff.o
 .debug_abbrev  0x00000b1e      0x338 ./src/main.o
 .debug_abbrev  0x00000e56      0x395 ./src/mmc.o
 .debug_abbrev  0x000011eb       0xfb ./src/rtc.o
 .debug_abbrev  0x000012e6       0x85 ./src/sysinit.o
 .debug_abbrev  0x0000136b      0x2d4 ./src/systick.o
 .debug_abbrev  0x0000163f      0x317 /home/kevin/lpcxpresso/lpc_chip_11cxx_lib/Release/liblpc_chip_11cxx_lib.a(adc_11xx.o)
 .debug_abbrev  0x00001956      0x243 /home/kevin/lpcxpresso/lpc_chip_11cxx_lib/Release/liblpc_chip_11cxx_lib.a(clock_11xx.o)
 .debug_abbrev  0x00001b99       0xcb /home/kevin/lpcxpresso/lpc_chip_11cxx_lib/Release/liblpc_chip_11cxx_lib.a(sysctl_11xx.o)
 .debug_abbrev  0x00001c64      0x20a /home/kevin/lpcxpresso/lpc_chip_11cxx_lib/Release/liblpc_chip_11cxx_lib.a(sysinit_11xx.o)
 .debug_abbrev  0x00001e6e      0x1e9 /home/kevin/lpcxpresso/lpc_chip_11cxx_lib/Release/liblpc_chip_11cxx_lib.a(timer_11xx.o)
 .debug_abbrev  0x00002057      0x31a /home/kevin/lpcxpresso/lpc_chip_11cxx_lib/Release/liblpc_chip_11cxx_lib.a(uart_11xx.o)

.debug_loc      0x00000000     0x5a11
 .debug_loc     0x00000000      0x8c9 ./src/board.o
 .debug_loc     0x000008c9      0x1bc ./src/ccan_rom.o
 .debug_loc     0x00000a85      0x1bb ./src/cr_startup_lpc11xx.o
 .debug_loc     0x00000c40     0x2960 ./src/ff.o
 .debug_loc     0x000035a0       0x5d ./src/main.o
 .debug_loc     0x000035fd      0xccd ./src/mmc.o
 .debug_loc     0x000042ca       0x42 ./src/rtc.o
 .debug_loc     0x0000430c      0x102 ./src/systick.o
 .debug_loc     0x0000440e      0x814 /home/kevin/lpcxpresso/lpc_chip_11cxx_lib/Release/liblpc_chip_11cxx_lib.a(adc_11xx.o)
 .debug_loc     0x00004c22      0x16c /home/kevin/lpcxpresso/lpc_chip_11cxx_lib/Release/liblpc_chip_11cxx_lib.a(clock_11xx.o)
 .debug_loc     0x00004d8e       0xd0 /home/kevin/lpcxpresso/lpc_chip_11cxx_lib/Release/liblpc_chip_11cxx_lib.a(sysctl_11xx.o)
 .debug_loc     0x00004e5e       0x18 /home/kevin/lpcxpresso/lpc_chip_11cxx_lib/Release/liblpc_chip_11cxx_lib.a(sysinit_11xx.o)
 .debug_loc     0x00004e76      0x184 /home/kevin/lpcxpresso/lpc_chip_11cxx_lib/Release/liblpc_chip_11cxx_lib.a(timer_11xx.o)
 .debug_loc     0x00004ffa      0xa17 /home/kevin/lpcxpresso/lpc_chip_11cxx_lib/Release/liblpc_chip_11cxx_lib.a(uart_11xx.o)

.debug_aranges  0x00000000      0x520
 .debug_aranges
                0x00000000       0xa8 ./src/board.o
 .debug_aranges
                0x000000a8       0x40 ./src/ccan_rom.o
 .debug_aranges
                0x000000e8       0x60 ./src/cr_startup_lpc11xx.o
 .debug_aranges
                0x00000148       0xa8 ./src/ff.o
 .debug_aranges
                0x000001f0       0x28 ./src/main.o
 .debug_aranges
                0x00000218       0x80 ./src/mmc.o
 .debug_aranges
                0x00000298       0x38 ./src/rtc.o
 .debug_aranges
                0x000002d0       0x20 ./src/sysinit.o
 .debug_aranges
                0x000002f0       0x38 ./src/systick.o
 .debug_aranges
                0x00000328       0x80 /home/kevin/lpcxpresso/lpc_chip_11cxx_lib/Release/liblpc_chip_11cxx_lib.a(adc_11xx.o)
 .debug_aranges
                0x000003a8       0x68 /home/kevin/lpcxpresso/lpc_chip_11cxx_lib/Release/liblpc_chip_11cxx_lib.a(clock_11xx.o)
 .debug_aranges
                0x00000410       0x38 /home/kevin/lpcxpresso/lpc_chip_11cxx_lib/Release/liblpc_chip_11cxx_lib.a(sysctl_11xx.o)
 .debug_aranges
                0x00000448       0x20 /home/kevin/lpcxpresso/lpc_chip_11cxx_lib/Release/liblpc_chip_11cxx_lib.a(sysinit_11xx.o)
 .debug_aranges
                0x00000468       0x38 /home/kevin/lpcxpresso/lpc_chip_11cxx_lib/Release/liblpc_chip_11cxx_lib.a(timer_11xx.o)
 .debug_aranges
                0x000004a0       0x80 /home/kevin/lpcxpresso/lpc_chip_11cxx_lib/Release/liblpc_chip_11cxx_lib.a(uart_11xx.o)

.debug_ranges   0x00000000      0xb10
 .debug_ranges  0x00000000      0x340 ./src/board.o
 .debug_ranges  0x00000340       0x48 ./src/ccan_rom.o
 .debug_ranges  0x00000388       0x50 ./src/cr_startup_lpc11xx.o
 .debug_ranges  0x000003d8      0x168 ./src/ff.o
 .debug_ranges  0x00000540       0x78 ./src/main.o
 .debug_ranges  0x000005b8      0x100 ./src/mmc.o
 .debug_ranges  0x000006b8       0x28 ./src/rtc.o
 .debug_ranges  0x000006e0       0x10 ./src/sysinit.o
 .debug_ranges  0x000006f0       0x90 ./src/systick.o
 .debug_ranges  0x00000780       0xf0 /home/kevin/lpcxpresso/lpc_chip_11cxx_lib/Release/liblpc_chip_11cxx_lib.a(adc_11xx.o)
 .debug_ranges  0x00000870       0x70 /home/kevin/lpcxpresso/lpc_chip_11cxx_lib/Release/liblpc_chip_11cxx_lib.a(clock_11xx.o)
 .debug_ranges  0x000008e0       0x28 /home/kevin/lpcxpresso/lpc_chip_11cxx_lib/Release/liblpc_chip_11cxx_lib.a(sysctl_11xx.o)
 .debug_ranges  0x00000908       0x60 /home/kevin/lpcxpresso/lpc_chip_11cxx_lib/Release/liblpc_chip_11cxx_lib.a(sysinit_11xx.o)
 .debug_ranges  0x00000968       0x28 /home/kevin/lpcxpresso/lpc_chip_11cxx_lib/Release/liblpc_chip_11cxx_lib.a(timer_11xx.o)
 .debug_ranges  0x00000990      0x180 /home/kevin/lpcxpresso/lpc_chip_11cxx_lib/Release/liblpc_chip_11cxx_lib.a(uart_11xx.o)

.debug_line     0x00000000     0x2682
 .debug_line    0x00000000      0x66f ./src/board.o
 .debug_line    0x0000066f      0x1ba ./src/ccan_rom.o
 .debug_line    0x00000829       0x97 ./src/cr_startup_lpc11xx.o
 .debug_line    0x000008c0      0x75f ./src/ff.o
 .debug_line    0x0000101f      0x26a ./src/main.o
 .debug_line    0x00001289      0x425 ./src/mmc.o
 .debug_line    0x000016ae      0x127 ./src/rtc.o
 .debug_line    0x000017d5       0xc6 ./src/sysinit.o
 .debug_line    0x0000189b      0x1f2 ./src/systick.o
 .debug_line    0x00001a8d      0x299 /home/kevin/lpcxpresso/lpc_chip_11cxx_lib/Release/liblpc_chip_11cxx_lib.a(adc_11xx.o)
 .debug_line    0x00001d26      0x1e0 /home/kevin/lpcxpresso/lpc_chip_11cxx_lib/Release/liblpc_chip_11cxx_lib.a(clock_11xx.o)
 .debug_line    0x00001f06      0x11d /home/kevin/lpcxpresso/lpc_chip_11cxx_lib/Release/liblpc_chip_11cxx_lib.a(sysctl_11xx.o)
 .debug_line    0x00002023      0x154 /home/kevin/lpcxpresso/lpc_chip_11cxx_lib/Release/liblpc_chip_11cxx_lib.a(sysinit_11xx.o)
 .debug_line    0x00002177      0x16b /home/kevin/lpcxpresso/lpc_chip_11cxx_lib/Release/liblpc_chip_11cxx_lib.a(timer_11xx.o)
 .debug_line    0x000022e2      0x3a0 /home/kevin/lpcxpresso/lpc_chip_11cxx_lib/Release/liblpc_chip_11cxx_lib.a(uart_11xx.o)

.debug_str      0x00000000     0x2ac5
 .debug_str     0x00000000     0x1008 ./src/board.o
                               0x1098 (size before relaxing)
 .debug_str     0x00001008      0x738 ./src/ccan_rom.o
                                0x93f (size before relaxing)
 .debug_str     0x00001740      0x137 ./src/cr_startup_lpc11xx.o
                                0x22e (size before relaxing)
 .debug_str     0x00001877      0x21d ./src/ff.o
                                0x5e8 (size before relaxing)
 .debug_str     0x00001a94       0xfe ./src/main.o
                                0x8cc (size before relaxing)
 .debug_str     0x00001b92      0x1c8 ./src/mmc.o
                                0x721 (size before relaxing)
 .debug_str     0x00001d5a       0x4e ./src/rtc.o
                                0x1ec (size before relaxing)
 .debug_str     0x00001da8       0x21 ./src/sysinit.o
                                0x19c (size before relaxing)
 .debug_str     0x00001dc9       0xa2 ./src/systick.o
                                0x548 (size before relaxing)
 .debug_str     0x00001e6b      0x213 /home/kevin/lpcxpresso/lpc_chip_11cxx_lib/Release/liblpc_chip_11cxx_lib.a(adc_11xx.o)
                                0xa92 (size before relaxing)
 .debug_str     0x0000207e      0x516 /home/kevin/lpcxpresso/lpc_chip_11cxx_lib/Release/liblpc_chip_11cxx_lib.a(clock_11xx.o)
                                0x97b (size before relaxing)
 .debug_str     0x00002594       0x7b /home/kevin/lpcxpresso/lpc_chip_11cxx_lib/Release/liblpc_chip_11cxx_lib.a(sysctl_11xx.o)
                                0x4cb (size before relaxing)
 .debug_str     0x0000260f      0x121 /home/kevin/lpcxpresso/lpc_chip_11cxx_lib/Release/liblpc_chip_11cxx_lib.a(sysinit_11xx.o)
                                0x8b5 (size before relaxing)
 .debug_str     0x00002730      0x101 /home/kevin/lpcxpresso/lpc_chip_11cxx_lib/Release/liblpc_chip_11cxx_lib.a(timer_11xx.o)
                                0x74c (size before relaxing)
 .debug_str     0x00002831      0x294 /home/kevin/lpcxpresso/lpc_chip_11cxx_lib/Release/liblpc_chip_11cxx_lib.a(uart_11xx.o)
                                0x995 (size before relaxing)

.comment        0x00000000       0xe0
 .comment       0x00000000       0x70 ./src/board.o
                                 0x71 (size before relaxing)
 .comment       0x00000000       0x71 ./src/ccan_rom.o
 .comment       0x00000000       0x71 ./src/cr_startup_lpc11xx.o
 .comment       0x00000000       0x71 ./src/ff.o
 .comment       0x00000000       0x71 ./src/main.o
 .comment       0x00000000       0x71 ./src/mmc.o
 .comment       0x00000000       0x71 ./src/rtc.o
 .comment       0x00000000       0x71 ./src/sysinit.o
 .comment       0x00000000       0x71 ./src/systick.o
 .comment       0x00000000       0x71 /home/kevin/lpcxpresso/lpc_chip_11cxx_lib/Release/liblpc_chip_11cxx_lib.a(adc_11xx.o)
 .comment       0x00000000       0x71 /home/kevin/lpcxpresso/lpc_chip_11cxx_lib/Release/liblpc_chip_11cxx_lib.a(clock_11xx.o)
 .comment       0x00000000       0x71 /home/kevin/lpcxpresso/lpc_chip_11cxx_lib/Release/liblpc_chip_11cxx_lib.a(sysctl_11xx.o)
 .comment       0x00000000       0x71 /home/kevin/lpcxpresso/lpc_chip_11cxx_lib/Release/liblpc_chip_11cxx_lib.a(sysinit_11xx.o)
 .comment       0x00000000       0x71 /home/kevin/lpcxpresso/lpc_chip_11cxx_lib/Release/liblpc_chip_11cxx_lib.a(timer_11xx.o)
 .comment       0x00000000       0x71 /home/kevin/lpcxpresso/lpc_chip_11cxx_lib/Release/liblpc_chip_11cxx_lib.a(uart_11xx.o)
 .comment       0x00000070       0x70 /usr/local/lpcxpresso_7.1.1_125/lpcxpresso/tools/bin/../lib/gcc/arm-none-eabi/4.8.3/../../../../arm-none-eabi/lib/armv6-m/libcr_c.a(__weak__main.o)
                                 0x71 (size before relaxing)
 .comment       0x00000000       0x71 /usr/local/lpcxpresso_7.1.1_125/lpcxpresso/tools/bin/../lib/gcc/arm-none-eabi/4.8.3/../../../../arm-none-eabi/lib/armv6-m/libcr_c.a(printf.o)
 .comment       0x00000000       0x71 /usr/local/lpcxpresso_7.1.1_125/lpcxpresso/tools/bin/../lib/gcc/arm-none-eabi/4.8.3/../../../../arm-none-eabi/lib/armv6-m/libcr_c.a(stdio.o)
 .comment       0x00000000       0x71 /usr/local/lpcxpresso_7.1.1_125/lpcxpresso/tools/bin/../lib/gcc/arm-none-eabi/4.8.3/../../../../arm-none-eabi/lib/armv6-m/libcr_c.a(strlen.o)
 .comment       0x00000000       0x71 /usr/local/lpcxpresso_7.1.1_125/lpcxpresso/tools/bin/../lib/gcc/arm-none-eabi/4.8.3/../../../../arm-none-eabi/lib/armv6-m/libcr_c.a(memset.o)
 .comment       0x00000000       0x71 /usr/local/lpcxpresso_7.1.1_125/lpcxpresso/tools/bin/../lib/gcc/arm-none-eabi/4.8.3/../../../../arm-none-eabi/lib/armv6-m/libcr_c.a(_deferredlazyseek.o)
 .comment       0x00000000       0x71 /usr/local/lpcxpresso_7.1.1_125/lpcxpresso/tools/bin/../lib/gcc/arm-none-eabi/4.8.3/../../../../arm-none-eabi/lib/armv6-m/libcr_c.a(_fflush.o)
 .comment       0x00000000       0x71 /usr/local/lpcxpresso_7.1.1_125/lpcxpresso/tools/bin/../lib/gcc/arm-none-eabi/4.8.3/../../../../arm-none-eabi/lib/armv6-m/libcr_c.a(_writebuf.o)
 .comment       0x00000000       0x71 /usr/local/lpcxpresso_7.1.1_125/lpcxpresso/tools/bin/../lib/gcc/arm-none-eabi/4.8.3/../../../../arm-none-eabi/lib/armv6-m/libcr_c.a(alloc.o)
 .comment       0x00000000       0x71 /usr/local/lpcxpresso_7.1.1_125/lpcxpresso/tools/bin/../lib/gcc/arm-none-eabi/4.8.3/../../../../arm-none-eabi/lib/armv6-m/libcr_c.a(fseek.o)
 .comment       0x00000000       0x71 /usr/local/lpcxpresso_7.1.1_125/lpcxpresso/tools/bin/../lib/gcc/arm-none-eabi/4.8.3/../../../../arm-none-eabi/lib/armv6-m/libcr_c.a(ftell.o)
 .comment       0x00000000       0x71 /usr/local/lpcxpresso_7.1.1_125/lpcxpresso/tools/bin/../lib/gcc/arm-none-eabi/4.8.3/../../../../arm-none-eabi/lib/armv6-m/libcr_c.a(__init_alloc.o)
 .comment       0x00000000       0x71 /usr/local/lpcxpresso_7.1.1_125/lpcxpresso/tools/bin/../lib/gcc/arm-none-eabi/4.8.3/../../../../arm-none-eabi/lib/armv6-m/libcr_c.a(_cr_sbrk.o)
 .comment       0x00000000       0x71 /usr/local/lpcxpresso_7.1.1_125/lpcxpresso/tools/bin/../lib/gcc/arm-none-eabi/4.8.3/../../../../arm-none-eabi/lib/armv6-m/libcr_c.a(errno.o)
 .comment       0x00000000       0x71 /usr/local/lpcxpresso_7.1.1_125/lpcxpresso/tools/bin/../lib/gcc/arm-none-eabi/4.8.3/../../../../arm-none-eabi/lib/armv6-m/libcr_c.a(_cr_check_heap.o)
 .comment       0x00000000       0x71 /usr/local/lpcxpresso_7.1.1_125/lpcxpresso/tools/bin/../lib/gcc/arm-none-eabi/4.8.3/armv6-m/libcr_eabihelpers.a(double.o)
 .comment       0x00000000       0x71 /usr/local/lpcxpresso_7.1.1_125/lpcxpresso/tools/bin/../lib/gcc/arm-none-eabi/4.8.3/armv6-m/libcr_eabihelpers.a(float.o)

.ARM.attributes
                0x00000000       0x2f
 .ARM.attributes
                0x00000000       0x31 ./src/board.o
 .ARM.attributes
                0x00000031       0x31 ./src/ccan_rom.o
 .ARM.attributes
                0x00000062       0x31 ./src/cr_startup_lpc11xx.o
 .ARM.attributes
                0x00000093       0x31 ./src/ff.o
 .ARM.attributes
                0x000000c4       0x31 ./src/main.o
 .ARM.attributes
                0x000000f5       0x31 ./src/mmc.o
 .ARM.attributes
                0x00000126       0x31 ./src/rtc.o
 .ARM.attributes
                0x00000157       0x31 ./src/sysinit.o
 .ARM.attributes
                0x00000188       0x31 ./src/systick.o
 .ARM.attributes
                0x000001b9       0x31 /home/kevin/lpcxpresso/lpc_chip_11cxx_lib/Release/liblpc_chip_11cxx_lib.a(adc_11xx.o)
 .ARM.attributes
                0x000001ea       0x31 /home/kevin/lpcxpresso/lpc_chip_11cxx_lib/Release/liblpc_chip_11cxx_lib.a(clock_11xx.o)
 .ARM.attributes
                0x0000021b       0x31 /home/kevin/lpcxpresso/lpc_chip_11cxx_lib/Release/liblpc_chip_11cxx_lib.a(sysctl_11xx.o)
 .ARM.attributes
                0x0000024c       0x31 /home/kevin/lpcxpresso/lpc_chip_11cxx_lib/Release/liblpc_chip_11cxx_lib.a(sysinit_11xx.o)
 .ARM.attributes
                0x0000027d       0x31 /home/kevin/lpcxpresso/lpc_chip_11cxx_lib/Release/liblpc_chip_11cxx_lib.a(timer_11xx.o)
 .ARM.attributes
                0x000002ae       0x31 /home/kevin/lpcxpresso/lpc_chip_11cxx_lib/Release/liblpc_chip_11cxx_lib.a(uart_11xx.o)
 .ARM.attributes
                0x000002df       0x31 /usr/local/lpcxpresso_7.1.1_125/lpcxpresso/tools/bin/../lib/gcc/arm-none-eabi/4.8.3/../../../../arm-none-eabi/lib/armv6-m/libcr_c.a(__weak__main.o)
 .ARM.attributes
                0x00000310       0x31 /usr/local/lpcxpresso_7.1.1_125/lpcxpresso/tools/bin/../lib/gcc/arm-none-eabi/4.8.3/../../../../arm-none-eabi/lib/armv6-m/libcr_c.a(printf.o)
 .ARM.attributes
                0x00000341       0x31 /usr/local/lpcxpresso_7.1.1_125/lpcxpresso/tools/bin/../lib/gcc/arm-none-eabi/4.8.3/../../../../arm-none-eabi/lib/armv6-m/libcr_c.a(stdio.o)
 .ARM.attributes
                0x00000372       0x31 /usr/local/lpcxpresso_7.1.1_125/lpcxpresso/tools/bin/../lib/gcc/arm-none-eabi/4.8.3/../../../../arm-none-eabi/lib/armv6-m/libcr_c.a(strlen.o)
 .ARM.attributes
                0x000003a3       0x31 /usr/local/lpcxpresso_7.1.1_125/lpcxpresso/tools/bin/../lib/gcc/arm-none-eabi/4.8.3/../../../../arm-none-eabi/lib/armv6-m/libcr_c.a(memset.o)
 .ARM.attributes
                0x000003d4       0x31 /usr/local/lpcxpresso_7.1.1_125/lpcxpresso/tools/bin/../lib/gcc/arm-none-eabi/4.8.3/../../../../arm-none-eabi/lib/armv6-m/libcr_c.a(_deferredlazyseek.o)
 .ARM.attributes
                0x00000405       0x31 /usr/local/lpcxpresso_7.1.1_125/lpcxpresso/tools/bin/../lib/gcc/arm-none-eabi/4.8.3/../../../../arm-none-eabi/lib/armv6-m/libcr_c.a(_fflush.o)
 .ARM.attributes
                0x00000436       0x31 /usr/local/lpcxpresso_7.1.1_125/lpcxpresso/tools/bin/../lib/gcc/arm-none-eabi/4.8.3/../../../../arm-none-eabi/lib/armv6-m/libcr_c.a(_writebuf.o)
 .ARM.attributes
                0x00000467       0x31 /usr/local/lpcxpresso_7.1.1_125/lpcxpresso/tools/bin/../lib/gcc/arm-none-eabi/4.8.3/../../../../arm-none-eabi/lib/armv6-m/libcr_c.a(alloc.o)
 .ARM.attributes
                0x00000498       0x31 /usr/local/lpcxpresso_7.1.1_125/lpcxpresso/tools/bin/../lib/gcc/arm-none-eabi/4.8.3/../../../../arm-none-eabi/lib/armv6-m/libcr_c.a(fseek.o)
 .ARM.attributes
                0x000004c9       0x31 /usr/local/lpcxpresso_7.1.1_125/lpcxpresso/tools/bin/../lib/gcc/arm-none-eabi/4.8.3/../../../../arm-none-eabi/lib/armv6-m/libcr_c.a(ftell.o)
 .ARM.attributes
                0x000004fa       0x31 /usr/local/lpcxpresso_7.1.1_125/lpcxpresso/tools/bin/../lib/gcc/arm-none-eabi/4.8.3/../../../../arm-none-eabi/lib/armv6-m/libcr_c.a(__init_alloc.o)
 .ARM.attributes
                0x0000052b       0x31 /usr/local/lpcxpresso_7.1.1_125/lpcxpresso/tools/bin/../lib/gcc/arm-none-eabi/4.8.3/../../../../arm-none-eabi/lib/armv6-m/libcr_c.a(_cr_sbrk.o)
 .ARM.attributes
                0x0000055c       0x31 /usr/local/lpcxpresso_7.1.1_125/lpcxpresso/tools/bin/../lib/gcc/arm-none-eabi/4.8.3/../../../../arm-none-eabi/lib/armv6-m/libcr_c.a(errno.o)
 .ARM.attributes
                0x0000058d       0x31 /usr/local/lpcxpresso_7.1.1_125/lpcxpresso/tools/bin/../lib/gcc/arm-none-eabi/4.8.3/../../../../arm-none-eabi/lib/armv6-m/libcr_c.a(_cr_check_heap.o)
 .ARM.attributes
                0x000005be       0x21 /usr/local/lpcxpresso_7.1.1_125/lpcxpresso/tools/bin/../lib/gcc/arm-none-eabi/4.8.3/armv6-m/libcr_eabihelpers.a(division_32.o)
 .ARM.attributes
                0x000005df       0x21 /usr/local/lpcxpresso_7.1.1_125/lpcxpresso/tools/bin/../lib/gcc/arm-none-eabi/4.8.3/armv6-m/libcr_eabihelpers.a(division_idiv0.o)
 .ARM.attributes
                0x00000600       0x31 /usr/local/lpcxpresso_7.1.1_125/lpcxpresso/tools/bin/../lib/gcc/arm-none-eabi/4.8.3/armv6-m/libcr_eabihelpers.a(double.o)
 .ARM.attributes
                0x00000631       0x31 /usr/local/lpcxpresso_7.1.1_125/lpcxpresso/tools/bin/../lib/gcc/arm-none-eabi/4.8.3/armv6-m/libcr_eabihelpers.a(float.o)
 .ARM.attributes
                0x00000662       0x21 /usr/local/lpcxpresso_7.1.1_125/lpcxpresso/tools/bin/../lib/gcc/arm-none-eabi/4.8.3/armv6-m/libcr_eabihelpers.a(llong.o)
 .ARM.attributes
                0x00000683       0x21 /usr/local/lpcxpresso_7.1.1_125/lpcxpresso/tools/bin/../lib/gcc/arm-none-eabi/4.8.3/armv6-m/libcr_eabihelpers.a(memcpy.o)
 .ARM.attributes
                0x000006a4       0x21 /usr/local/lpcxpresso_7.1.1_125/lpcxpresso/tools/bin/../lib/gcc/arm-none-eabi/4.8.3/armv6-m/libcr_eabihelpers.a(thumb1_switch_helpers.o)

.debug_frame    0x00000000      0xc2c
 .debug_frame   0x00000000      0x1d8 ./src/board.o
 .debug_frame   0x000001d8       0x90 ./src/ccan_rom.o
 .debug_frame   0x00000268       0xb0 ./src/cr_startup_lpc11xx.o
 .debug_frame   0x00000318      0x220 ./src/ff.o
 .debug_frame   0x00000538       0x48 ./src/main.o
 .debug_frame   0x00000580      0x15c ./src/mmc.o
 .debug_frame   0x000006dc       0x5c ./src/rtc.o
 .debug_frame   0x00000738       0x28 ./src/sysinit.o
 .debug_frame   0x00000760       0x70 ./src/systick.o
 .debug_frame   0x000007d0      0x120 /home/kevin/lpcxpresso/lpc_chip_11cxx_lib/Release/liblpc_chip_11cxx_lib.a(adc_11xx.o)
 .debug_frame   0x000008f0       0xd0 /home/kevin/lpcxpresso/lpc_chip_11cxx_lib/Release/liblpc_chip_11cxx_lib.a(clock_11xx.o)
 .debug_frame   0x000009c0       0x58 /home/kevin/lpcxpresso/lpc_chip_11cxx_lib/Release/liblpc_chip_11cxx_lib.a(sysctl_11xx.o)
 .debug_frame   0x00000a18       0x28 /home/kevin/lpcxpresso/lpc_chip_11cxx_lib/Release/liblpc_chip_11cxx_lib.a(sysinit_11xx.o)
 .debug_frame   0x00000a40       0x60 /home/kevin/lpcxpresso/lpc_chip_11cxx_lib/Release/liblpc_chip_11cxx_lib.a(timer_11xx.o)
 .debug_frame   0x00000aa0      0x18c /home/kevin/lpcxpresso/lpc_chip_11cxx_lib/Release/liblpc_chip_11cxx_lib.a(uart_11xx.o)
