Archive member included because of file (symbol)

/home/kevin/workspace/lpc_chip_11cxx_lib/Release/liblpc_chip_11cxx_lib.a(adc_11xx.o)
                              ./src/board.o (Chip_ADC_Init)
/home/kevin/workspace/lpc_chip_11cxx_lib/Release/liblpc_chip_11cxx_lib.a(chip_11xx.o)
                              ./src/systick.o (SystemCoreClock)
/home/kevin/workspace/lpc_chip_11cxx_lib/Release/liblpc_chip_11cxx_lib.a(clock_11xx.o)
                              ./src/board_sysinit.o (Chip_Clock_SetSystemPLLSource)
/home/kevin/workspace/lpc_chip_11cxx_lib/Release/liblpc_chip_11cxx_lib.a(gpio_11xx_2.o)
                              ./src/board.o (Chip_GPIO_Init)
/home/kevin/workspace/lpc_chip_11cxx_lib/Release/liblpc_chip_11cxx_lib.a(sysctl_11xx.o)
                              ./src/board_sysinit.o (Chip_SYSCTL_PowerDown)
/home/kevin/workspace/lpc_chip_11cxx_lib/Release/liblpc_chip_11cxx_lib.a(sysinit_11xx.o)
                              ./src/sysinit.o (Chip_SystemInit)
/home/kevin/workspace/lpc_chip_11cxx_lib/Release/liblpc_chip_11cxx_lib.a(timer_11xx.o)
                              ./src/board.o (Chip_TIMER_Init)
/home/kevin/workspace/lpc_chip_11cxx_lib/Release/liblpc_chip_11cxx_lib.a(uart_11xx.o)
                              ./src/board.o (Chip_UART_Init)
/home/kevin/workspace/lpc_chip_11cxx_lib/Release/liblpc_chip_11cxx_lib.a(ring_buffer.o)
                              /home/kevin/workspace/lpc_chip_11cxx_lib/Release/liblpc_chip_11cxx_lib.a(uart_11xx.o) (RingBuffer_Insert)
/usr/local/lpcxpresso_7.1.1_125/lpcxpresso/tools/bin/../lib/gcc/arm-none-eabi/4.8.3/../../../../arm-none-eabi/lib/armv6-m/libcr_c.a(memcpy.o)
                              /home/kevin/workspace/lpc_chip_11cxx_lib/Release/liblpc_chip_11cxx_lib.a(ring_buffer.o) (memcpy)
/usr/local/lpcxpresso_7.1.1_125/lpcxpresso/tools/bin/../lib/gcc/arm-none-eabi/4.8.3/../../../../arm-none-eabi/lib/armv6-m/libcr_c.a(__weak__main.o)
                              ./src/cr_startup_lpc11xx.o (__main)
/usr/local/lpcxpresso_7.1.1_125/lpcxpresso/tools/bin/../lib/gcc/arm-none-eabi/4.8.3/../../../../arm-none-eabi/lib/armv6-m/libcr_c.a(printf.o)
                              ./src/board.o (_snprintf)
/usr/local/lpcxpresso_7.1.1_125/lpcxpresso/tools/bin/../lib/gcc/arm-none-eabi/4.8.3/../../../../arm-none-eabi/lib/armv6-m/libcr_c.a(stdio.o)
                              /usr/local/lpcxpresso_7.1.1_125/lpcxpresso/tools/bin/../lib/gcc/arm-none-eabi/4.8.3/../../../../arm-none-eabi/lib/armv6-m/libcr_c.a(printf.o) (__Ciob)
/usr/local/lpcxpresso_7.1.1_125/lpcxpresso/tools/bin/../lib/gcc/arm-none-eabi/4.8.3/../../../../arm-none-eabi/lib/armv6-m/libcr_c.a(strlen.o)
                              ./src/board.o (strlen)
/usr/local/lpcxpresso_7.1.1_125/lpcxpresso/tools/bin/../lib/gcc/arm-none-eabi/4.8.3/../../../../arm-none-eabi/lib/armv6-m/libcr_c.a(memset.o)
                              /usr/local/lpcxpresso_7.1.1_125/lpcxpresso/tools/bin/../lib/gcc/arm-none-eabi/4.8.3/../../../../arm-none-eabi/lib/armv6-m/libcr_c.a(printf.o) (memset)
/usr/local/lpcxpresso_7.1.1_125/lpcxpresso/tools/bin/../lib/gcc/arm-none-eabi/4.8.3/../../../../arm-none-eabi/lib/armv6-m/libcr_c.a(__fillbuf.o)
                              /usr/local/lpcxpresso_7.1.1_125/lpcxpresso/tools/bin/../lib/gcc/arm-none-eabi/4.8.3/../../../../arm-none-eabi/lib/armv6-m/libcr_c.a(stdio.o) (__filbuf)
/usr/local/lpcxpresso_7.1.1_125/lpcxpresso/tools/bin/../lib/gcc/arm-none-eabi/4.8.3/../../../../arm-none-eabi/lib/armv6-m/libcr_c.a(_deferredlazyseek.o)
                              /usr/local/lpcxpresso_7.1.1_125/lpcxpresso/tools/bin/../lib/gcc/arm-none-eabi/4.8.3/../../../../arm-none-eabi/lib/armv6-m/libcr_c.a(__fillbuf.o) (_deferredlazyseek)
/usr/local/lpcxpresso_7.1.1_125/lpcxpresso/tools/bin/../lib/gcc/arm-none-eabi/4.8.3/../../../../arm-none-eabi/lib/armv6-m/libcr_c.a(_fflush.o)
                              /usr/local/lpcxpresso_7.1.1_125/lpcxpresso/tools/bin/../lib/gcc/arm-none-eabi/4.8.3/../../../../arm-none-eabi/lib/armv6-m/libcr_c.a(__fillbuf.o) (_fflush)
/usr/local/lpcxpresso_7.1.1_125/lpcxpresso/tools/bin/../lib/gcc/arm-none-eabi/4.8.3/../../../../arm-none-eabi/lib/armv6-m/libcr_c.a(_writebuf.o)
                              /usr/local/lpcxpresso_7.1.1_125/lpcxpresso/tools/bin/../lib/gcc/arm-none-eabi/4.8.3/../../../../arm-none-eabi/lib/armv6-m/libcr_c.a(_deferredlazyseek.o) (_Cwritebuf)
/usr/local/lpcxpresso_7.1.1_125/lpcxpresso/tools/bin/../lib/gcc/arm-none-eabi/4.8.3/../../../../arm-none-eabi/lib/armv6-m/libcr_c.a(alloc.o)
                              /usr/local/lpcxpresso_7.1.1_125/lpcxpresso/tools/bin/../lib/gcc/arm-none-eabi/4.8.3/../../../../arm-none-eabi/lib/armv6-m/libcr_c.a(printf.o) (malloc)
/usr/local/lpcxpresso_7.1.1_125/lpcxpresso/tools/bin/../lib/gcc/arm-none-eabi/4.8.3/../../../../arm-none-eabi/lib/armv6-m/libcr_c.a(fseek.o)
[...]
Memory Configuration

Name             Origin             Length             Attributes
MFlash32         0x00000000         0x00008000         xr
RamLoc8          0x10000000         0x00002000         xrw
*default*        0x00000000         0xffffffff

Linker script and memory map

LOAD ./src/board.o
LOAD ./src/board_sysinit.o
LOAD ./src/ccan_rom.o
LOAD ./src/cr_startup_lpc11xx.o
LOAD ./src/crp.o
LOAD ./src/ff.o
LOAD ./src/main.o
LOAD ./src/mmc.o
LOAD ./src/rtc.o
LOAD ./src/sysinit.o
LOAD ./src/systick.o
LOAD /home/kevin/workspace/lpc_chip_11cxx_lib/Release/liblpc_chip_11cxx_lib.a
START GROUP
LOAD /usr/local/lpcxpresso_7.1.1_125/lpcxpresso/tools/bin/../lib/gcc/arm-none-eabi/4.8.3/../../../../arm-none-eabi/lib/armv6-m/libcr_c.a
LOAD /usr/local/lpcxpresso_7.1.1_125/lpcxpresso/tools/bin/../lib/gcc/arm-none-eabi/4.8.3/armv6-m/libcr_eabihelpers.a
END GROUP
                0x00008000                __top_MFlash32 = 0x8000
                0x10002000                __top_RamLoc8 = 0x10002000

.text           0x00000000     0x47dc
 FILL mask 0xff
                0x00000000                __vectors_start__ = ABSOLUTE (.)
 *(.isr_vector)
 .isr_vector    0x00000000       0xc0 ./src/cr_startup_lpc11xx.o
                0x00000000                g_pfnVectors
                0x000000c0                . = ALIGN (0x4)
                0x000000c0                __section_table_start = .
                0x000000c0                __data_section_table = .
                0x000000c0        0x4 LONG 0x47dc LOADADDR (.data)
                0x000000c4        0x4 LONG 0x10000000 ADDR (.data)
                0x000000c8        0x4 LONG 0xc SIZEOF (.data)
                0x000000cc                __data_section_table_end = .
                0x000000cc                __bss_section_table = .
                0x000000cc        0x4 LONG 0x1000000c ADDR (.bss)
                0x000000d0        0x4 LONG 0x80c SIZEOF (.bss)
                0x000000d4                __bss_section_table_end = .
                0x000000d4                __section_table_end = .
 *(.after_vectors*)
 .after_vectors
                0x000000d4       0x70 ./src/cr_startup_lpc11xx.o
                0x000000d4                NMI_Handler
                0x000000d6                HardFault_Handler
                0x000000d8                SVC_Handler
                0x000000da                PendSV_Handler
                0x000000de                TIMER16_0_IRQHandler
                0x000000de                UART_IRQHandler
                0x000000de                TIMER32_1_IRQHandler
                0x000000de                IntDefaultHandler
                0x000000de                PIOINT1_IRQHandler
                0x000000de                SSP0_IRQHandler
                0x000000de                TIMER16_1_IRQHandler
                0x000000de                ADC_IRQHandler
                0x000000de                SSP1_IRQHandler
                0x000000de                BOD_IRQHandler
                0x000000de                WAKEUP_IRQHandler
                0x000000de                PIOINT0_IRQHandler
                0x000000de                I2C_IRQHandler
                0x000000de                WDT_IRQHandler
                0x000000de                PIOINT3_IRQHandler
                0x000000e0                data_init
                0x000000f2                bss_init
                0x00000102                ResetISR
 *(.text*)
 .text.Board_SD_Init
                0x00000144       0xec ./src/board.o
 .text.Board_UARTPutChar
                0x00000230       0x18 ./src/board.o
                0x00000230                Board_UARTPutChar
 .text.__sys_write
                0x00000248       0x1a ./src/board.o
                0x00000248                __sys_write
 *fill*         0x00000262        0x2 
 .text.Board_UARTGetChar
                0x00000264       0x24 ./src/board.o
                0x00000264                Board_UARTGetChar
 .text.Board_UARTPutSTR
                0x00000288       0x14 ./src/board.o
                0x00000288                Board_UARTPutSTR
 .text.Board_LCD_Strobe
                0x0000029c       0x18 ./src/board.o
                0x0000029c                Board_LCD_Strobe
 .text.Board_LCD_WriteChar
                0x000002b4       0x60 ./src/board.o
                0x000002b4                Board_LCD_WriteChar
 .text.Board_LCD_WriteString
                0x00000314       0x14 ./src/board.o
                0x00000314                Board_LCD_WriteString
 .text.Board_LCD_cmd
                0x00000328       0x60 ./src/board.o
                0x00000328                Board_LCD_cmd
 .text.Board_Get_Temperature
                0x00000388       0x80 ./src/board.o
                0x00000388                Board_Get_Temperature
 .text.Board_LED_Set
                0x00000408       0x3c ./src/board.o
                0x00000408                Board_LED_Set
 .text.Board_LED_Test
                0x00000444       0x3c ./src/board.o
                0x00000444                Board_LED_Test
 .text.Board_LED_Toggle
                0x00000480       0x50 ./src/board.o
                0x00000480                Board_LED_Toggle
 .text.PIOINT2_IRQHandler
                0x000004d0      0x1bc ./src/board.o
                0x000004d0                PIOINT2_IRQHandler
 .text.baudrateCalculate
                0x0000068c       0x94 ./src/ccan_rom.o
                0x0000068c                baudrateCalculate
 .text.CAN_rx   0x00000720      0x140 ./src/ccan_rom.o
                0x00000720                CAN_rx
 .text.CAN_tx   0x00000860       0x14 ./src/ccan_rom.o
                0x00000860                CAN_tx
 .text.CAN_error
                0x00000874       0x28 ./src/ccan_rom.o
                0x00000874                CAN_error
 .text.CAN_IRQHandler
                0x0000089c       0x24 ./src/ccan_rom.o
                0x0000089c                CAN_IRQHandler
 .text.mem_cpy  0x000008c0       0x12 ./src/ff.o
 .text.move_window
                0x000008d2       0x72 ./src/ff.o
 .text.check_fs
                0x00000944       0xa4 ./src/ff.o
 .text.validate
                0x000009e8       0x28 ./src/ff.o
 .text.clust2sect
                0x00000a10       0x18 ./src/ff.o
                0x00000a10                clust2sect
 .text.get_fat  0x00000a28       0xd8 ./src/ff.o
                0x00000a28                get_fat
 .text.dir_sdi.constprop.5
                0x00000b00       0x70 ./src/ff.o
 .text.put_fat  0x00000b70      0x104 ./src/ff.o
                0x00000b70                put_fat
 .text.create_chain
                0x00000c74       0xa4 ./src/ff.o
 .text.dir_next
                0x00000d18       0xf4 ./src/ff.o
 .text.f_mount  0x00000e0c       0x24 ./src/ff.o
                0x00000e0c                f_mount
 .text.f_open   0x00000e30      0x70c ./src/ff.o
                0x00000e30                f_open
 .text.f_write  0x0000153c      0x1a2 ./src/ff.o
                0x0000153c                f_write
 *fill*         0x000016de        0x2 
 .text.f_sync   0x000016e0      0x164 ./src/ff.o
                0x000016e0                f_sync
 .text.f_close  0x00001844       0x10 ./src/ff.o
                0x00001844                f_close
 .text.f_lseek  0x00001854      0x11a ./src/ff.o
                0x00001854                f_lseek
 *fill*         0x0000196e        0x2 
 .text.TIMER32_0_IRQHandler
                0x00001970       0x84 ./src/main.o
                0x00001970                TIMER32_0_IRQHandler
 .text.startup.main
                0x000019f4       0xe0 ./src/main.o
                0x000019f4                main
 .text.xchg_spi
                0x00001ad4       0x18 ./src/mmc.o
 .text.wait_ready
                0x00001aec       0x24 ./src/mmc.o
 .text.deselect
                0x00001b10       0x12 ./src/mmc.o
 .text.select   0x00001b22       0x28 ./src/mmc.o
 .text.send_cmd
                0x00001b4a       0x82 ./src/mmc.o
 .text.rcvr_datablock
                0x00001bcc       0x98 ./src/mmc.o
 .text.xmit_datablock.part.1
                0x00001c64       0x78 ./src/mmc.o
 .text.disk_initialize
                0x00001cdc      0x180 ./src/mmc.o
                0x00001cdc                disk_initialize
 .text.disk_status
                0x00001e5c       0x14 ./src/mmc.o
                0x00001e5c                disk_status
 .text.disk_read
                0x00001e70       0x8c ./src/mmc.o
                0x00001e70                disk_read
 .text.disk_write
                0x00001efc       0xd0 ./src/mmc.o
                0x00001efc                disk_write
 .text.disk_ioctl
                0x00001fcc      0x238 ./src/mmc.o
                0x00001fcc                disk_ioctl
 .text.disk_timerproc
                0x00002204       0x54 ./src/mmc.o
                0x00002204                disk_timerproc
 .text.rtc_gettime
                0x00002258       0x24 ./src/rtc.o
                0x00002258                rtc_gettime
 .text.get_fattime
                0x0000227c       0x38 ./src/rtc.o
                0x0000227c                get_fattime
 .text.SystemInit
                0x000022b4        0x8 ./src/sysinit.o
                0x000022b4                SystemInit
 .text.__delay_us
                0x000022bc       0x30 ./src/systick.o
                0x000022bc                __delay_us
 .text.__delay_ms
                0x000022ec       0x18 ./src/systick.o
                0x000022ec                __delay_ms
 .text.SysTick_Handler
                0x00002304       0x54 ./src/systick.o
                0x00002304                SysTick_Handler
 .text.setStartMode
                0x00002358       0x18 /home/kevin/workspace/lpc_chip_11cxx_lib/Release/liblpc_chip_11cxx_lib.a(adc_11xx.o)
                0x00002358                setStartMode
 .text.Chip_ADC_ReadValue
                0x00002370       0x16 /home/kevin/workspace/lpc_chip_11cxx_lib/Release/liblpc_chip_11cxx_lib.a(adc_11xx.o)
                0x00002370                Chip_ADC_ReadValue
 .text.Chip_ADC_ReadStatus
                0x00002386       0x34 /home/kevin/workspace/lpc_chip_11cxx_lib/Release/liblpc_chip_11cxx_lib.a(adc_11xx.o)
                0x00002386                Chip_ADC_ReadStatus
 *fill*         0x000023ba        0x2 
 .text.Chip_ADC_SetStartMode
                0x000023bc       0x28 /home/kevin/workspace/lpc_chip_11cxx_lib/Release/liblpc_chip_11cxx_lib.a(adc_11xx.o)
                0x000023bc                Chip_ADC_SetStartMode
 .text.Chip_Clock_SetSystemPLLSource
                0x000023e4       0x14 /home/kevin/workspace/lpc_chip_11cxx_lib/Release/liblpc_chip_11cxx_lib.a(clock_11xx.o)
                0x000023e4                Chip_Clock_SetSystemPLLSource
 .text.Chip_Clock_SetMainClockSource
                0x000023f8       0x14 /home/kevin/workspace/lpc_chip_11cxx_lib/Release/liblpc_chip_11cxx_lib.a(clock_11xx.o)
                0x000023f8                Chip_Clock_SetMainClockSource
 .text.Chip_Clock_GetWDTOSCRate
                0x0000240c       0x28 /home/kevin/workspace/lpc_chip_11cxx_lib/Release/liblpc_chip_11cxx_lib.a(clock_11xx.o)
                0x0000240c                Chip_Clock_GetWDTOSCRate
 .text.Chip_Clock_GetSystemPLLInClockRate
                0x00002434       0x28 /home/kevin/workspace/lpc_chip_11cxx_lib/Release/liblpc_chip_11cxx_lib.a(clock_11xx.o)
                0x00002434                Chip_Clock_GetSystemPLLInClockRate
 .text.Chip_Clock_GetSystemPLLOutClockRate
                0x0000245c       0x18 /home/kevin/workspace/lpc_chip_11cxx_lib/Release/liblpc_chip_11cxx_lib.a(clock_11xx.o)
                0x0000245c                Chip_Clock_GetSystemPLLOutClockRate
 .text.Chip_Clock_GetMainClockRate
                0x00002474       0x34 /home/kevin/workspace/lpc_chip_11cxx_lib/Release/liblpc_chip_11cxx_lib.a(clock_11xx.o)
                0x00002474                Chip_Clock_GetMainClockRate
 .text.Chip_Clock_GetSystemClockRate
                0x000024a8       0x14 /home/kevin/workspace/lpc_chip_11cxx_lib/Release/liblpc_chip_11cxx_lib.a(clock_11xx.o)
                0x000024a8                Chip_Clock_GetSystemClockRate
 .text.Chip_SYSCTL_PowerDown
                0x000024bc       0x1c /home/kevin/workspace/lpc_chip_11cxx_lib/Release/liblpc_chip_11cxx_lib.a(sysctl_11xx.o)
                0x000024bc                Chip_SYSCTL_PowerDown
 .text.Chip_SYSCTL_PowerUp
                0x000024d8       0x24 /home/kevin/workspace/lpc_chip_11cxx_lib/Release/liblpc_chip_11cxx_lib.a(sysctl_11xx.o)
                0x000024d8                Chip_SYSCTL_PowerUp
 .text.Chip_SystemInit
                0x000024fc       0x58 /home/kevin/workspace/lpc_chip_11cxx_lib/Release/liblpc_chip_11cxx_lib.a(sysinit_11xx.o)
                0x000024fc                Chip_SystemInit
 .text.Chip_TIMER_Init
                0x00002554       0x40 /home/kevin/workspace/lpc_chip_11cxx_lib/Release/liblpc_chip_11cxx_lib.a(timer_11xx.o)
                0x00002554                Chip_TIMER_Init
 .text.Chip_TIMER_Reset
                0x00002594       0x18 /home/kevin/workspace/lpc_chip_11cxx_lib/Release/liblpc_chip_11cxx_lib.a(timer_11xx.o)
                0x00002594                Chip_TIMER_Reset
 .text.Chip_UART_Send
                0x000025ac       0x1a /home/kevin/workspace/lpc_chip_11cxx_lib/Release/liblpc_chip_11cxx_lib.a(uart_11xx.o)
                0x000025ac                Chip_UART_Send
 .text.Chip_UART_SendBlocking
                0x000025c6       0x24 /home/kevin/workspace/lpc_chip_11cxx_lib/Release/liblpc_chip_11cxx_lib.a(uart_11xx.o)
                0x000025c6                Chip_UART_SendBlocking
 .text.Chip_UART_Read
                0x000025ea       0x1a /home/kevin/workspace/lpc_chip_11cxx_lib/Release/liblpc_chip_11cxx_lib.a(uart_11xx.o)
                0x000025ea                Chip_UART_Read
 .text.__weak_main
                0x00002604        0x8 /usr/local/lpcxpresso_7.1.1_125/lpcxpresso/tools/bin/../lib/gcc/arm-none-eabi/4.8.3/../../../../arm-none-eabi/lib/armv6-m/libcr_c.a(__weak__main.o)
                0x00002604                __main
                0x00002604                __weak_main
 .text.no_fp_display
                0x0000260c        0x4 /usr/local/lpcxpresso_7.1.1_125/lpcxpresso/tools/bin/../lib/gcc/arm-none-eabi/4.8.3/../../../../arm-none-eabi/lib/armv6-m/libcr_c.a(printf.o)
 .text.__vfprintf
                0x00002610      0xd4c /usr/local/lpcxpresso_7.1.1_125/lpcxpresso/tools/bin/../lib/gcc/arm-none-eabi/4.8.3/../../../../arm-none-eabi/lib/armv6-m/libcr_c.a(printf.o)
                0x00002610                __vfprintf
 .text._snprintf
                0x0000335c       0x6c /usr/local/lpcxpresso_7.1.1_125/lpcxpresso/tools/bin/../lib/gcc/arm-none-eabi/4.8.3/../../../../arm-none-eabi/lib/armv6-m/libcr_c.a(printf.o)
                0x0000335c                _snprintf
 .text._vsnprintf
                0x000033c8       0x5c /usr/local/lpcxpresso_7.1.1_125/lpcxpresso/tools/bin/../lib/gcc/arm-none-eabi/4.8.3/../../../../arm-none-eabi/lib/armv6-m/libcr_c.a(printf.o)
                0x000033c8                _vsnprintf
 .text._printf  0x00003424       0x50 /usr/local/lpcxpresso_7.1.1_125/lpcxpresso/tools/bin/../lib/gcc/arm-none-eabi/4.8.3/../../../../arm-none-eabi/lib/armv6-m/libcr_c.a(printf.o)
                0x00003424                _printf
 .text.strlen   0x00003474       0x54 /usr/local/lpcxpresso_7.1.1_125/lpcxpresso/tools/bin/../lib/gcc/arm-none-eabi/4.8.3/../../../../arm-none-eabi/lib/armv6-m/libcr_c.a(strlen.o)
                0x00003474                strlen
 .text.memset   0x000034c8        0x8 /usr/local/lpcxpresso_7.1.1_125/lpcxpresso/tools/bin/../lib/gcc/arm-none-eabi/4.8.3/../../../../arm-none-eabi/lib/armv6-m/libcr_c.a(memset.o)
                0x000034c8                memset
 .text._deferredlazyseek
                0x000034d0       0x44 /usr/local/lpcxpresso_7.1.1_125/lpcxpresso/tools/bin/../lib/gcc/arm-none-eabi/4.8.3/../../../../arm-none-eabi/lib/armv6-m/libcr_c.a(_deferredlazyseek.o)
                0x000034d0                _deferredlazyseek
 .text.__flsbuf
                0x00003514      0x154 /usr/local/lpcxpresso_7.1.1_125/lpcxpresso/tools/bin/../lib/gcc/arm-none-eabi/4.8.3/../../../../arm-none-eabi/lib/armv6-m/libcr_c.a(_deferredlazyseek.o)
                0x00003514                __flsbuf
 .text._fflush  0x00003668       0x64 /usr/local/lpcxpresso_7.1.1_125/lpcxpresso/tools/bin/../lib/gcc/arm-none-eabi/4.8.3/../../../../arm-none-eabi/lib/armv6-m/libcr_c.a(_fflush.o)
                0x00003668                _fflush
 .text._Cwritebuf
                0x000036cc       0x6c /usr/local/lpcxpresso_7.1.1_125/lpcxpresso/tools/bin/../lib/gcc/arm-none-eabi/4.8.3/../../../../arm-none-eabi/lib/armv6-m/libcr_c.a(_writebuf.o)
                0x000036cc                _Cwritebuf
 .text.malloc   0x00003738       0xc0 /usr/local/lpcxpresso_7.1.1_125/lpcxpresso/tools/bin/../lib/gcc/arm-none-eabi/4.8.3/../../../../arm-none-eabi/lib/armv6-m/libcr_c.a(alloc.o)
                0x00003738                malloc
 .text.free     0x000037f8        0xe /usr/local/lpcxpresso_7.1.1_125/lpcxpresso/tools/bin/../lib/gcc/arm-none-eabi/4.8.3/../../../../arm-none-eabi/lib/armv6-m/libcr_c.a(alloc.o)
                0x000037f8                free
 *fill*         0x00003806        0x2 
 .text._Csys_alloc
                0x00003808       0x20 /usr/local/lpcxpresso_7.1.1_125/lpcxpresso/tools/bin/../lib/gcc/arm-none-eabi/4.8.3/../../../../arm-none-eabi/lib/armv6-m/libcr_c.a(alloc.o)
                0x00003808                _Csys_alloc
 .text.fseek    0x00003828       0xf8 /usr/local/lpcxpresso_7.1.1_125/lpcxpresso/tools/bin/../lib/gcc/arm-none-eabi/4.8.3/../../../../arm-none-eabi/lib/armv6-m/libcr_c.a(fseek.o)
                0x00003828                fseek
 .text.ftell    0x00003920       0x4c /usr/local/lpcxpresso_7.1.1_125/lpcxpresso/tools/bin/../lib/gcc/arm-none-eabi/4.8.3/../../../../arm-none-eabi/lib/armv6-m/libcr_c.a(ftell.o)
                0x00003920                ftell
 .text._sbrk    0x0000396c       0x40 /usr/local/lpcxpresso_7.1.1_125/lpcxpresso/tools/bin/../lib/gcc/arm-none-eabi/4.8.3/../../../../arm-none-eabi/lib/armv6-m/libcr_c.a(_cr_sbrk.o)
                0x0000396c                _sbrk
 .text.__check_heap_overflow
                0x000039ac       0x2c /usr/local/lpcxpresso_7.1.1_125/lpcxpresso/tools/bin/../lib/gcc/arm-none-eabi/4.8.3/../../../../arm-none-eabi/lib/armv6-m/libcr_c.a(_cr_check_heap.o)
                0x000039ac                __check_heap_overflow
 .text.__aeabi_division_idivmod
                0x000039d8       0x78 /usr/local/lpcxpresso_7.1.1_125/lpcxpresso/tools/bin/../lib/gcc/arm-none-eabi/4.8.3/armv6-m/libcr_eabihelpers.a(division_32.o)
                0x000039d8                __aeabi_idiv
                0x000039d8                __aeabi_idivmod
                0x000039de                __aeabi_uidiv
                0x000039de                __aeabi_uidivmod
 .text.__aeabi_division_idiv0
                0x00003a50        0x2 /usr/local/lpcxpresso_7.1.1_125/lpcxpresso/tools/bin/../lib/gcc/arm-none-eabi/4.8.3/armv6-m/libcr_eabihelpers.a(division_idiv0.o)
                0x00003a50                __aeabi_idiv0
 *fill*         0x00003a52        0x6 
 .text.__aeabi_dmul
                0x00003a58      0x188 /usr/local/lpcxpresso_7.1.1_125/lpcxpresso/tools/bin/../lib/gcc/arm-none-eabi/4.8.3/armv6-m/libcr_eabihelpers.a(double.o)
                0x00003a58                __aeabi_dmul
 .text.__aeabi_dsub
                0x00003be0      0x1e8 /usr/local/lpcxpresso_7.1.1_125/lpcxpresso/tools/bin/../lib/gcc/arm-none-eabi/4.8.3/armv6-m/libcr_eabihelpers.a(double.o)
                0x00003be0                __aeabi_dsub
 .text.__aeabi_dadd
                0x00003dc8      0x148 /usr/local/lpcxpresso_7.1.1_125/lpcxpresso/tools/bin/../lib/gcc/arm-none-eabi/4.8.3/armv6-m/libcr_eabihelpers.a(double.o)
                0x00003dc8                __aeabi_dadd
 .text.__aeabi_d2iz
                0x00003f10       0x48 /usr/local/lpcxpresso_7.1.1_125/lpcxpresso/tools/bin/../lib/gcc/arm-none-eabi/4.8.3/armv6-m/libcr_eabihelpers.a(double.o)
                0x00003f10                __aeabi_d2iz
 .text.__aeabi_fmul
                0x00003f58       0xc8 /usr/local/lpcxpresso_7.1.1_125/lpcxpresso/tools/bin/../lib/gcc/arm-none-eabi/4.8.3/armv6-m/libcr_eabihelpers.a(float.o)
                0x00003f58                __aeabi_fmul
 .text.__bhs_ui2f
                0x00004020       0x60 /usr/local/lpcxpresso_7.1.1_125/lpcxpresso/tools/bin/../lib/gcc/arm-none-eabi/4.8.3/armv6-m/libcr_eabihelpers.a(float.o)
                0x00004020                __bhs_ui2f
 .text.__aeabi_i2f
                0x00004080       0x16 /usr/local/lpcxpresso_7.1.1_125/lpcxpresso/tools/bin/../lib/gcc/arm-none-eabi/4.8.3/armv6-m/libcr_eabihelpers.a(float.o)
                0x00004080                __aeabi_i2f
 *fill*         0x00004096        0x2 
 .text.__aeabi_f2d
                0x00004098       0x3c /usr/local/lpcxpresso_7.1.1_125/lpcxpresso/tools/bin/../lib/gcc/arm-none-eabi/4.8.3/armv6-m/libcr_eabihelpers.a(float.o)
                0x00004098                __aeabi_f2d
 .text.__aeabi_llong_lmul
                0x000040d4       0x2e /usr/local/lpcxpresso_7.1.1_125/lpcxpresso/tools/bin/../lib/gcc/arm-none-eabi/4.8.3/armv6-m/libcr_eabihelpers.a(llong.o)
                0x000040d4                __aeabi_lmul
 .text.__aeabi_memset_lowlevel
                0x00004102       0x2a /usr/local/lpcxpresso_7.1.1_125/lpcxpresso/tools/bin/../lib/gcc/arm-none-eabi/4.8.3/armv6-m/libcr_eabihelpers.a(memcpy.o)
                0x00004102                __aeabi_lowlevel_memset
 .text.__gnu_thumb1_case_uqi
                0x0000412c       0x10 /usr/local/lpcxpresso_7.1.1_125/lpcxpresso/tools/bin/../lib/gcc/arm-none-eabi/4.8.3/armv6-m/libcr_eabihelpers.a(thumb1_switch_helpers.o)
                0x0000412c                __gnu_thumb1_case_uqi
 *(.rodata .rodata.* .constdata .constdata.*)
 .rodata.OscRateIn
                0x0000413c        0x4 ./src/board.o
                0x0000413c                OscRateIn
 .rodata.str1.1
                0x00004140       0x63 ./src/board.o
 .rodata.str1.1
                0x000041a3       0xb8 ./src/ccan_rom.o
                                 0xc4 (size before relaxing)
 .rodata.microSDTestData
                0x0000425b      0x400 ./src/ff.o
                0x0000425b                microSDTestData
 .rodata.str1.1
                0x0000465b       0x4c ./src/ff.o
 .rodata.microRestartedMsg
                0x000046a7       0x40 ./src/ff.o
                0x000046a7                microRestartedMsg
 *fill*         0x000046e7        0x1 
 .rodata        0x000046e8       0x20 ./src/main.o
 .rodata.str1.1
                0x00004708       0x48 ./src/main.o
 .rodata.wdtOSCRate
                0x00004750       0x40 /home/kevin/workspace/lpc_chip_11cxx_lib/Release/liblpc_chip_11cxx_lib.a(clock_11xx.o)
 .rodata.str1.1
                0x00004790       0x33 /usr/local/lpcxpresso_7.1.1_125/lpcxpresso/tools/bin/../lib/gcc/arm-none-eabi/4.8.3/../../../../arm-none-eabi/lib/armv6-m/libcr_c.a(printf.o)
                                 0x38 (size before relaxing)
 .rodata.str1.1
                0x000047c3       0x18 /usr/local/lpcxpresso_7.1.1_125/lpcxpresso/tools/bin/../lib/gcc/arm-none-eabi/4.8.3/../../../../arm-none-eabi/lib/armv6-m/libcr_c.a(alloc.o)
                0x000047dc                . = ALIGN (0x4)
 *fill*         0x000047db        0x1 ff

.glue_7         0x000047dc        0x0
 .glue_7        0x00000000        0x0 linker stubs

.glue_7t        0x000047dc        0x0
 .glue_7t       0x00000000        0x0 linker stubs

.vfp11_veneer   0x000047dc        0x0
 .vfp11_veneer  0x00000000        0x0 linker stubs

.v4_bx          0x000047dc        0x0
 .v4_bx         0x00000000        0x0 linker stubs

.iplt           0x000047dc        0x0
 .iplt          0x00000000        0x0 ./src/board.o

.rel.dyn        0x000047dc        0x0
 .rel.iplt      0x00000000        0x0 ./src/board.o

.ARM.extab
 *(.ARM.extab* .gnu.linkonce.armextab.*)
                0x000047dc                __exidx_start = .

.ARM.exidx
 *(.ARM.exidx* .gnu.linkonce.armexidx.*)
                0x000047dc                __exidx_end = .
                0x000047dc                _etext = .

.uninit_RESERVED
                0x10000000        0x0
 *(.bss.$RESERVED*)
                0x10000000                . = ALIGN (0x4)
                0x10000000                _end_uninit_RESERVED = .

.data           0x10000000        0xc load address 0x000047dc
 FILL mask 0xff
                0x10000000                _data = .
 *(vtable)
 *(.ramfunc*)
 *(.data*)
 .data.testfilename
                0x10000000        0x4 ./src/ff.o
                0x10000000                testfilename
 .data.read_character
                0x10000004        0x4 ./src/main.o
                0x10000004                read_character
 .data.Stat     0x10000008        0x1 ./src/mmc.o
                0x1000000c                . = ALIGN (0x4)
 *fill*         0x10000009        0x3 ff
                0x1000000c                _edata = .

.igot.plt       0x1000000c        0x0 load address 0x000047e8
 .igot.plt      0x00000000        0x0 ./src/board.o

.bss            0x1000000c      0x80c load address 0x000047e8
                0x1000000c                _bss = .
 *(.bss*)
 .bss.dataADC   0x1000000c        0x2 ./src/board.o
                0x1000000c                dataADC
 .bss.Fsid      0x1000000e        0x2 ./src/ff.o
 .bss.FatFs     0x10000010        0x4 ./src/ff.o
 .bss.i         0x10000014        0x4 ./src/main.o
                0x10000014                i
 .bss.Timer1    0x10000018        0x4 ./src/mmc.o
 .bss.Timer2    0x1000001c        0x4 ./src/mmc.o
 .bss.CardType  0x10000020        0x1 ./src/mmc.o
 *fill*         0x10000021        0x3 
 .bss.errno     0x10000024        0x4 /usr/local/lpcxpresso_7.1.1_125/lpcxpresso/tools/bin/../lib/gcc/arm-none-eabi/4.8.3/../../../../arm-none-eabi/lib/armv6-m/libcr_c.a(errno.o)
                0x10000024                errno
 *(COMMON)
 COMMON         0x10000028       0x30 ./src/board.o
                0x10000028                s1
                0x1000002c                lcdBuffer
                0x1000003c                msTicks
                0x10000040                msg_obj
                0x10000054                secondTicks
 COMMON         0x10000058      0x678 ./src/ff.o
                0x10000058                Fatfs
                0x10000288                sdbuffer
                0x10000688                File
 COMMON         0x100006d0      0x140 /usr/local/lpcxpresso_7.1.1_125/lpcxpresso/tools/bin/../lib/gcc/arm-none-eabi/4.8.3/../../../../arm-none-eabi/lib/armv6-m/libcr_c.a(stdio.o)
                0x100006d0                __Ciob
 COMMON         0x10000810        0x8 /usr/local/lpcxpresso_7.1.1_125/lpcxpresso/tools/bin/../lib/gcc/arm-none-eabi/4.8.3/../../../../arm-none-eabi/lib/armv6-m/libcr_c.a(__init_alloc.o)
                0x10000810                __heaps
                0x10000814                __end_of_heap
                0x10000818                . = ALIGN (0x4)
                0x10000818                _ebss = .
                0x10000818                PROVIDE (end, .)

.noinit         0x10000818        0x0 load address 0x000047e8
                0x10000818                _noinit = .
 *(.noinit*)
                0x10000818                . = ALIGN (0x4)
                0x10000818                _end_noinit = .
                0x10000818                PROVIDE (_pvHeapStart, .)
                0x10002000                PROVIDE (_vStackTop, (__top_RamLoc8 - 0x0))
OUTPUT(obd2.axf elf32-littlearm)

.debug_info     0x00000000     0xcdfd
 .debug_info    0x00000000     0x2de4 ./src/board.o
 .debug_info    0x00002de4     0x1184 ./src/ccan_rom.o
 .debug_info    0x00003f68      0x230 ./src/cr_startup_lpc11xx.o
 .debug_info    0x00004198     0x1ece ./src/ff.o
 .debug_info    0x00006066      0xe0b ./src/main.o
 .debug_info    0x00006e71     0x1537 ./src/mmc.o
 .debug_info    0x000083a8      0x1dc ./src/rtc.o
 .debug_info    0x00008584       0xc3 ./src/sysinit.o
 .debug_info    0x00008647      0x7da ./src/systick.o
 .debug_info    0x00008e21      0xe0b /home/kevin/workspace/lpc_chip_11cxx_lib/Release/liblpc_chip_11cxx_lib.a(adc_11xx.o)
 .debug_info    0x00009c2c      0x8e7 /home/kevin/workspace/lpc_chip_11cxx_lib/Release/liblpc_chip_11cxx_lib.a(clock_11xx.o)
 .debug_info    0x0000a513      0x585 /home/kevin/workspace/lpc_chip_11cxx_lib/Release/liblpc_chip_11cxx_lib.a(sysctl_11xx.o)
 .debug_info    0x0000aa98      0x8e4 /home/kevin/workspace/lpc_chip_11cxx_lib/Release/liblpc_chip_11cxx_lib.a(sysinit_11xx.o)
 .debug_info    0x0000b37c      0x840 /home/kevin/workspace/lpc_chip_11cxx_lib/Release/liblpc_chip_11cxx_lib.a(timer_11xx.o)
 .debug_info    0x0000bbbc     0x1241 /home/kevin/workspace/lpc_chip_11cxx_lib/Release/liblpc_chip_11cxx_lib.a(uart_11xx.o)

.debug_abbrev   0x00000000     0x23f2
 .debug_abbrev  0x00000000      0x50f ./src/board.o
 .debug_abbrev  0x0000050f      0x27e ./src/ccan_rom.o
 .debug_abbrev  0x0000078d       0xe5 ./src/cr_startup_lpc11xx.o
 .debug_abbrev  0x00000872      0x324 ./src/ff.o
 .debug_abbrev  0x00000b96      0x341 ./src/main.o
 .debug_abbrev  0x00000ed7      0x395 ./src/mmc.o
 .debug_abbrev  0x0000126c       0xfb ./src/rtc.o
 .debug_abbrev  0x00001367       0x85 ./src/sysinit.o
 .debug_abbrev  0x000013ec      0x2d4 ./src/systick.o
 .debug_abbrev  0x000016c0      0x317 /home/kevin/workspace/lpc_chip_11cxx_lib/Release/liblpc_chip_11cxx_lib.a(adc_11xx.o)
 .debug_abbrev  0x000019d7      0x243 /home/kevin/workspace/lpc_chip_11cxx_lib/Release/liblpc_chip_11cxx_lib.a(clock_11xx.o)
 .debug_abbrev  0x00001c1a       0xcb /home/kevin/workspace/lpc_chip_11cxx_lib/Release/liblpc_chip_11cxx_lib.a(sysctl_11xx.o)
 .debug_abbrev  0x00001ce5      0x20a /home/kevin/workspace/lpc_chip_11cxx_lib/Release/liblpc_chip_11cxx_lib.a(sysinit_11xx.o)
 .debug_abbrev  0x00001eef      0x1e9 /home/kevin/workspace/lpc_chip_11cxx_lib/Release/liblpc_chip_11cxx_lib.a(timer_11xx.o)
 .debug_abbrev  0x000020d8      0x31a /home/kevin/workspace/lpc_chip_11cxx_lib/Release/liblpc_chip_11cxx_lib.a(uart_11xx.o)

.debug_loc      0x00000000     0x5a39
 .debug_loc     0x00000000      0x8c9 ./src/board.o
 .debug_loc     0x000008c9      0x1e4 ./src/ccan_rom.o
 .debug_loc     0x00000aad      0x1bb ./src/cr_startup_lpc11xx.o
 .debug_loc     0x00000c68     0x2960 ./src/ff.o
 .debug_loc     0x000035c8       0x5d ./src/main.o
 .debug_loc     0x00003625      0xccd ./src/mmc.o
 .debug_loc     0x000042f2       0x42 ./src/rtc.o
 .debug_loc     0x00004334      0x102 ./src/systick.o
 .debug_loc     0x00004436      0x814 /home/kevin/workspace/lpc_chip_11cxx_lib/Release/liblpc_chip_11cxx_lib.a(adc_11xx.o)
 .debug_loc     0x00004c4a      0x16c /home/kevin/workspace/lpc_chip_11cxx_lib/Release/liblpc_chip_11cxx_lib.a(clock_11xx.o)
 .debug_loc     0x00004db6       0xd0 /home/kevin/workspace/lpc_chip_11cxx_lib/Release/liblpc_chip_11cxx_lib.a(sysctl_11xx.o)
 .debug_loc     0x00004e86       0x18 /home/kevin/workspace/lpc_chip_11cxx_lib/Release/liblpc_chip_11cxx_lib.a(sysinit_11xx.o)
 .debug_loc     0x00004e9e      0x184 /home/kevin/workspace/lpc_chip_11cxx_lib/Release/liblpc_chip_11cxx_lib.a(timer_11xx.o)
 .debug_loc     0x00005022      0xa17 /home/kevin/workspace/lpc_chip_11cxx_lib/Release/liblpc_chip_11cxx_lib.a(uart_11xx.o)

.debug_aranges  0x00000000      0x520
 .debug_aranges
                0x00000000       0xa8 ./src/board.o
 .debug_aranges
                0x000000a8       0x40 ./src/ccan_rom.o
 .debug_aranges
                0x000000e8       0x60 ./src/cr_startup_lpc11xx.o
 .debug_aranges
                0x00000148       0xa8 ./src/ff.o
 .debug_aranges
                0x000001f0       0x28 ./src/main.o
 .debug_aranges
                0x00000218       0x80 ./src/mmc.o
 .debug_aranges
                0x00000298       0x38 ./src/rtc.o
 .debug_aranges
                0x000002d0       0x20 ./src/sysinit.o
 .debug_aranges
                0x000002f0       0x38 ./src/systick.o
 .debug_aranges
                0x00000328       0x80 /home/kevin/workspace/lpc_chip_11cxx_lib/Release/liblpc_chip_11cxx_lib.a(adc_11xx.o)
 .debug_aranges
                0x000003a8       0x68 /home/kevin/workspace/lpc_chip_11cxx_lib/Release/liblpc_chip_11cxx_lib.a(clock_11xx.o)
 .debug_aranges
                0x00000410       0x38 /home/kevin/workspace/lpc_chip_11cxx_lib/Release/liblpc_chip_11cxx_lib.a(sysctl_11xx.o)
 .debug_aranges
                0x00000448       0x20 /home/kevin/workspace/lpc_chip_11cxx_lib/Release/liblpc_chip_11cxx_lib.a(sysinit_11xx.o)
 .debug_aranges
                0x00000468       0x38 /home/kevin/workspace/lpc_chip_11cxx_lib/Release/liblpc_chip_11cxx_lib.a(timer_11xx.o)
 .debug_aranges
                0x000004a0       0x80 /home/kevin/workspace/lpc_chip_11cxx_lib/Release/liblpc_chip_11cxx_lib.a(uart_11xx.o)

.debug_ranges   0x00000000      0xac8
 .debug_ranges  0x00000000      0x358 ./src/board.o
 .debug_ranges  0x00000358       0x30 ./src/ccan_rom.o
 .debug_ranges  0x00000388       0x50 ./src/cr_startup_lpc11xx.o
 .debug_ranges  0x000003d8      0x168 ./src/ff.o
 .debug_ranges  0x00000540       0x30 ./src/main.o
 .debug_ranges  0x00000570      0x100 ./src/mmc.o
 .debug_ranges  0x00000670       0x28 ./src/rtc.o
 .debug_ranges  0x00000698       0x10 ./src/sysinit.o
 .debug_ranges  0x000006a8       0x90 ./src/systick.o
 .debug_ranges  0x00000738       0xf0 /home/kevin/workspace/lpc_chip_11cxx_lib/Release/liblpc_chip_11cxx_lib.a(adc_11xx.o)
 .debug_ranges  0x00000828       0x70 /home/kevin/workspace/lpc_chip_11cxx_lib/Release/liblpc_chip_11cxx_lib.a(clock_11xx.o)
 .debug_ranges  0x00000898       0x28 /home/kevin/workspace/lpc_chip_11cxx_lib/Release/liblpc_chip_11cxx_lib.a(sysctl_11xx.o)
 .debug_ranges  0x000008c0       0x60 /home/kevin/workspace/lpc_chip_11cxx_lib/Release/liblpc_chip_11cxx_lib.a(sysinit_11xx.o)
 .debug_ranges  0x00000920       0x28 /home/kevin/workspace/lpc_chip_11cxx_lib/Release/liblpc_chip_11cxx_lib.a(timer_11xx.o)
 .debug_ranges  0x00000948      0x180 /home/kevin/workspace/lpc_chip_11cxx_lib/Release/liblpc_chip_11cxx_lib.a(uart_11xx.o)

.debug_line     0x00000000     0x2724
 .debug_line    0x00000000      0x6c4 ./src/board.o
 .debug_line    0x000006c4      0x241 ./src/ccan_rom.o
 .debug_line    0x00000905       0x97 ./src/cr_startup_lpc11xx.o
 .debug_line    0x0000099c      0x75f ./src/ff.o
 .debug_line    0x000010fb      0x23a ./src/main.o
 .debug_line    0x00001335      0x424 ./src/mmc.o
 .debug_line    0x00001759      0x126 ./src/rtc.o
 .debug_line    0x0000187f       0xc5 ./src/sysinit.o
 .debug_line    0x00001944      0x1f1 ./src/systick.o
 .debug_line    0x00001b35      0x298 /home/kevin/workspace/lpc_chip_11cxx_lib/Release/liblpc_chip_11cxx_lib.a(adc_11xx.o)
 .debug_line    0x00001dcd      0x1df /home/kevin/workspace/lpc_chip_11cxx_lib/Release/liblpc_chip_11cxx_lib.a(clock_11xx.o)
 .debug_line    0x00001fac      0x11c /home/kevin/workspace/lpc_chip_11cxx_lib/Release/liblpc_chip_11cxx_lib.a(sysctl_11xx.o)
 .debug_line    0x000020c8      0x153 /home/kevin/workspace/lpc_chip_11cxx_lib/Release/liblpc_chip_11cxx_lib.a(sysinit_11xx.o)
 .debug_line    0x0000221b      0x16a /home/kevin/workspace/lpc_chip_11cxx_lib/Release/liblpc_chip_11cxx_lib.a(timer_11xx.o)
 .debug_line    0x00002385      0x39f /home/kevin/workspace/lpc_chip_11cxx_lib/Release/liblpc_chip_11cxx_lib.a(uart_11xx.o)

.debug_str      0x00000000     0x2ac3
 .debug_str     0x00000000     0x126c ./src/board.o
                               0x130e (size before relaxing)
 .debug_str     0x0000126c      0x4d3 ./src/ccan_rom.o
                                0xb9a (size before relaxing)
 .debug_str     0x0000173f      0x137 ./src/cr_startup_lpc11xx.o
                                0x22d (size before relaxing)
 .debug_str     0x00001876      0x21d ./src/ff.o
                                0x5e7 (size before relaxing)
 .debug_str     0x00001a93       0xfe ./src/main.o
                                0x8cb (size before relaxing)
 .debug_str     0x00001b91      0x1c8 ./src/mmc.o
                                0x720 (size before relaxing)
 .debug_str     0x00001d59       0x4e ./src/rtc.o
                                0x1eb (size before relaxing)
 .debug_str     0x00001da7       0x21 ./src/sysinit.o
                                0x19b (size before relaxing)
 .debug_str     0x00001dc8       0xa2 ./src/systick.o
                                0x547 (size before relaxing)
 .debug_str     0x00001e6a      0x212 /home/kevin/workspace/lpc_chip_11cxx_lib/Release/liblpc_chip_11cxx_lib.a(adc_11xx.o)
                                0xa91 (size before relaxing)
 .debug_str     0x0000207c      0x516 /home/kevin/workspace/lpc_chip_11cxx_lib/Release/liblpc_chip_11cxx_lib.a(clock_11xx.o)
                                0x97a (size before relaxing)
 .debug_str     0x00002592       0x7b /home/kevin/workspace/lpc_chip_11cxx_lib/Release/liblpc_chip_11cxx_lib.a(sysctl_11xx.o)
                                0x4ca (size before relaxing)
 .debug_str     0x0000260d      0x121 /home/kevin/workspace/lpc_chip_11cxx_lib/Release/liblpc_chip_11cxx_lib.a(sysinit_11xx.o)
                                0x8b4 (size before relaxing)
 .debug_str     0x0000272e      0x101 /home/kevin/workspace/lpc_chip_11cxx_lib/Release/liblpc_chip_11cxx_lib.a(timer_11xx.o)
                                0x74b (size before relaxing)
 .debug_str     0x0000282f      0x294 /home/kevin/workspace/lpc_chip_11cxx_lib/Release/liblpc_chip_11cxx_lib.a(uart_11xx.o)
                                0x994 (size before relaxing)

.comment        0x00000000       0xe0
 .comment       0x00000000       0x70 ./src/board.o
                                 0x71 (size before relaxing)
 .comment       0x00000000       0x71 ./src/ccan_rom.o
 .comment       0x00000000       0x71 ./src/cr_startup_lpc11xx.o
 .comment       0x00000000       0x71 ./src/ff.o
 .comment       0x00000000       0x71 ./src/main.o
 .comment       0x00000000       0x71 ./src/mmc.o
 .comment       0x00000000       0x71 ./src/rtc.o
 .comment       0x00000000       0x71 ./src/sysinit.o
 .comment       0x00000000       0x71 ./src/systick.o
 .comment       0x00000000       0x71 /home/kevin/workspace/lpc_chip_11cxx_lib/Release/liblpc_chip_11cxx_lib.a(adc_11xx.o)
 .comment       0x00000000       0x71 /home/kevin/workspace/lpc_chip_11cxx_lib/Release/liblpc_chip_11cxx_lib.a(clock_11xx.o)
 .comment       0x00000000       0x71 /home/kevin/workspace/lpc_chip_11cxx_lib/Release/liblpc_chip_11cxx_lib.a(sysctl_11xx.o)
 .comment       0x00000000       0x71 /home/kevin/workspace/lpc_chip_11cxx_lib/Release/liblpc_chip_11cxx_lib.a(sysinit_11xx.o)
 .comment       0x00000000       0x71 /home/kevin/workspace/lpc_chip_11cxx_lib/Release/liblpc_chip_11cxx_lib.a(timer_11xx.o)
 .comment       0x00000000       0x71 /home/kevin/workspace/lpc_chip_11cxx_lib/Release/liblpc_chip_11cxx_lib.a(uart_11xx.o)
 .comment       0x00000070       0x70 /usr/local/lpcxpresso_7.1.1_125/lpcxpresso/tools/bin/../lib/gcc/arm-none-eabi/4.8.3/../../../../arm-none-eabi/lib/armv6-m/libcr_c.a(__weak__main.o)
                                 0x71 (size before relaxing)
 .comment       0x00000000       0x71 /usr/local/lpcxpresso_7.1.1_125/lpcxpresso/tools/bin/../lib/gcc/arm-none-eabi/4.8.3/../../../../arm-none-eabi/lib/armv6-m/libcr_c.a(printf.o)
 .comment       0x00000000       0x71 /usr/local/lpcxpresso_7.1.1_125/lpcxpresso/tools/bin/../lib/gcc/arm-none-eabi/4.8.3/../../../../arm-none-eabi/lib/armv6-m/libcr_c.a(stdio.o)
 .comment       0x00000000       0x71 /usr/local/lpcxpresso_7.1.1_125/lpcxpresso/tools/bin/../lib/gcc/arm-none-eabi/4.8.3/../../../../arm-none-eabi/lib/armv6-m/libcr_c.a(strlen.o)
 .comment       0x00000000       0x71 /usr/local/lpcxpresso_7.1.1_125/lpcxpresso/tools/bin/../lib/gcc/arm-none-eabi/4.8.3/../../../../arm-none-eabi/lib/armv6-m/libcr_c.a(memset.o)
 .comment       0x00000000       0x71 /usr/local/lpcxpresso_7.1.1_125/lpcxpresso/tools/bin/../lib/gcc/arm-none-eabi/4.8.3/../../../../arm-none-eabi/lib/armv6-m/libcr_c.a(_deferredlazyseek.o)
 .comment       0x00000000       0x71 /usr/local/lpcxpresso_7.1.1_125/lpcxpresso/tools/bin/../lib/gcc/arm-none-eabi/4.8.3/../../../../arm-none-eabi/lib/armv6-m/libcr_c.a(_fflush.o)
 .comment       0x00000000       0x71 /usr/local/lpcxpresso_7.1.1_125/lpcxpresso/tools/bin/../lib/gcc/arm-none-eabi/4.8.3/../../../../arm-none-eabi/lib/armv6-m/libcr_c.a(_writebuf.o)
 .comment       0x00000000       0x71 /usr/local/lpcxpresso_7.1.1_125/lpcxpresso/tools/bin/../lib/gcc/arm-none-eabi/4.8.3/../../../../arm-none-eabi/lib/armv6-m/libcr_c.a(alloc.o)
 .comment       0x00000000       0x71 /usr/local/lpcxpresso_7.1.1_125/lpcxpresso/tools/bin/../lib/gcc/arm-none-eabi/4.8.3/../../../../arm-none-eabi/lib/armv6-m/libcr_c.a(fseek.o)
 .comment       0x00000000       0x71 /usr/local/lpcxpresso_7.1.1_125/lpcxpresso/tools/bin/../lib/gcc/arm-none-eabi/4.8.3/../../../../arm-none-eabi/lib/armv6-m/libcr_c.a(ftell.o)
 .comment       0x00000000       0x71 /usr/local/lpcxpresso_7.1.1_125/lpcxpresso/tools/bin/../lib/gcc/arm-none-eabi/4.8.3/../../../../arm-none-eabi/lib/armv6-m/libcr_c.a(__init_alloc.o)
 .comment       0x00000000       0x71 /usr/local/lpcxpresso_7.1.1_125/lpcxpresso/tools/bin/../lib/gcc/arm-none-eabi/4.8.3/../../../../arm-none-eabi/lib/armv6-m/libcr_c.a(_cr_sbrk.o)
 .comment       0x00000000       0x71 /usr/local/lpcxpresso_7.1.1_125/lpcxpresso/tools/bin/../lib/gcc/arm-none-eabi/4.8.3/../../../../arm-none-eabi/lib/armv6-m/libcr_c.a(errno.o)
 .comment       0x00000000       0x71 /usr/local/lpcxpresso_7.1.1_125/lpcxpresso/tools/bin/../lib/gcc/arm-none-eabi/4.8.3/../../../../arm-none-eabi/lib/armv6-m/libcr_c.a(_cr_check_heap.o)
 .comment       0x00000000       0x71 /usr/local/lpcxpresso_7.1.1_125/lpcxpresso/tools/bin/../lib/gcc/arm-none-eabi/4.8.3/armv6-m/libcr_eabihelpers.a(double.o)
 .comment       0x00000000       0x71 /usr/local/lpcxpresso_7.1.1_125/lpcxpresso/tools/bin/../lib/gcc/arm-none-eabi/4.8.3/armv6-m/libcr_eabihelpers.a(float.o)

.ARM.attributes
                0x00000000       0x2f
 .ARM.attributes
                0x00000000       0x31 ./src/board.o
 .ARM.attributes
                0x00000031       0x31 ./src/ccan_rom.o
 .ARM.attributes
                0x00000062       0x31 ./src/cr_startup_lpc11xx.o
 .ARM.attributes
                0x00000093       0x31 ./src/ff.o
 .ARM.attributes
                0x000000c4       0x31 ./src/main.o
 .ARM.attributes
                0x000000f5       0x31 ./src/mmc.o
 .ARM.attributes
                0x00000126       0x31 ./src/rtc.o
 .ARM.attributes
                0x00000157       0x31 ./src/sysinit.o
 .ARM.attributes
                0x00000188       0x31 ./src/systick.o
 .ARM.attributes
                0x000001b9       0x31 /home/kevin/workspace/lpc_chip_11cxx_lib/Release/liblpc_chip_11cxx_lib.a(adc_11xx.o)
 .ARM.attributes
                0x000001ea       0x31 /home/kevin/workspace/lpc_chip_11cxx_lib/Release/liblpc_chip_11cxx_lib.a(clock_11xx.o)
 .ARM.attributes
                0x0000021b       0x31 /home/kevin/workspace/lpc_chip_11cxx_lib/Release/liblpc_chip_11cxx_lib.a(sysctl_11xx.o)
 .ARM.attributes
                0x0000024c       0x31 /home/kevin/workspace/lpc_chip_11cxx_lib/Release/liblpc_chip_11cxx_lib.a(sysinit_11xx.o)
 .ARM.attributes
                0x0000027d       0x31 /home/kevin/workspace/lpc_chip_11cxx_lib/Release/liblpc_chip_11cxx_lib.a(timer_11xx.o)
 .ARM.attributes
                0x000002ae       0x31 /home/kevin/workspace/lpc_chip_11cxx_lib/Release/liblpc_chip_11cxx_lib.a(uart_11xx.o)
 .ARM.attributes
                0x000002df       0x31 /usr/local/lpcxpresso_7.1.1_125/lpcxpresso/tools/bin/../lib/gcc/arm-none-eabi/4.8.3/../../../../arm-none-eabi/lib/armv6-m/libcr_c.a(__weak__main.o)
 .ARM.attributes
                0x00000310       0x31 /usr/local/lpcxpresso_7.1.1_125/lpcxpresso/tools/bin/../lib/gcc/arm-none-eabi/4.8.3/../../../../arm-none-eabi/lib/armv6-m/libcr_c.a(printf.o)
 .ARM.attributes
                0x00000341       0x31 /usr/local/lpcxpresso_7.1.1_125/lpcxpresso/tools/bin/../lib/gcc/arm-none-eabi/4.8.3/../../../../arm-none-eabi/lib/armv6-m/libcr_c.a(stdio.o)
 .ARM.attributes
                0x00000372       0x31 /usr/local/lpcxpresso_7.1.1_125/lpcxpresso/tools/bin/../lib/gcc/arm-none-eabi/4.8.3/../../../../arm-none-eabi/lib/armv6-m/libcr_c.a(strlen.o)
 .ARM.attributes
                0x000003a3       0x31 /usr/local/lpcxpresso_7.1.1_125/lpcxpresso/tools/bin/../lib/gcc/arm-none-eabi/4.8.3/../../../../arm-none-eabi/lib/armv6-m/libcr_c.a(memset.o)
 .ARM.attributes
                0x000003d4       0x31 /usr/local/lpcxpresso_7.1.1_125/lpcxpresso/tools/bin/../lib/gcc/arm-none-eabi/4.8.3/../../../../arm-none-eabi/lib/armv6-m/libcr_c.a(_deferredlazyseek.o)
 .ARM.attributes
                0x00000405       0x31 /usr/local/lpcxpresso_7.1.1_125/lpcxpresso/tools/bin/../lib/gcc/arm-none-eabi/4.8.3/../../../../arm-none-eabi/lib/armv6-m/libcr_c.a(_fflush.o)
 .ARM.attributes
                0x00000436       0x31 /usr/local/lpcxpresso_7.1.1_125/lpcxpresso/tools/bin/../lib/gcc/arm-none-eabi/4.8.3/../../../../arm-none-eabi/lib/armv6-m/libcr_c.a(_writebuf.o)
 .ARM.attributes
                0x00000467       0x31 /usr/local/lpcxpresso_7.1.1_125/lpcxpresso/tools/bin/../lib/gcc/arm-none-eabi/4.8.3/../../../../arm-none-eabi/lib/armv6-m/libcr_c.a(alloc.o)
 .ARM.attributes
                0x00000498       0x31 /usr/local/lpcxpresso_7.1.1_125/lpcxpresso/tools/bin/../lib/gcc/arm-none-eabi/4.8.3/../../../../arm-none-eabi/lib/armv6-m/libcr_c.a(fseek.o)
 .ARM.attributes
                0x000004c9       0x31 /usr/local/lpcxpresso_7.1.1_125/lpcxpresso/tools/bin/../lib/gcc/arm-none-eabi/4.8.3/../../../../arm-none-eabi/lib/armv6-m/libcr_c.a(ftell.o)
 .ARM.attributes
                0x000004fa       0x31 /usr/local/lpcxpresso_7.1.1_125/lpcxpresso/tools/bin/../lib/gcc/arm-none-eabi/4.8.3/../../../../arm-none-eabi/lib/armv6-m/libcr_c.a(__init_alloc.o)
 .ARM.attributes
                0x0000052b       0x31 /usr/local/lpcxpresso_7.1.1_125/lpcxpresso/tools/bin/../lib/gcc/arm-none-eabi/4.8.3/../../../../arm-none-eabi/lib/armv6-m/libcr_c.a(_cr_sbrk.o)
 .ARM.attributes
                0x0000055c       0x31 /usr/local/lpcxpresso_7.1.1_125/lpcxpresso/tools/bin/../lib/gcc/arm-none-eabi/4.8.3/../../../../arm-none-eabi/lib/armv6-m/libcr_c.a(errno.o)
 .ARM.attributes
                0x0000058d       0x31 /usr/local/lpcxpresso_7.1.1_125/lpcxpresso/tools/bin/../lib/gcc/arm-none-eabi/4.8.3/../../../../arm-none-eabi/lib/armv6-m/libcr_c.a(_cr_check_heap.o)
 .ARM.attributes
                0x000005be       0x21 /usr/local/lpcxpresso_7.1.1_125/lpcxpresso/tools/bin/../lib/gcc/arm-none-eabi/4.8.3/armv6-m/libcr_eabihelpers.a(division_32.o)
 .ARM.attributes
                0x000005df       0x21 /usr/local/lpcxpresso_7.1.1_125/lpcxpresso/tools/bin/../lib/gcc/arm-none-eabi/4.8.3/armv6-m/libcr_eabihelpers.a(division_idiv0.o)
 .ARM.attributes
                0x00000600       0x31 /usr/local/lpcxpresso_7.1.1_125/lpcxpresso/tools/bin/../lib/gcc/arm-none-eabi/4.8.3/armv6-m/libcr_eabihelpers.a(double.o)
 .ARM.attributes
                0x00000631       0x31 /usr/local/lpcxpresso_7.1.1_125/lpcxpresso/tools/bin/../lib/gcc/arm-none-eabi/4.8.3/armv6-m/libcr_eabihelpers.a(float.o)
 .ARM.attributes
                0x00000662       0x21 /usr/local/lpcxpresso_7.1.1_125/lpcxpresso/tools/bin/../lib/gcc/arm-none-eabi/4.8.3/armv6-m/libcr_eabihelpers.a(llong.o)
 .ARM.attributes
                0x00000683       0x21 /usr/local/lpcxpresso_7.1.1_125/lpcxpresso/tools/bin/../lib/gcc/arm-none-eabi/4.8.3/armv6-m/libcr_eabihelpers.a(memcpy.o)
 .ARM.attributes
                0x000006a4       0x21 /usr/local/lpcxpresso_7.1.1_125/lpcxpresso/tools/bin/../lib/gcc/arm-none-eabi/4.8.3/armv6-m/libcr_eabihelpers.a(thumb1_switch_helpers.o)

.debug_frame    0x00000000      0xc40
 .debug_frame   0x00000000      0x1dc ./src/board.o
 .debug_frame   0x000001dc       0xa0 ./src/ccan_rom.o
 .debug_frame   0x0000027c       0xb0 ./src/cr_startup_lpc11xx.o
 .debug_frame   0x0000032c      0x220 ./src/ff.o
 .debug_frame   0x0000054c       0x48 ./src/main.o
 .debug_frame   0x00000594      0x15c ./src/mmc.o
 .debug_frame   0x000006f0       0x5c ./src/rtc.o
 .debug_frame   0x0000074c       0x28 ./src/sysinit.o
 .debug_frame   0x00000774       0x70 ./src/systick.o
 .debug_frame   0x000007e4      0x120 /home/kevin/workspace/lpc_chip_11cxx_lib/Release/liblpc_chip_11cxx_lib.a(adc_11xx.o)
 .debug_frame   0x00000904       0xd0 /home/kevin/workspace/lpc_chip_11cxx_lib/Release/liblpc_chip_11cxx_lib.a(clock_11xx.o)
 .debug_frame   0x000009d4       0x58 /home/kevin/workspace/lpc_chip_11cxx_lib/Release/liblpc_chip_11cxx_lib.a(sysctl_11xx.o)
 .debug_frame   0x00000a2c       0x28 /home/kevin/workspace/lpc_chip_11cxx_lib/Release/liblpc_chip_11cxx_lib.a(sysinit_11xx.o)
 .debug_frame   0x00000a54       0x60 /home/kevin/workspace/lpc_chip_11cxx_lib/Release/liblpc_chip_11cxx_lib.a(timer_11xx.o)
 .debug_frame   0x00000ab4      0x18c /home/kevin/workspace/lpc_chip_11cxx_lib/Release/liblpc_chip_11cxx_lib.a(uart_11xx.o)
