Archive member included because of file (symbol)

/home/kevin/lpcxpresso/nxp_lpcxpresso_11c24_board_lib/Debug/libnxp_lpcxpresso_11c24_board_lib.a(board.o)
                              ./src/main.o (Board_LED_Set)
/home/kevin/lpcxpresso/nxp_lpcxpresso_11c24_board_lib/Debug/libnxp_lpcxpresso_11c24_board_lib.a(board_sysinit.o)
                              ./src/sysinit.o (Board_SystemInit)
/home/kevin/lpcxpresso/lpc_chip_11cxx_lib/Debug/liblpc_chip_11cxx_lib.a(chip_11xx.o)
                              ./src/main.o (SystemCoreClockUpdate)
/home/kevin/lpcxpresso/lpc_chip_11cxx_lib/Debug/liblpc_chip_11cxx_lib.a(clock_11xx.o)
                              /home/kevin/lpcxpresso/nxp_lpcxpresso_11c24_board_lib/Debug/libnxp_lpcxpresso_11c24_board_lib.a(board_sysinit.o) (Chip_Clock_SetSystemPLLSource)
/home/kevin/lpcxpresso/lpc_chip_11cxx_lib/Debug/liblpc_chip_11cxx_lib.a(gpio_11xx_2.o)
                              /home/kevin/lpcxpresso/nxp_lpcxpresso_11c24_board_lib/Debug/libnxp_lpcxpresso_11c24_board_lib.a(board.o) (Chip_GPIO_Init)
/home/kevin/lpcxpresso/lpc_chip_11cxx_lib/Debug/liblpc_chip_11cxx_lib.a(sysctl_11xx.o)
                              /home/kevin/lpcxpresso/nxp_lpcxpresso_11c24_board_lib/Debug/libnxp_lpcxpresso_11c24_board_lib.a(board_sysinit.o) (Chip_SYSCTL_PowerDown)
/home/kevin/lpcxpresso/lpc_chip_11cxx_lib/Debug/liblpc_chip_11cxx_lib.a(uart_11xx.o)
                              /home/kevin/lpcxpresso/nxp_lpcxpresso_11c24_board_lib/Debug/libnxp_lpcxpresso_11c24_board_lib.a(board.o) (Chip_UART_Init)
/home/kevin/lpcxpresso/lpc_chip_11cxx_lib/Debug/liblpc_chip_11cxx_lib.a(ring_buffer.o)
                              /home/kevin/lpcxpresso/lpc_chip_11cxx_lib/Debug/liblpc_chip_11cxx_lib.a(uart_11xx.o) (RingBuffer_Insert)
/usr/local/lpcxpresso_6.1.0_164/lpcxpresso/tools/bin/../lib/gcc/arm-none-eabi/4.6.2/../../../../arm-none-eabi/lib/armv6-m/libcr_c.a(memcpy.o)
                              /home/kevin/lpcxpresso/lpc_chip_11cxx_lib/Debug/liblpc_chip_11cxx_lib.a(ring_buffer.o) (memcpy)
/usr/local/lpcxpresso_6.1.0_164/lpcxpresso/tools/bin/../lib/gcc/arm-none-eabi/4.6.2/../../../../arm-none-eabi/lib/armv6-m/libcr_c.a(__weak__main.o)
                              ./src/cr_startup_lpc11xx.o (__main)
/usr/local/lpcxpresso_6.1.0_164/lpcxpresso/tools/bin/../lib/gcc/arm-none-eabi/4.6.2/armv6-m/libcr_eabihelpers.a(division.o)
                              /home/kevin/lpcxpresso/lpc_chip_11cxx_lib/Debug/liblpc_chip_11cxx_lib.a(clock_11xx.o) (__aeabi_uidiv)
/usr/local/lpcxpresso_6.1.0_164/lpcxpresso/tools/bin/../lib/gcc/arm-none-eabi/4.6.2/armv6-m/libcr_eabihelpers.a(memcpy.o)
                              /usr/local/lpcxpresso_6.1.0_164/lpcxpresso/tools/bin/../lib/gcc/arm-none-eabi/4.6.2/../../../../arm-none-eabi/lib/armv6-m/libcr_c.a(memcpy.o) (__aeabi_memcpy)

Allocating common symbols
Common symbol       size              file

SystemCoreClock     0x4               /home/kevin/lpcxpresso/lpc_chip_11cxx_lib/Debug/liblpc_chip_11cxx_lib.a(chip_11xx.o)

Discarded input sections

 .text          0x00000000        0x0 ./src/cr_startup_lpc11xx.o
 .data          0x00000000        0x0 ./src/cr_startup_lpc11xx.o
 .bss           0x00000000        0x0 ./src/cr_startup_lpc11xx.o
 .text          0x00000000        0x0 ./src/crp.o
 .data          0x00000000        0x0 ./src/crp.o
 .bss           0x00000000        0x0 ./src/crp.o
 .crp           0x00000000        0x4 ./src/crp.o
 .text          0x00000000        0x0 ./src/main.o
 .data          0x00000000        0x0 ./src/main.o
 .bss           0x00000000        0x0 ./src/main.o
 .text          0x00000000        0x0 ./src/sysinit.o
 .data          0x00000000        0x0 ./src/sysinit.o
 .bss           0x00000000        0x0 ./src/sysinit.o
 .text          0x00000000        0x0 /home/kevin/lpcxpresso/nxp_lpcxpresso_11c24_board_lib/Debug/libnxp_lpcxpresso_11c24_board_lib.a(board.o)
 .data          0x00000000        0x0 /home/kevin/lpcxpresso/nxp_lpcxpresso_11c24_board_lib/Debug/libnxp_lpcxpresso_11c24_board_lib.a(board.o)
 .bss           0x00000000        0x0 /home/kevin/lpcxpresso/nxp_lpcxpresso_11c24_board_lib/Debug/libnxp_lpcxpresso_11c24_board_lib.a(board.o)
 .text.Chip_IOCON_PinMuxSet
                0x00000000       0x28 /home/kevin/lpcxpresso/nxp_lpcxpresso_11c24_board_lib/Debug/libnxp_lpcxpresso_11c24_board_lib.a(board.o)
 .text.Chip_UART_TXEnable
                0x00000000       0x14 /home/kevin/lpcxpresso/nxp_lpcxpresso_11c24_board_lib/Debug/libnxp_lpcxpresso_11c24_board_lib.a(board.o)
 .text.Chip_UART_SetupFIFOS
                0x00000000       0x18 /home/kevin/lpcxpresso/nxp_lpcxpresso_11c24_board_lib/Debug/libnxp_lpcxpresso_11c24_board_lib.a(board.o)
 .text.Chip_UART_ConfigData
                0x00000000       0x18 /home/kevin/lpcxpresso/nxp_lpcxpresso_11c24_board_lib/Debug/libnxp_lpcxpresso_11c24_board_lib.a(board.o)
 .text.Chip_GPIO_GetPinState
                0x00000000       0x38 /home/kevin/lpcxpresso/nxp_lpcxpresso_11c24_board_lib/Debug/libnxp_lpcxpresso_11c24_board_lib.a(board.o)
 .text.Chip_GPIO_SetPinToggle
                0x00000000       0x5c /home/kevin/lpcxpresso/nxp_lpcxpresso_11c24_board_lib/Debug/libnxp_lpcxpresso_11c24_board_lib.a(board.o)
 .text.__sys_write
                0x00000000       0x18 /home/kevin/lpcxpresso/nxp_lpcxpresso_11c24_board_lib/Debug/libnxp_lpcxpresso_11c24_board_lib.a(board.o)
 .text.__sys_readc
                0x00000000       0x10 /home/kevin/lpcxpresso/nxp_lpcxpresso_11c24_board_lib/Debug/libnxp_lpcxpresso_11c24_board_lib.a(board.o)
 .rodata.ExtRateIn
                0x00000000        0x4 /home/kevin/lpcxpresso/nxp_lpcxpresso_11c24_board_lib/Debug/libnxp_lpcxpresso_11c24_board_lib.a(board.o)
 .text.Board_UARTPutChar
                0x00000000       0x24 /home/kevin/lpcxpresso/nxp_lpcxpresso_11c24_board_lib/Debug/libnxp_lpcxpresso_11c24_board_lib.a(board.o)
 .text.Board_UARTGetChar
                0x00000000       0x30 /home/kevin/lpcxpresso/nxp_lpcxpresso_11c24_board_lib/Debug/libnxp_lpcxpresso_11c24_board_lib.a(board.o)
 .text.Board_UARTPutSTR
                0x00000000       0x28 /home/kevin/lpcxpresso/nxp_lpcxpresso_11c24_board_lib/Debug/libnxp_lpcxpresso_11c24_board_lib.a(board.o)
 .text.Board_Debug_Init
                0x00000000       0x5c /home/kevin/lpcxpresso/nxp_lpcxpresso_11c24_board_lib/Debug/libnxp_lpcxpresso_11c24_board_lib.a(board.o)
 .text.Board_LED_Test
                0x00000000       0x24 /home/kevin/lpcxpresso/nxp_lpcxpresso_11c24_board_lib/Debug/libnxp_lpcxpresso_11c24_board_lib.a(board.o)
 .text.Board_LED_Toggle
                0x00000000       0x28 /home/kevin/lpcxpresso/nxp_lpcxpresso_11c24_board_lib/Debug/libnxp_lpcxpresso_11c24_board_lib.a(board.o)
 .text          0x00000000        0x0 /home/kevin/lpcxpresso/nxp_lpcxpresso_11c24_board_lib/Debug/libnxp_lpcxpresso_11c24_board_lib.a(board_sysinit.o)
 .data          0x00000000        0x0 /home/kevin/lpcxpresso/nxp_lpcxpresso_11c24_board_lib/Debug/libnxp_lpcxpresso_11c24_board_lib.a(board_sysinit.o)
 .bss           0x00000000        0x0 /home/kevin/lpcxpresso/nxp_lpcxpresso_11c24_board_lib/Debug/libnxp_lpcxpresso_11c24_board_lib.a(board_sysinit.o)
 .text          0x00000000        0x0 /home/kevin/lpcxpresso/lpc_chip_11cxx_lib/Debug/liblpc_chip_11cxx_lib.a(chip_11xx.o)
 .data          0x00000000        0x0 /home/kevin/lpcxpresso/lpc_chip_11cxx_lib/Debug/liblpc_chip_11cxx_lib.a(chip_11xx.o)
 .bss           0x00000000        0x0 /home/kevin/lpcxpresso/lpc_chip_11cxx_lib/Debug/liblpc_chip_11cxx_lib.a(chip_11xx.o)
 .text          0x00000000        0x0 /home/kevin/lpcxpresso/lpc_chip_11cxx_lib/Debug/liblpc_chip_11cxx_lib.a(clock_11xx.o)
 .data          0x00000000        0x0 /home/kevin/lpcxpresso/lpc_chip_11cxx_lib/Debug/liblpc_chip_11cxx_lib.a(clock_11xx.o)
 .bss           0x00000000        0x0 /home/kevin/lpcxpresso/lpc_chip_11cxx_lib/Debug/liblpc_chip_11cxx_lib.a(clock_11xx.o)
 .text.Chip_Clock_SetPLLBypass
                0x00000000       0x48 /home/kevin/lpcxpresso/lpc_chip_11cxx_lib/Debug/liblpc_chip_11cxx_lib.a(clock_11xx.o)
 .text.Chip_Clock_SetWDTClockSource
                0x00000000       0x3c /home/kevin/lpcxpresso/lpc_chip_11cxx_lib/Debug/liblpc_chip_11cxx_lib.a(clock_11xx.o)
 .text.Chip_Clock_SetCLKOUTSource
                0x00000000       0x3c /home/kevin/lpcxpresso/lpc_chip_11cxx_lib/Debug/liblpc_chip_11cxx_lib.a(clock_11xx.o)
 .text          0x00000000        0x0 /home/kevin/lpcxpresso/lpc_chip_11cxx_lib/Debug/liblpc_chip_11cxx_lib.a(gpio_11xx_2.o)
 .data          0x00000000        0x0 /home/kevin/lpcxpresso/lpc_chip_11cxx_lib/Debug/liblpc_chip_11cxx_lib.a(gpio_11xx_2.o)
 .bss           0x00000000        0x0 /home/kevin/lpcxpresso/lpc_chip_11cxx_lib/Debug/liblpc_chip_11cxx_lib.a(gpio_11xx_2.o)
 .text.Chip_Clock_DisablePeriphClock
                0x00000000       0x34 /home/kevin/lpcxpresso/lpc_chip_11cxx_lib/Debug/liblpc_chip_11cxx_lib.a(gpio_11xx_2.o)
 .text.Chip_GPIO_SetPinDIROutput
                0x00000000       0x48 /home/kevin/lpcxpresso/lpc_chip_11cxx_lib/Debug/liblpc_chip_11cxx_lib.a(gpio_11xx_2.o)
 .text.Chip_GPIO_SetPinDIRInput
                0x00000000       0x48 /home/kevin/lpcxpresso/lpc_chip_11cxx_lib/Debug/liblpc_chip_11cxx_lib.a(gpio_11xx_2.o)
 .text.Chip_GPIO_SetPortDIROutput
                0x00000000       0x44 /home/kevin/lpcxpresso/lpc_chip_11cxx_lib/Debug/liblpc_chip_11cxx_lib.a(gpio_11xx_2.o)
 .text.Chip_GPIO_SetPortDIRInput
                0x00000000       0x44 /home/kevin/lpcxpresso/lpc_chip_11cxx_lib/Debug/liblpc_chip_11cxx_lib.a(gpio_11xx_2.o)
 .text.Chip_GPIO_SetPinModeEdge
                0x00000000       0x44 /home/kevin/lpcxpresso/lpc_chip_11cxx_lib/Debug/liblpc_chip_11cxx_lib.a(gpio_11xx_2.o)
 .text.Chip_GPIO_SetPinModeLevel
                0x00000000       0x44 /home/kevin/lpcxpresso/lpc_chip_11cxx_lib/Debug/liblpc_chip_11cxx_lib.a(gpio_11xx_2.o)
 .text.Chip_GPIO_SetEdgeModeBoth
                0x00000000       0x44 /home/kevin/lpcxpresso/lpc_chip_11cxx_lib/Debug/liblpc_chip_11cxx_lib.a(gpio_11xx_2.o)
 .text.Chip_GPIO_SetEdgeModeSingle
                0x00000000       0x44 /home/kevin/lpcxpresso/lpc_chip_11cxx_lib/Debug/liblpc_chip_11cxx_lib.a(gpio_11xx_2.o)
 .text.Chip_GPIO_SetModeHigh
                0x00000000       0x44 /home/kevin/lpcxpresso/lpc_chip_11cxx_lib/Debug/liblpc_chip_11cxx_lib.a(gpio_11xx_2.o)
 .text.Chip_GPIO_SetModeLow
                0x00000000       0x44 /home/kevin/lpcxpresso/lpc_chip_11cxx_lib/Debug/liblpc_chip_11cxx_lib.a(gpio_11xx_2.o)
 .text.Chip_GPIO_DeInit
                0x00000000       0x14 /home/kevin/lpcxpresso/lpc_chip_11cxx_lib/Debug/liblpc_chip_11cxx_lib.a(gpio_11xx_2.o)
 .text.Chip_GPIO_WriteDirBit
                0x00000000       0x80 /home/kevin/lpcxpresso/lpc_chip_11cxx_lib/Debug/liblpc_chip_11cxx_lib.a(gpio_11xx_2.o)
 .text.Chip_GPIO_SetDir
                0x00000000       0x80 /home/kevin/lpcxpresso/lpc_chip_11cxx_lib/Debug/liblpc_chip_11cxx_lib.a(gpio_11xx_2.o)
 .text.Chip_GPIO_SetPinDIR
                0x00000000       0x54 /home/kevin/lpcxpresso/lpc_chip_11cxx_lib/Debug/liblpc_chip_11cxx_lib.a(gpio_11xx_2.o)
 .text.Chip_GPIO_SetPortDIR
                0x00000000       0x54 /home/kevin/lpcxpresso/lpc_chip_11cxx_lib/Debug/liblpc_chip_11cxx_lib.a(gpio_11xx_2.o)
 .text.Chip_GPIO_SetupPinInt
                0x00000000       0xc4 /home/kevin/lpcxpresso/lpc_chip_11cxx_lib/Debug/liblpc_chip_11cxx_lib.a(gpio_11xx_2.o)
 .text          0x00000000        0x0 /home/kevin/lpcxpresso/lpc_chip_11cxx_lib/Debug/liblpc_chip_11cxx_lib.a(sysctl_11xx.o)
 .data          0x00000000        0x0 /home/kevin/lpcxpresso/lpc_chip_11cxx_lib/Debug/liblpc_chip_11cxx_lib.a(sysctl_11xx.o)
 .bss           0x00000000        0x0 /home/kevin/lpcxpresso/lpc_chip_11cxx_lib/Debug/liblpc_chip_11cxx_lib.a(sysctl_11xx.o)
 .text.Chip_SYSCTL_SetDeepSleepPD
                0x00000000       0x28 /home/kevin/lpcxpresso/lpc_chip_11cxx_lib/Debug/liblpc_chip_11cxx_lib.a(sysctl_11xx.o)
 .text.Chip_SYSCTL_SetWakeup
                0x00000000       0x28 /home/kevin/lpcxpresso/lpc_chip_11cxx_lib/Debug/liblpc_chip_11cxx_lib.a(sysctl_11xx.o)
 .text          0x00000000        0x0 /home/kevin/lpcxpresso/lpc_chip_11cxx_lib/Debug/liblpc_chip_11cxx_lib.a(uart_11xx.o)
 .data          0x00000000        0x0 /home/kevin/lpcxpresso/lpc_chip_11cxx_lib/Debug/liblpc_chip_11cxx_lib.a(uart_11xx.o)
 .bss           0x00000000        0x0 /home/kevin/lpcxpresso/lpc_chip_11cxx_lib/Debug/liblpc_chip_11cxx_lib.a(uart_11xx.o)
 .text.Chip_Clock_EnablePeriphClock
                0x00000000       0x34 /home/kevin/lpcxpresso/lpc_chip_11cxx_lib/Debug/liblpc_chip_11cxx_lib.a(uart_11xx.o)
 .text.Chip_Clock_DisablePeriphClock
                0x00000000       0x34 /home/kevin/lpcxpresso/lpc_chip_11cxx_lib/Debug/liblpc_chip_11cxx_lib.a(uart_11xx.o)
 .text.Chip_Clock_SetUARTClockDiv
                0x00000000       0x1c /home/kevin/lpcxpresso/lpc_chip_11cxx_lib/Debug/liblpc_chip_11cxx_lib.a(uart_11xx.o)
 .text.RingBuffer_IsEmpty
                0x00000000       0x24 /home/kevin/lpcxpresso/lpc_chip_11cxx_lib/Debug/liblpc_chip_11cxx_lib.a(uart_11xx.o)
 .text.Chip_UART_SendByte
                0x00000000       0x1c /home/kevin/lpcxpresso/lpc_chip_11cxx_lib/Debug/liblpc_chip_11cxx_lib.a(uart_11xx.o)
 .text.Chip_UART_ReadByte
                0x00000000       0x18 /home/kevin/lpcxpresso/lpc_chip_11cxx_lib/Debug/liblpc_chip_11cxx_lib.a(uart_11xx.o)
 .text.Chip_UART_IntEnable
                0x00000000       0x20 /home/kevin/lpcxpresso/lpc_chip_11cxx_lib/Debug/liblpc_chip_11cxx_lib.a(uart_11xx.o)
 .text.Chip_UART_IntDisable
                0x00000000       0x20 /home/kevin/lpcxpresso/lpc_chip_11cxx_lib/Debug/liblpc_chip_11cxx_lib.a(uart_11xx.o)
 .text.Chip_UART_SetupFIFOS
                0x00000000       0x18 /home/kevin/lpcxpresso/lpc_chip_11cxx_lib/Debug/liblpc_chip_11cxx_lib.a(uart_11xx.o)
 .text.Chip_UART_ConfigData
                0x00000000       0x18 /home/kevin/lpcxpresso/lpc_chip_11cxx_lib/Debug/liblpc_chip_11cxx_lib.a(uart_11xx.o)
 .text.Chip_UART_EnableDivisorAccess
                0x00000000       0x1c /home/kevin/lpcxpresso/lpc_chip_11cxx_lib/Debug/liblpc_chip_11cxx_lib.a(uart_11xx.o)
 .text.Chip_UART_DisableDivisorAccess
                0x00000000       0x20 /home/kevin/lpcxpresso/lpc_chip_11cxx_lib/Debug/liblpc_chip_11cxx_lib.a(uart_11xx.o)
 .text.Chip_UART_SetDivisorLatches
                0x00000000       0x28 /home/kevin/lpcxpresso/lpc_chip_11cxx_lib/Debug/liblpc_chip_11cxx_lib.a(uart_11xx.o)
 .text.Chip_UART_ReadLineStatus
                0x00000000       0x14 /home/kevin/lpcxpresso/lpc_chip_11cxx_lib/Debug/liblpc_chip_11cxx_lib.a(uart_11xx.o)
 .text.Chip_UART_Init
                0x00000000       0x34 /home/kevin/lpcxpresso/lpc_chip_11cxx_lib/Debug/liblpc_chip_11cxx_lib.a(uart_11xx.o)
 .text.Chip_UART_DeInit
                0x00000000       0x14 /home/kevin/lpcxpresso/lpc_chip_11cxx_lib/Debug/liblpc_chip_11cxx_lib.a(uart_11xx.o)
 .text.Chip_UART_Send
                0x00000000       0x54 /home/kevin/lpcxpresso/lpc_chip_11cxx_lib/Debug/liblpc_chip_11cxx_lib.a(uart_11xx.o)
 .text.Chip_UART_SendBlocking
                0x00000000       0x54 /home/kevin/lpcxpresso/lpc_chip_11cxx_lib/Debug/liblpc_chip_11cxx_lib.a(uart_11xx.o)
 .text.Chip_UART_Read
                0x00000000       0x5c /home/kevin/lpcxpresso/lpc_chip_11cxx_lib/Debug/liblpc_chip_11cxx_lib.a(uart_11xx.o)
 .text.Chip_UART_ReadBlocking
                0x00000000       0x54 /home/kevin/lpcxpresso/lpc_chip_11cxx_lib/Debug/liblpc_chip_11cxx_lib.a(uart_11xx.o)
 .text.Chip_UART_SetBaud
                0x00000000       0x68 /home/kevin/lpcxpresso/lpc_chip_11cxx_lib/Debug/liblpc_chip_11cxx_lib.a(uart_11xx.o)
 .text.Chip_UART_RXIntHandlerRB
                0x00000000       0x48 /home/kevin/lpcxpresso/lpc_chip_11cxx_lib/Debug/liblpc_chip_11cxx_lib.a(uart_11xx.o)
 .text.Chip_UART_TXIntHandlerRB
                0x00000000       0x44 /home/kevin/lpcxpresso/lpc_chip_11cxx_lib/Debug/liblpc_chip_11cxx_lib.a(uart_11xx.o)
 .text.Chip_UART_SendRB
                0x00000000       0x70 /home/kevin/lpcxpresso/lpc_chip_11cxx_lib/Debug/liblpc_chip_11cxx_lib.a(uart_11xx.o)
 .text.Chip_UART_ReadRB
                0x00000000       0x28 /home/kevin/lpcxpresso/lpc_chip_11cxx_lib/Debug/liblpc_chip_11cxx_lib.a(uart_11xx.o)
 .text.Chip_UART_IRQRBHandler
                0x00000000       0x4c /home/kevin/lpcxpresso/lpc_chip_11cxx_lib/Debug/liblpc_chip_11cxx_lib.a(uart_11xx.o)
 .text.Chip_UART_SetBaudFDR
                0x00000000       0xe4 /home/kevin/lpcxpresso/lpc_chip_11cxx_lib/Debug/liblpc_chip_11cxx_lib.a(uart_11xx.o)
 .text          0x00000000        0x0 /home/kevin/lpcxpresso/lpc_chip_11cxx_lib/Debug/liblpc_chip_11cxx_lib.a(ring_buffer.o)
 .data          0x00000000        0x0 /home/kevin/lpcxpresso/lpc_chip_11cxx_lib/Debug/liblpc_chip_11cxx_lib.a(ring_buffer.o)
 .bss           0x00000000        0x0 /home/kevin/lpcxpresso/lpc_chip_11cxx_lib/Debug/liblpc_chip_11cxx_lib.a(ring_buffer.o)
 .text.RingBuffer_GetCount
                0x00000000       0x20 /home/kevin/lpcxpresso/lpc_chip_11cxx_lib/Debug/liblpc_chip_11cxx_lib.a(ring_buffer.o)
 .text.RingBuffer_GetFree
                0x00000000       0x20 /home/kevin/lpcxpresso/lpc_chip_11cxx_lib/Debug/liblpc_chip_11cxx_lib.a(ring_buffer.o)
 .text.RingBuffer_IsFull
                0x00000000       0x2c /home/kevin/lpcxpresso/lpc_chip_11cxx_lib/Debug/liblpc_chip_11cxx_lib.a(ring_buffer.o)
 .text.RingBuffer_IsEmpty
                0x00000000       0x24 /home/kevin/lpcxpresso/lpc_chip_11cxx_lib/Debug/liblpc_chip_11cxx_lib.a(ring_buffer.o)
 .text.RingBuffer_Init
                0x00000000       0x38 /home/kevin/lpcxpresso/lpc_chip_11cxx_lib/Debug/liblpc_chip_11cxx_lib.a(ring_buffer.o)
 .text.RingBuffer_Insert
                0x00000000       0x60 /home/kevin/lpcxpresso/lpc_chip_11cxx_lib/Debug/liblpc_chip_11cxx_lib.a(ring_buffer.o)
 .text.RingBuffer_InsertMult
                0x00000000      0x124 /home/kevin/lpcxpresso/lpc_chip_11cxx_lib/Debug/liblpc_chip_11cxx_lib.a(ring_buffer.o)
 .text.RingBuffer_Pop
                0x00000000       0x60 /home/kevin/lpcxpresso/lpc_chip_11cxx_lib/Debug/liblpc_chip_11cxx_lib.a(ring_buffer.o)
 .text.RingBuffer_PopMult
                0x00000000      0x124 /home/kevin/lpcxpresso/lpc_chip_11cxx_lib/Debug/liblpc_chip_11cxx_lib.a(ring_buffer.o)
 .text          0x00000000        0x0 /usr/local/lpcxpresso_6.1.0_164/lpcxpresso/tools/bin/../lib/gcc/arm-none-eabi/4.6.2/../../../../arm-none-eabi/lib/armv6-m/libcr_c.a(memcpy.o)
 .data          0x00000000        0x0 /usr/local/lpcxpresso_6.1.0_164/lpcxpresso/tools/bin/../lib/gcc/arm-none-eabi/4.6.2/../../../../arm-none-eabi/lib/armv6-m/libcr_c.a(memcpy.o)
 .bss           0x00000000        0x0 /usr/local/lpcxpresso_6.1.0_164/lpcxpresso/tools/bin/../lib/gcc/arm-none-eabi/4.6.2/../../../../arm-none-eabi/lib/armv6-m/libcr_c.a(memcpy.o)
 .text.memcpy   0x00000000        0x8 /usr/local/lpcxpresso_6.1.0_164/lpcxpresso/tools/bin/../lib/gcc/arm-none-eabi/4.6.2/../../../../arm-none-eabi/lib/armv6-m/libcr_c.a(memcpy.o)
 .text          0x00000000        0x0 /usr/local/lpcxpresso_6.1.0_164/lpcxpresso/tools/bin/../lib/gcc/arm-none-eabi/4.6.2/../../../../arm-none-eabi/lib/armv6-m/libcr_c.a(__weak__main.o)
 .data          0x00000000        0x0 /usr/local/lpcxpresso_6.1.0_164/lpcxpresso/tools/bin/../lib/gcc/arm-none-eabi/4.6.2/../../../../arm-none-eabi/lib/armv6-m/libcr_c.a(__weak__main.o)
 .bss           0x00000000        0x0 /usr/local/lpcxpresso_6.1.0_164/lpcxpresso/tools/bin/../lib/gcc/arm-none-eabi/4.6.2/../../../../arm-none-eabi/lib/armv6-m/libcr_c.a(__weak__main.o)
 .text          0x00000000        0x0 /usr/local/lpcxpresso_6.1.0_164/lpcxpresso/tools/bin/../lib/gcc/arm-none-eabi/4.6.2/armv6-m/libcr_eabihelpers.a(division.o)
 .data          0x00000000        0x0 /usr/local/lpcxpresso_6.1.0_164/lpcxpresso/tools/bin/../lib/gcc/arm-none-eabi/4.6.2/armv6-m/libcr_eabihelpers.a(division.o)
 .bss           0x00000000        0x0 /usr/local/lpcxpresso_6.1.0_164/lpcxpresso/tools/bin/../lib/gcc/arm-none-eabi/4.6.2/armv6-m/libcr_eabihelpers.a(division.o)
 .text.__aeabi_division_idivmod
                0x00000000        0x6 /usr/local/lpcxpresso_6.1.0_164/lpcxpresso/tools/bin/../lib/gcc/arm-none-eabi/4.6.2/armv6-m/libcr_eabihelpers.a(division.o)
 .text.__aeabi_division_uldivmod
                0x00000000       0x5a /usr/local/lpcxpresso_6.1.0_164/lpcxpresso/tools/bin/../lib/gcc/arm-none-eabi/4.6.2/armv6-m/libcr_eabihelpers.a(division.o)
 .text.__aeabi_division_ldivmod
                0x00000000       0x32 /usr/local/lpcxpresso_6.1.0_164/lpcxpresso/tools/bin/../lib/gcc/arm-none-eabi/4.6.2/armv6-m/libcr_eabihelpers.a(division.o)
 .text.__aeabi_division_ldiv0
                0x00000000        0x2 /usr/local/lpcxpresso_6.1.0_164/lpcxpresso/tools/bin/../lib/gcc/arm-none-eabi/4.6.2/armv6-m/libcr_eabihelpers.a(division.o)
 .text.__aeabi_division_idivq31+15
                0x00000000      0x188 /usr/local/lpcxpresso_6.1.0_164/lpcxpresso/tools/bin/../lib/gcc/arm-none-eabi/4.6.2/armv6-m/libcr_eabihelpers.a(division.o)
 .text          0x00000000        0x0 /usr/local/lpcxpresso_6.1.0_164/lpcxpresso/tools/bin/../lib/gcc/arm-none-eabi/4.6.2/armv6-m/libcr_eabihelpers.a(memcpy.o)
 .data          0x00000000        0x0 /usr/local/lpcxpresso_6.1.0_164/lpcxpresso/tools/bin/../lib/gcc/arm-none-eabi/4.6.2/armv6-m/libcr_eabihelpers.a(memcpy.o)
 .bss           0x00000000        0x0 /usr/local/lpcxpresso_6.1.0_164/lpcxpresso/tools/bin/../lib/gcc/arm-none-eabi/4.6.2/armv6-m/libcr_eabihelpers.a(memcpy.o)
 .text.__aeabi_memcpy
                0x00000000       0x2c /usr/local/lpcxpresso_6.1.0_164/lpcxpresso/tools/bin/../lib/gcc/arm-none-eabi/4.6.2/armv6-m/libcr_eabihelpers.a(memcpy.o)
 .text.__aeabi_memmove
                0x00000000       0x1c /usr/local/lpcxpresso_6.1.0_164/lpcxpresso/tools/bin/../lib/gcc/arm-none-eabi/4.6.2/armv6-m/libcr_eabihelpers.a(memcpy.o)
 .text.__aeabi_memset_lowlevel
                0x00000000       0x2a /usr/local/lpcxpresso_6.1.0_164/lpcxpresso/tools/bin/../lib/gcc/arm-none-eabi/4.6.2/armv6-m/libcr_eabihelpers.a(memcpy.o)
 .text.__aeabi_memclr
                0x00000000        0x6 /usr/local/lpcxpresso_6.1.0_164/lpcxpresso/tools/bin/../lib/gcc/arm-none-eabi/4.6.2/armv6-m/libcr_eabihelpers.a(memcpy.o)
 .text.__aeabi_memset
                0x00000000        0x8 /usr/local/lpcxpresso_6.1.0_164/lpcxpresso/tools/bin/../lib/gcc/arm-none-eabi/4.6.2/armv6-m/libcr_eabihelpers.a(memcpy.o)

Memory Configuration

Name             Origin             Length             Attributes
MFlash32         0x00000000         0x00008000         xr
RamLoc8          0x10000000         0x00002000         xrw
*default*        0x00000000         0xffffffff

Linker script and memory map

LOAD ./src/cr_startup_lpc11xx.o
LOAD ./src/crp.o
LOAD ./src/main.o
LOAD ./src/sysinit.o
LOAD /home/kevin/lpcxpresso/nxp_lpcxpresso_11c24_board_lib/Debug/libnxp_lpcxpresso_11c24_board_lib.a
LOAD /home/kevin/lpcxpresso/lpc_chip_11cxx_lib/Debug/liblpc_chip_11cxx_lib.a
START GROUP
LOAD /usr/local/lpcxpresso_6.1.0_164/lpcxpresso/tools/bin/../lib/gcc/arm-none-eabi/4.6.2/../../../../arm-none-eabi/lib/armv6-m/libcr_c.a
LOAD /usr/local/lpcxpresso_6.1.0_164/lpcxpresso/tools/bin/../lib/gcc/arm-none-eabi/4.6.2/armv6-m/libcr_eabihelpers.a
END GROUP
                0x00008000                __top_MFlash32 = 0x8000
                0x10002000                __top_RamLoc8 = 0x10002000

.text           0x00000000      0x7e0
 FILL mask 0xff
                0x00000000                __vectors_start__ = ABSOLUTE (.)
 *(.isr_vector)
 .isr_vector    0x00000000       0xc0 ./src/cr_startup_lpc11xx.o
                0x00000000                g_pfnVectors
                0x000000c0                . = ALIGN (0x4)
                0x000000c0                __section_table_start = .
                0x000000c0                __data_section_table = .
                0x000000c0        0x4 LONG 0x7e0 LOADADDR (.data)
                0x000000c4        0x4 LONG 0x10000000 ADDR (.data)
                0x000000c8        0x4 LONG 0x0 SIZEOF (.data)
                0x000000cc                __data_section_table_end = .
                0x000000cc                __bss_section_table = .
                0x000000cc        0x4 LONG 0x10000000 ADDR (.bss)
                0x000000d0        0x4 LONG 0x8 SIZEOF (.bss)
                0x000000d4                __bss_section_table_end = .
                0x000000d4                __section_table_end = .
 *(.after_vectors*)
 .after_vectors
                0x000000d4       0x80 ./src/cr_startup_lpc11xx.o
                0x000000d4                NMI_Handler
                0x000000d8                HardFault_Handler
                0x000000dc                SVC_Handler
                0x000000e0                PendSV_Handler
                0x000000e4                SysTick_Handler
                0x000000e8                data_init
                0x000000fa                bss_init
                0x0000010c                ResetISR
                0x00000150                TIMER16_0_IRQHandler
                0x00000150                UART_IRQHandler
                0x00000150                TIMER32_0_IRQHandler
                0x00000150                TIMER32_1_IRQHandler
                0x00000150                IntDefaultHandler
                0x00000150                PIOINT1_IRQHandler
                0x00000150                CAN_IRQHandler
                0x00000150                SSP0_IRQHandler
                0x00000150                TIMER16_1_IRQHandler
                0x00000150                ADC_IRQHandler
                0x00000150                SSP1_IRQHandler
                0x00000150                PIOINT2_IRQHandler
                0x00000150                BOD_IRQHandler
                0x00000150                WAKEUP_IRQHandler
                0x00000150                PIOINT0_IRQHandler
                0x00000150                I2C_IRQHandler
                0x00000150                WDT_IRQHandler
                0x00000150                PIOINT3_IRQHandler
 *(.text*)
 .text.main     0x00000154       0x24 ./src/main.o
                0x00000154                main
 .text.SystemInit
                0x00000178        0xc ./src/sysinit.o
                0x00000178                SystemInit
 .text.Chip_GPIO_SetPinState
                0x00000184       0x48 /home/kevin/lpcxpresso/nxp_lpcxpresso_11c24_board_lib/Debug/libnxp_lpcxpresso_11c24_board_lib.a(board.o)
 .text.Chip_GPIO_SetPinDIROutput
                0x000001cc       0x48 /home/kevin/lpcxpresso/nxp_lpcxpresso_11c24_board_lib/Debug/libnxp_lpcxpresso_11c24_board_lib.a(board.o)
 .text.Board_LED_Init
                0x00000214       0x18 /home/kevin/lpcxpresso/nxp_lpcxpresso_11c24_board_lib/Debug/libnxp_lpcxpresso_11c24_board_lib.a(board.o)
 .text.Board_LED_Set
                0x0000022c       0x34 /home/kevin/lpcxpresso/nxp_lpcxpresso_11c24_board_lib/Debug/libnxp_lpcxpresso_11c24_board_lib.a(board.o)
                0x0000022c                Board_LED_Set
 .text.Board_Init
                0x00000260       0x18 /home/kevin/lpcxpresso/nxp_lpcxpresso_11c24_board_lib/Debug/libnxp_lpcxpresso_11c24_board_lib.a(board.o)
                0x00000260                Board_Init
 .text.Chip_FMC_SetFLASHAccess
                0x00000278       0x2c /home/kevin/lpcxpresso/nxp_lpcxpresso_11c24_board_lib/Debug/libnxp_lpcxpresso_11c24_board_lib.a(board_sysinit.o)
 .text.Chip_Clock_SetupSystemPLL
                0x000002a4       0x34 /home/kevin/lpcxpresso/nxp_lpcxpresso_11c24_board_lib/Debug/libnxp_lpcxpresso_11c24_board_lib.a(board_sysinit.o)
 .text.Chip_Clock_IsSystemPLLLocked
                0x000002d8       0x1c /home/kevin/lpcxpresso/nxp_lpcxpresso_11c24_board_lib/Debug/libnxp_lpcxpresso_11c24_board_lib.a(board_sysinit.o)
 .text.Chip_Clock_SetSysClockDiv
                0x000002f4       0x18 /home/kevin/lpcxpresso/nxp_lpcxpresso_11c24_board_lib/Debug/libnxp_lpcxpresso_11c24_board_lib.a(board_sysinit.o)
 .text.Chip_Clock_EnablePeriphClock
                0x0000030c       0x34 /home/kevin/lpcxpresso/nxp_lpcxpresso_11c24_board_lib/Debug/libnxp_lpcxpresso_11c24_board_lib.a(board_sysinit.o)
 .text.Chip_IOCON_PinMuxSet
                0x00000340       0x28 /home/kevin/lpcxpresso/nxp_lpcxpresso_11c24_board_lib/Debug/libnxp_lpcxpresso_11c24_board_lib.a(board_sysinit.o)
 .text.SystemSetupClocking
                0x00000368       0x64 /home/kevin/lpcxpresso/nxp_lpcxpresso_11c24_board_lib/Debug/libnxp_lpcxpresso_11c24_board_lib.a(board_sysinit.o)
 .text.SystemSetupMuxing
                0x000003cc       0x4c /home/kevin/lpcxpresso/nxp_lpcxpresso_11c24_board_lib/Debug/libnxp_lpcxpresso_11c24_board_lib.a(board_sysinit.o)
 .text.Board_SystemInit
                0x00000418       0x10 /home/kevin/lpcxpresso/nxp_lpcxpresso_11c24_board_lib/Debug/libnxp_lpcxpresso_11c24_board_lib.a(board_sysinit.o)
                0x00000418                Board_SystemInit
 .text.SystemCoreClockUpdate
                0x00000428       0x18 /home/kevin/lpcxpresso/lpc_chip_11cxx_lib/Debug/liblpc_chip_11cxx_lib.a(chip_11xx.o)
                0x00000428                SystemCoreClockUpdate
 .text.Chip_Clock_GetMainOscRate
                0x00000440       0x14 /home/kevin/lpcxpresso/lpc_chip_11cxx_lib/Debug/liblpc_chip_11cxx_lib.a(clock_11xx.o)
 .text.Chip_Clock_GetIntOscRate
                0x00000454       0x10 /home/kevin/lpcxpresso/lpc_chip_11cxx_lib/Debug/liblpc_chip_11cxx_lib.a(clock_11xx.o)
 .text.Chip_Clock_GetWDTLFORate
                0x00000464       0x48 /home/kevin/lpcxpresso/lpc_chip_11cxx_lib/Debug/liblpc_chip_11cxx_lib.a(clock_11xx.o)
 .text.Chip_Clock_GetPLLFreq
                0x000004ac       0x24 /home/kevin/lpcxpresso/lpc_chip_11cxx_lib/Debug/liblpc_chip_11cxx_lib.a(clock_11xx.o)
 .text.Chip_Clock_SetSystemPLLSource
                0x000004d0       0x2c /home/kevin/lpcxpresso/lpc_chip_11cxx_lib/Debug/liblpc_chip_11cxx_lib.a(clock_11xx.o)
                0x000004d0                Chip_Clock_SetSystemPLLSource
 .text.Chip_Clock_SetMainClockSource
                0x000004fc       0x2c /home/kevin/lpcxpresso/lpc_chip_11cxx_lib/Debug/liblpc_chip_11cxx_lib.a(clock_11xx.o)
                0x000004fc                Chip_Clock_SetMainClockSource
 .text.Chip_Clock_GetWDTOSCRate
                0x00000528       0x1c /home/kevin/lpcxpresso/lpc_chip_11cxx_lib/Debug/liblpc_chip_11cxx_lib.a(clock_11xx.o)
                0x00000528                Chip_Clock_GetWDTOSCRate
 .text.Chip_Clock_GetSystemPLLInClockRate
                0x00000544       0x40 /home/kevin/lpcxpresso/lpc_chip_11cxx_lib/Debug/liblpc_chip_11cxx_lib.a(clock_11xx.o)
                0x00000544                Chip_Clock_GetSystemPLLInClockRate
 .text.Chip_Clock_GetSystemPLLOutClockRate
                0x00000584       0x24 /home/kevin/lpcxpresso/lpc_chip_11cxx_lib/Debug/liblpc_chip_11cxx_lib.a(clock_11xx.o)
                0x00000584                Chip_Clock_GetSystemPLLOutClockRate
 .text.Chip_Clock_GetMainClockRate
                0x000005a8       0x64 /home/kevin/lpcxpresso/lpc_chip_11cxx_lib/Debug/liblpc_chip_11cxx_lib.a(clock_11xx.o)
                0x000005a8                Chip_Clock_GetMainClockRate
 .text.Chip_Clock_GetSystemClockRate
                0x0000060c       0x24 /home/kevin/lpcxpresso/lpc_chip_11cxx_lib/Debug/liblpc_chip_11cxx_lib.a(clock_11xx.o)
                0x0000060c                Chip_Clock_GetSystemClockRate
 .text.Chip_Clock_EnablePeriphClock
                0x00000630       0x34 /home/kevin/lpcxpresso/lpc_chip_11cxx_lib/Debug/liblpc_chip_11cxx_lib.a(gpio_11xx_2.o)
 .text.Chip_GPIO_Init
                0x00000664       0x14 /home/kevin/lpcxpresso/lpc_chip_11cxx_lib/Debug/liblpc_chip_11cxx_lib.a(gpio_11xx_2.o)
                0x00000664                Chip_GPIO_Init
 .text.Chip_SYSCTL_PowerDown
                0x00000678       0x40 /home/kevin/lpcxpresso/lpc_chip_11cxx_lib/Debug/liblpc_chip_11cxx_lib.a(sysctl_11xx.o)
                0x00000678                Chip_SYSCTL_PowerDown
 .text.Chip_SYSCTL_PowerUp
                0x000006b8       0x40 /home/kevin/lpcxpresso/lpc_chip_11cxx_lib/Debug/liblpc_chip_11cxx_lib.a(sysctl_11xx.o)
                0x000006b8                Chip_SYSCTL_PowerUp
 .text.__weak_main
                0x000006f8        0x8 /usr/local/lpcxpresso_6.1.0_164/lpcxpresso/tools/bin/../lib/gcc/arm-none-eabi/4.6.2/../../../../arm-none-eabi/lib/armv6-m/libcr_c.a(__weak__main.o)
                0x000006f8                __main
                0x000006f8                __weak_main
 .text.__aeabi_division_uidivmod
                0x00000700       0x72 /usr/local/lpcxpresso_6.1.0_164/lpcxpresso/tools/bin/../lib/gcc/arm-none-eabi/4.6.2/armv6-m/libcr_eabihelpers.a(division.o)
                0x00000700                __aeabi_uidiv
                0x00000700                __aeabi_uidivmod
 .text.__aeabi_division_idiv0
                0x00000772        0x2 /usr/local/lpcxpresso_6.1.0_164/lpcxpresso/tools/bin/../lib/gcc/arm-none-eabi/4.6.2/armv6-m/libcr_eabihelpers.a(division.o)
                0x00000772                __aeabi_idiv0
 *(.rodata .rodata.*)
 .rodata.OscRateIn
                0x00000774        0x4 /home/kevin/lpcxpresso/nxp_lpcxpresso_11c24_board_lib/Debug/libnxp_lpcxpresso_11c24_board_lib.a(board.o)
                0x00000774                OscRateIn
 .rodata.pinmuxing
                0x00000778       0x28 /home/kevin/lpcxpresso/nxp_lpcxpresso_11c24_board_lib/Debug/libnxp_lpcxpresso_11c24_board_lib.a(board_sysinit.o)
 .rodata.wdtOSCRate
                0x000007a0       0x40 /home/kevin/lpcxpresso/lpc_chip_11cxx_lib/Debug/liblpc_chip_11cxx_lib.a(clock_11xx.o)
                0x000007e0                . = ALIGN (0x4)

.glue_7         0x000007e0        0x0
 .glue_7        0x00000000        0x0 linker stubs

.glue_7t        0x000007e0        0x0
 .glue_7t       0x00000000        0x0 linker stubs

.vfp11_veneer   0x000007e0        0x0
 .vfp11_veneer  0x00000000        0x0 linker stubs

.v4_bx          0x000007e0        0x0
 .v4_bx         0x00000000        0x0 linker stubs

.ARM.extab
 *(.ARM.extab* .gnu.linkonce.armextab.*)
                0x000007e0                __exidx_start = .

.ARM.exidx
 *(.ARM.exidx* .gnu.linkonce.armexidx.*)
                0x000007e0                __exidx_end = .
                0x000007e0                _etext = .

.uninit_RESERVED
                0x10000000        0x0
 *(.bss.$RESERVED*)
                0x10000000                . = ALIGN (0x4)
                0x10000000                _end_uninit_RESERVED = .

.data           0x10000000        0x0 load address 0x000007e0
 FILL mask 0xff
                0x10000000                _data = .
 *(vtable)
 *(.data*)
                0x10000000                . = ALIGN (0x4)
                0x10000000                _edata = .

.bss            0x10000000        0x8 load address 0x000007e0
                0x10000000                _bss = .
 *(.bss*)
 .bss.i.5733    0x10000000        0x4 ./src/main.o
 *(COMMON)
 COMMON         0x10000004        0x4 /home/kevin/lpcxpresso/lpc_chip_11cxx_lib/Debug/liblpc_chip_11cxx_lib.a(chip_11xx.o)
                0x10000004                SystemCoreClock
                0x10000008                . = ALIGN (0x4)
                0x10000008                _ebss = .
                0x10000008                PROVIDE (end, .)

.noinit         0x10000008        0x0 load address 0x000007e0
                0x10000008                _noinit = .
 *(.noinit*)
                0x10000008                . = ALIGN (0x4)
                0x10000008                _end_noinit = .
                0x10000008                PROVIDE (_pvHeapStart, .)
                0x10002000                PROVIDE (_vStackTop, (__top_RamLoc8 - 0x0))
OUTPUT(obd2.axf elf32-littlearm)

.debug_info     0x00000000     0x4760
 .debug_info    0x00000000      0x252 ./src/cr_startup_lpc11xx.o
 .debug_info    0x00000252       0x48 ./src/crp.o
 .debug_info    0x0000029a       0xe5 ./src/main.o
 .debug_info    0x0000037f       0xc8 ./src/sysinit.o
 .debug_info    0x00000447      0x8ad /home/kevin/lpcxpresso/nxp_lpcxpresso_11c24_board_lib/Debug/libnxp_lpcxpresso_11c24_board_lib.a(board.o)
 .debug_info    0x00000cf4      0xaed /home/kevin/lpcxpresso/nxp_lpcxpresso_11c24_board_lib/Debug/libnxp_lpcxpresso_11c24_board_lib.a(board_sysinit.o)
 .debug_info    0x000017e1       0xe1 /home/kevin/lpcxpresso/lpc_chip_11cxx_lib/Debug/liblpc_chip_11cxx_lib.a(chip_11xx.o)
 .debug_info    0x000018c2      0x93f /home/kevin/lpcxpresso/lpc_chip_11cxx_lib/Debug/liblpc_chip_11cxx_lib.a(clock_11xx.o)
 .debug_info    0x00002201      0xc2c /home/kevin/lpcxpresso/lpc_chip_11cxx_lib/Debug/liblpc_chip_11cxx_lib.a(gpio_11xx_2.o)
 .debug_info    0x00002e2d      0x62f /home/kevin/lpcxpresso/lpc_chip_11cxx_lib/Debug/liblpc_chip_11cxx_lib.a(sysctl_11xx.o)
 .debug_info    0x0000345c      0xf92 /home/kevin/lpcxpresso/lpc_chip_11cxx_lib/Debug/liblpc_chip_11cxx_lib.a(uart_11xx.o)
 .debug_info    0x000043ee      0x372 /home/kevin/lpcxpresso/lpc_chip_11cxx_lib/Debug/liblpc_chip_11cxx_lib.a(ring_buffer.o)

.debug_abbrev   0x00000000      0xcd3
 .debug_abbrev  0x00000000       0xe5 ./src/cr_startup_lpc11xx.o
 .debug_abbrev  0x000000e5       0x39 ./src/crp.o
 .debug_abbrev  0x0000011e       0x82 ./src/main.o
 .debug_abbrev  0x000001a0       0x68 ./src/sysinit.o
 .debug_abbrev  0x00000208      0x20a /home/kevin/lpcxpresso/nxp_lpcxpresso_11c24_board_lib/Debug/libnxp_lpcxpresso_11c24_board_lib.a(board.o)
 .debug_abbrev  0x00000412      0x1b1 /home/kevin/lpcxpresso/nxp_lpcxpresso_11c24_board_lib/Debug/libnxp_lpcxpresso_11c24_board_lib.a(board_sysinit.o)
 .debug_abbrev  0x000005c3       0x8a /home/kevin/lpcxpresso/lpc_chip_11cxx_lib/Debug/liblpc_chip_11cxx_lib.a(chip_11xx.o)
 .debug_abbrev  0x0000064d      0x182 /home/kevin/lpcxpresso/lpc_chip_11cxx_lib/Debug/liblpc_chip_11cxx_lib.a(clock_11xx.o)
 .debug_abbrev  0x000007cf      0x174 /home/kevin/lpcxpresso/lpc_chip_11cxx_lib/Debug/liblpc_chip_11cxx_lib.a(gpio_11xx_2.o)
 .debug_abbrev  0x00000943       0xbd /home/kevin/lpcxpresso/lpc_chip_11cxx_lib/Debug/liblpc_chip_11cxx_lib.a(sysctl_11xx.o)
 .debug_abbrev  0x00000a00      0x1e4 /home/kevin/lpcxpresso/lpc_chip_11cxx_lib/Debug/liblpc_chip_11cxx_lib.a(uart_11xx.o)
 .debug_abbrev  0x00000be4       0xef /home/kevin/lpcxpresso/lpc_chip_11cxx_lib/Debug/liblpc_chip_11cxx_lib.a(ring_buffer.o)

.debug_loc      0x00000000     0x18a7
 .debug_loc     0x00000000      0x28f ./src/cr_startup_lpc11xx.o
 .debug_loc     0x0000028f       0x2c ./src/main.o
 .debug_loc     0x000002bb       0x2c ./src/sysinit.o
 .debug_loc     0x000002e7      0x3f8 /home/kevin/lpcxpresso/nxp_lpcxpresso_11c24_board_lib/Debug/libnxp_lpcxpresso_11c24_board_lib.a(board.o)
 .debug_loc     0x000006df      0x1e0 /home/kevin/lpcxpresso/nxp_lpcxpresso_11c24_board_lib/Debug/libnxp_lpcxpresso_11c24_board_lib.a(board_sysinit.o)
 .debug_loc     0x000008bf       0x2c /home/kevin/lpcxpresso/lpc_chip_11cxx_lib/Debug/liblpc_chip_11cxx_lib.a(chip_11xx.o)
 .debug_loc     0x000008eb      0x2d4 /home/kevin/lpcxpresso/lpc_chip_11cxx_lib/Debug/liblpc_chip_11cxx_lib.a(clock_11xx.o)
 .debug_loc     0x00000bbf      0x428 /home/kevin/lpcxpresso/lpc_chip_11cxx_lib/Debug/liblpc_chip_11cxx_lib.a(gpio_11xx_2.o)
 .debug_loc     0x00000fe7       0xe0 /home/kevin/lpcxpresso/lpc_chip_11cxx_lib/Debug/liblpc_chip_11cxx_lib.a(sysctl_11xx.o)
 .debug_loc     0x000010c7      0x5e8 /home/kevin/lpcxpresso/lpc_chip_11cxx_lib/Debug/liblpc_chip_11cxx_lib.a(uart_11xx.o)
 .debug_loc     0x000016af      0x1f8 /home/kevin/lpcxpresso/lpc_chip_11cxx_lib/Debug/liblpc_chip_11cxx_lib.a(ring_buffer.o)

.debug_aranges  0x00000000      0x490
 .debug_aranges
                0x00000000       0x60 ./src/cr_startup_lpc11xx.o
 .debug_aranges
                0x00000060       0x20 ./src/main.o
 .debug_aranges
                0x00000080       0x20 ./src/sysinit.o
 .debug_aranges
                0x000000a0       0xb0 /home/kevin/lpcxpresso/nxp_lpcxpresso_11c24_board_lib/Debug/libnxp_lpcxpresso_11c24_board_lib.a(board.o)
 .debug_aranges
                0x00000150       0x60 /home/kevin/lpcxpresso/nxp_lpcxpresso_11c24_board_lib/Debug/libnxp_lpcxpresso_11c24_board_lib.a(board_sysinit.o)
 .debug_aranges
                0x000001b0       0x20 /home/kevin/lpcxpresso/lpc_chip_11cxx_lib/Debug/liblpc_chip_11cxx_lib.a(chip_11xx.o)
 .debug_aranges
                0x000001d0       0x88 /home/kevin/lpcxpresso/lpc_chip_11cxx_lib/Debug/liblpc_chip_11cxx_lib.a(clock_11xx.o)
 .debug_aranges
                0x00000258       0xb0 /home/kevin/lpcxpresso/lpc_chip_11cxx_lib/Debug/liblpc_chip_11cxx_lib.a(gpio_11xx_2.o)
 .debug_aranges
                0x00000308       0x38 /home/kevin/lpcxpresso/lpc_chip_11cxx_lib/Debug/liblpc_chip_11cxx_lib.a(sysctl_11xx.o)
 .debug_aranges
                0x00000340       0xf0 /home/kevin/lpcxpresso/lpc_chip_11cxx_lib/Debug/liblpc_chip_11cxx_lib.a(uart_11xx.o)
 .debug_aranges
                0x00000430       0x60 /home/kevin/lpcxpresso/lpc_chip_11cxx_lib/Debug/liblpc_chip_11cxx_lib.a(ring_buffer.o)

.debug_ranges   0x00000000      0x3e0
 .debug_ranges  0x00000000       0x50 ./src/cr_startup_lpc11xx.o
 .debug_ranges  0x00000050       0x10 ./src/main.o
 .debug_ranges  0x00000060       0x10 ./src/sysinit.o
 .debug_ranges  0x00000070       0xa0 /home/kevin/lpcxpresso/nxp_lpcxpresso_11c24_board_lib/Debug/libnxp_lpcxpresso_11c24_board_lib.a(board.o)
 .debug_ranges  0x00000110       0x50 /home/kevin/lpcxpresso/nxp_lpcxpresso_11c24_board_lib/Debug/libnxp_lpcxpresso_11c24_board_lib.a(board_sysinit.o)
 .debug_ranges  0x00000160       0x10 /home/kevin/lpcxpresso/lpc_chip_11cxx_lib/Debug/liblpc_chip_11cxx_lib.a(chip_11xx.o)
 .debug_ranges  0x00000170       0x78 /home/kevin/lpcxpresso/lpc_chip_11cxx_lib/Debug/liblpc_chip_11cxx_lib.a(clock_11xx.o)
 .debug_ranges  0x000001e8       0xa0 /home/kevin/lpcxpresso/lpc_chip_11cxx_lib/Debug/liblpc_chip_11cxx_lib.a(gpio_11xx_2.o)
 .debug_ranges  0x00000288       0x28 /home/kevin/lpcxpresso/lpc_chip_11cxx_lib/Debug/liblpc_chip_11cxx_lib.a(sysctl_11xx.o)
 .debug_ranges  0x000002b0       0xe0 /home/kevin/lpcxpresso/lpc_chip_11cxx_lib/Debug/liblpc_chip_11cxx_lib.a(uart_11xx.o)
 .debug_ranges  0x00000390       0x50 /home/kevin/lpcxpresso/lpc_chip_11cxx_lib/Debug/liblpc_chip_11cxx_lib.a(ring_buffer.o)

.debug_line     0x00000000     0x3b42
 .debug_line    0x00000000       0xa4 ./src/cr_startup_lpc11xx.o
 .debug_line    0x000000a4       0xb0 ./src/crp.o
 .debug_line    0x00000154      0x565 ./src/main.o
 .debug_line    0x000006b9      0x544 ./src/sysinit.o
 .debug_line    0x00000bfd      0x6cd /home/kevin/lpcxpresso/nxp_lpcxpresso_11c24_board_lib/Debug/libnxp_lpcxpresso_11c24_board_lib.a(board.o)
 .debug_line    0x000012ca      0x63b /home/kevin/lpcxpresso/nxp_lpcxpresso_11c24_board_lib/Debug/libnxp_lpcxpresso_11c24_board_lib.a(board_sysinit.o)
 .debug_line    0x00001905      0x4dc /home/kevin/lpcxpresso/lpc_chip_11cxx_lib/Debug/liblpc_chip_11cxx_lib.a(chip_11xx.o)
 .debug_line    0x00001de1      0x607 /home/kevin/lpcxpresso/lpc_chip_11cxx_lib/Debug/liblpc_chip_11cxx_lib.a(clock_11xx.o)
 .debug_line    0x000023e8      0x662 /home/kevin/lpcxpresso/lpc_chip_11cxx_lib/Debug/liblpc_chip_11cxx_lib.a(gpio_11xx_2.o)
 .debug_line    0x00002a4a      0x519 /home/kevin/lpcxpresso/lpc_chip_11cxx_lib/Debug/liblpc_chip_11cxx_lib.a(sysctl_11xx.o)
 .debug_line    0x00002f63      0x764 /home/kevin/lpcxpresso/lpc_chip_11cxx_lib/Debug/liblpc_chip_11cxx_lib.a(uart_11xx.o)
 .debug_line    0x000036c7      0x47b /home/kevin/lpcxpresso/lpc_chip_11cxx_lib/Debug/liblpc_chip_11cxx_lib.a(ring_buffer.o)

.debug_macinfo  0x00000000    0x5468e
 .debug_macinfo
                0x00000000     0x22a2 ./src/cr_startup_lpc11xx.o
 .debug_macinfo
                0x000022a2     0x2323 ./src/crp.o
 .debug_macinfo
                0x000045c5     0x8cbe ./src/main.o
 .debug_macinfo
                0x0000d283     0x8928 ./src/sysinit.o
 .debug_macinfo
                0x00015bab     0x886b /home/kevin/lpcxpresso/nxp_lpcxpresso_11c24_board_lib/Debug/libnxp_lpcxpresso_11c24_board_lib.a(board.o)
 .debug_macinfo
                0x0001e416     0x8865 /home/kevin/lpcxpresso/nxp_lpcxpresso_11c24_board_lib/Debug/libnxp_lpcxpresso_11c24_board_lib.a(board_sysinit.o)
 .debug_macinfo
                0x00026c7b     0x8510 /home/kevin/lpcxpresso/lpc_chip_11cxx_lib/Debug/liblpc_chip_11cxx_lib.a(chip_11xx.o)
 .debug_macinfo
                0x0002f18b     0x8510 /home/kevin/lpcxpresso/lpc_chip_11cxx_lib/Debug/liblpc_chip_11cxx_lib.a(clock_11xx.o)
 .debug_macinfo
                0x0003769b     0x8510 /home/kevin/lpcxpresso/lpc_chip_11cxx_lib/Debug/liblpc_chip_11cxx_lib.a(gpio_11xx_2.o)
 .debug_macinfo
                0x0003fbab     0x8618 /home/kevin/lpcxpresso/lpc_chip_11cxx_lib/Debug/liblpc_chip_11cxx_lib.a(sysctl_11xx.o)
 .debug_macinfo
                0x000481c3     0x8510 /home/kevin/lpcxpresso/lpc_chip_11cxx_lib/Debug/liblpc_chip_11cxx_lib.a(uart_11xx.o)
 .debug_macinfo
                0x000506d3     0x3fbb /home/kevin/lpcxpresso/lpc_chip_11cxx_lib/Debug/liblpc_chip_11cxx_lib.a(ring_buffer.o)

.debug_str      0x00000000     0x18be
 .debug_str     0x00000000      0x19b ./src/cr_startup_lpc11xx.o
                                0x1ae (size before relaxing)
 .debug_str     0x0000019b       0x16 ./src/crp.o
                                 0x8e (size before relaxing)
 .debug_str     0x000001b1       0x83 ./src/main.o
                                0x127 (size before relaxing)
 .debug_str     0x00000234       0x11 ./src/sysinit.o
                                0x130 (size before relaxing)
 .debug_str     0x00000245      0x4d1 /home/kevin/lpcxpresso/nxp_lpcxpresso_11c24_board_lib/Debug/libnxp_lpcxpresso_11c24_board_lib.a(board.o)
                                0x5d7 (size before relaxing)
 .debug_str     0x00000716      0x6b8 /home/kevin/lpcxpresso/nxp_lpcxpresso_11c24_board_lib/Debug/libnxp_lpcxpresso_11c24_board_lib.a(board_sysinit.o)
                                0xa86 (size before relaxing)
 .debug_str     0x00000dce       0x69 /home/kevin/lpcxpresso/lpc_chip_11cxx_lib/Debug/liblpc_chip_11cxx_lib.a(chip_11xx.o)
                                0x149 (size before relaxing)
 .debug_str     0x00000e37      0x447 /home/kevin/lpcxpresso/lpc_chip_11cxx_lib/Debug/liblpc_chip_11cxx_lib.a(clock_11xx.o)
                                0x90d (size before relaxing)
 .debug_str     0x0000127e      0x242 /home/kevin/lpcxpresso/lpc_chip_11cxx_lib/Debug/liblpc_chip_11cxx_lib.a(gpio_11xx_2.o)
                                0x7eb (size before relaxing)
 .debug_str     0x000014c0       0xa5 /home/kevin/lpcxpresso/lpc_chip_11cxx_lib/Debug/liblpc_chip_11cxx_lib.a(sysctl_11xx.o)
                                0x45d (size before relaxing)
 .debug_str     0x00001565      0x297 /home/kevin/lpcxpresso/lpc_chip_11cxx_lib/Debug/liblpc_chip_11cxx_lib.a(uart_11xx.o)
                                0x8c1 (size before relaxing)
 .debug_str     0x000017fc       0xc2 /home/kevin/lpcxpresso/lpc_chip_11cxx_lib/Debug/liblpc_chip_11cxx_lib.a(ring_buffer.o)
                                0x20d (size before relaxing)

.comment        0x00000000       0x70
 .comment       0x00000000       0x70 ./src/cr_startup_lpc11xx.o
                                 0x71 (size before relaxing)
 .comment       0x00000000       0x71 ./src/crp.o
 .comment       0x00000000       0x71 ./src/main.o
 .comment       0x00000000       0x71 ./src/sysinit.o
 .comment       0x00000000       0x71 /home/kevin/lpcxpresso/nxp_lpcxpresso_11c24_board_lib/Debug/libnxp_lpcxpresso_11c24_board_lib.a(board.o)
 .comment       0x00000000       0x71 /home/kevin/lpcxpresso/nxp_lpcxpresso_11c24_board_lib/Debug/libnxp_lpcxpresso_11c24_board_lib.a(board_sysinit.o)
 .comment       0x00000000       0x71 /home/kevin/lpcxpresso/lpc_chip_11cxx_lib/Debug/liblpc_chip_11cxx_lib.a(chip_11xx.o)
 .comment       0x00000000       0x71 /home/kevin/lpcxpresso/lpc_chip_11cxx_lib/Debug/liblpc_chip_11cxx_lib.a(clock_11xx.o)
 .comment       0x00000000       0x71 /home/kevin/lpcxpresso/lpc_chip_11cxx_lib/Debug/liblpc_chip_11cxx_lib.a(gpio_11xx_2.o)
 .comment       0x00000000       0x71 /home/kevin/lpcxpresso/lpc_chip_11cxx_lib/Debug/liblpc_chip_11cxx_lib.a(sysctl_11xx.o)
 .comment       0x00000000       0x71 /home/kevin/lpcxpresso/lpc_chip_11cxx_lib/Debug/liblpc_chip_11cxx_lib.a(uart_11xx.o)
 .comment       0x00000000       0x71 /home/kevin/lpcxpresso/lpc_chip_11cxx_lib/Debug/liblpc_chip_11cxx_lib.a(ring_buffer.o)
 .comment       0x00000000       0x71 /usr/local/lpcxpresso_6.1.0_164/lpcxpresso/tools/bin/../lib/gcc/arm-none-eabi/4.6.2/../../../../arm-none-eabi/lib/armv6-m/libcr_c.a(memcpy.o)
 .comment       0x00000000       0x71 /usr/local/lpcxpresso_6.1.0_164/lpcxpresso/tools/bin/../lib/gcc/arm-none-eabi/4.6.2/../../../../arm-none-eabi/lib/armv6-m/libcr_c.a(__weak__main.o)

.ARM.attributes
                0x00000000       0x2f
 .ARM.attributes
                0x00000000       0x31 ./src/cr_startup_lpc11xx.o
 .ARM.attributes
                0x00000031       0x31 ./src/crp.o
 .ARM.attributes
                0x00000062       0x31 ./src/main.o
 .ARM.attributes
                0x00000093       0x31 ./src/sysinit.o
 .ARM.attributes
                0x000000c4       0x31 /home/kevin/lpcxpresso/nxp_lpcxpresso_11c24_board_lib/Debug/libnxp_lpcxpresso_11c24_board_lib.a(board.o)
 .ARM.attributes
                0x000000f5       0x31 /home/kevin/lpcxpresso/nxp_lpcxpresso_11c24_board_lib/Debug/libnxp_lpcxpresso_11c24_board_lib.a(board_sysinit.o)
 .ARM.attributes
                0x00000126       0x31 /home/kevin/lpcxpresso/lpc_chip_11cxx_lib/Debug/liblpc_chip_11cxx_lib.a(chip_11xx.o)
 .ARM.attributes
                0x00000157       0x31 /home/kevin/lpcxpresso/lpc_chip_11cxx_lib/Debug/liblpc_chip_11cxx_lib.a(clock_11xx.o)
 .ARM.attributes
                0x00000188       0x31 /home/kevin/lpcxpresso/lpc_chip_11cxx_lib/Debug/liblpc_chip_11cxx_lib.a(gpio_11xx_2.o)
 .ARM.attributes
                0x000001b9       0x31 /home/kevin/lpcxpresso/lpc_chip_11cxx_lib/Debug/liblpc_chip_11cxx_lib.a(sysctl_11xx.o)
 .ARM.attributes
                0x000001ea       0x31 /home/kevin/lpcxpresso/lpc_chip_11cxx_lib/Debug/liblpc_chip_11cxx_lib.a(uart_11xx.o)
 .ARM.attributes
                0x0000021b       0x31 /home/kevin/lpcxpresso/lpc_chip_11cxx_lib/Debug/liblpc_chip_11cxx_lib.a(ring_buffer.o)
 .ARM.attributes
                0x0000024c       0x31 /usr/local/lpcxpresso_6.1.0_164/lpcxpresso/tools/bin/../lib/gcc/arm-none-eabi/4.6.2/../../../../arm-none-eabi/lib/armv6-m/libcr_c.a(memcpy.o)
 .ARM.attributes
                0x0000027d       0x31 /usr/local/lpcxpresso_6.1.0_164/lpcxpresso/tools/bin/../lib/gcc/arm-none-eabi/4.6.2/../../../../arm-none-eabi/lib/armv6-m/libcr_c.a(__weak__main.o)
 .ARM.attributes
                0x000002ae       0x21 /usr/local/lpcxpresso_6.1.0_164/lpcxpresso/tools/bin/../lib/gcc/arm-none-eabi/4.6.2/armv6-m/libcr_eabihelpers.a(division.o)
 .ARM.attributes
                0x000002cf       0x21 /usr/local/lpcxpresso_6.1.0_164/lpcxpresso/tools/bin/../lib/gcc/arm-none-eabi/4.6.2/armv6-m/libcr_eabihelpers.a(memcpy.o)

.debug_frame    0x00000000      0xe5c
 .debug_frame   0x00000000       0xec ./src/cr_startup_lpc11xx.o
 .debug_frame   0x000000ec       0x2c ./src/main.o
 .debug_frame   0x00000118       0x2c ./src/sysinit.o
 .debug_frame   0x00000144      0x264 /home/kevin/lpcxpresso/nxp_lpcxpresso_11c24_board_lib/Debug/libnxp_lpcxpresso_11c24_board_lib.a(board.o)
 .debug_frame   0x000003a8      0x128 /home/kevin/lpcxpresso/nxp_lpcxpresso_11c24_board_lib/Debug/libnxp_lpcxpresso_11c24_board_lib.a(board_sysinit.o)
 .debug_frame   0x000004d0       0x2c /home/kevin/lpcxpresso/lpc_chip_11cxx_lib/Debug/liblpc_chip_11cxx_lib.a(chip_11xx.o)
 .debug_frame   0x000004fc      0x1c0 /home/kevin/lpcxpresso/lpc_chip_11cxx_lib/Debug/liblpc_chip_11cxx_lib.a(clock_11xx.o)
 .debug_frame   0x000006bc      0x270 /home/kevin/lpcxpresso/lpc_chip_11cxx_lib/Debug/liblpc_chip_11cxx_lib.a(gpio_11xx_2.o)
 .debug_frame   0x0000092c       0x90 /home/kevin/lpcxpresso/lpc_chip_11cxx_lib/Debug/liblpc_chip_11cxx_lib.a(sysctl_11xx.o)
 .debug_frame   0x000009bc      0x370 /home/kevin/lpcxpresso/lpc_chip_11cxx_lib/Debug/liblpc_chip_11cxx_lib.a(uart_11xx.o)
 .debug_frame   0x00000d2c      0x130 /home/kevin/lpcxpresso/lpc_chip_11cxx_lib/Debug/liblpc_chip_11cxx_lib.a(ring_buffer.o)
