Archive member included because of file (symbol)

/home/kevin/workspace/lpc_chip_11cxx_lib/Debug/liblpc_chip_11cxx_lib.a(adc_11xx.o)
                              ./src/board.o (Chip_ADC_Init)
/home/kevin/workspace/lpc_chip_11cxx_lib/Debug/liblpc_chip_11cxx_lib.a(chip_11xx.o)
                              ./src/main.o (SystemCoreClockUpdate)
/home/kevin/workspace/lpc_chip_11cxx_lib/Debug/liblpc_chip_11cxx_lib.a(clock_11xx.o)
                              ./src/board_sysinit.o (Chip_Clock_SetSystemPLLSource)
/home/kevin/workspace/lpc_chip_11cxx_lib/Debug/liblpc_chip_11cxx_lib.a(gpio_11xx_2.o)
                              ./src/board.o (Chip_GPIO_Init)
/home/kevin/workspace/lpc_chip_11cxx_lib/Debug/liblpc_chip_11cxx_lib.a(sysctl_11xx.o)
                              ./src/board_sysinit.o (Chip_SYSCTL_PowerDown)
/home/kevin/workspace/lpc_chip_11cxx_lib/Debug/liblpc_chip_11cxx_lib.a(timer_11xx.o)
                              ./src/board.o (Chip_TIMER_Init)
/home/kevin/workspace/lpc_chip_11cxx_lib/Debug/liblpc_chip_11cxx_lib.a(uart_11xx.o)
                              ./src/board.o (Chip_UART_Init)
/home/kevin/workspace/lpc_chip_11cxx_lib/Debug/liblpc_chip_11cxx_lib.a(ring_buffer.o)
                              /home/kevin/workspace/lpc_chip_11cxx_lib/Debug/liblpc_chip_11cxx_lib.a(uart_11xx.o) (RingBuffer_Insert)
/usr/local/lpcxpresso_7.1.1_125/lpcxpresso/tools/bin/../lib/gcc/arm-none-eabi/4.8.3/armv6-m/libgcc.a(_udivsi3.o)
                              ./src/board.o (__aeabi_uidiv)
/usr/local/lpcxpresso_7.1.1_125/lpcxpresso/tools/bin/../lib/gcc/arm-none-eabi/4.8.3/armv6-m/libgcc.a(_divsi3.o)
                              ./src/board.o (__aeabi_idiv)
/usr/local/lpcxpresso_7.1.1_125/lpcxpresso/tools/bin/../lib/gcc/arm-none-eabi/4.8.3/armv6-m/libgcc.a(_dvmd_tls.o)
                              /usr/local/lpcxpresso_7.1.1_125/lpcxpresso/tools/bin/../lib/gcc/arm-none-eabi/4.8.3/armv6-m/libgcc.a(_udivsi3.o) (__aeabi_idiv0)
/usr/local/lpcxpresso_7.1.1_125/lpcxpresso/tools/bin/../lib/gcc/arm-none-eabi/4.8.3/armv6-m/libgcc.a(mulsf3.o)
                              ./src/board.o (__aeabi_fmul)
/usr/local/lpcxpresso_7.1.1_125/lpcxpresso/tools/bin/../lib/gcc/arm-none-eabi/4.8.3/armv6-m/libgcc.a(floatsisf.o)
                              ./src/board.o (__aeabi_i2f)
/usr/local/lpcxpresso_7.1.1_125/lpcxpresso/tools/bin/../lib/gcc/arm-none-eabi/4.8.3/armv6-m/libgcc.a(muldf3.o)
                              ./src/board.o (__aeabi_dmul)
/usr/local/lpcxpresso_7.1.1_125/lpcxpresso/tools/bin/../lib/gcc/arm-none-eabi/4.8.3/armv6-m/libgcc.a(subdf3.o)
                              ./src/board.o (__aeabi_dsub)
/usr/local/lpcxpresso_7.1.1_125/lpcxpresso/tools/bin/../lib/gcc/arm-none-eabi/4.8.3/armv6-m/libgcc.a(fixdfsi.o)
                              ./src/board.o (__aeabi_d2iz)
/usr/local/lpcxpresso_7.1.1_125/lpcxpresso/tools/bin/../lib/gcc/arm-none-eabi/4.8.3/armv6-m/libgcc.a(extendsfdf2.o)
                              ./src/board.o (__aeabi_f2d)
/usr/local/lpcxpresso_7.1.1_125/lpcxpresso/tools/bin/../lib/gcc/arm-none-eabi/4.8.3/armv6-m/libgcc.a(_clzsi2.o)
                              /usr/local/lpcxpresso_7.1.1_125/lpcxpresso/tools/bin/../lib/gcc/arm-none-eabi/4.8.3/armv6-m/libgcc.a(mulsf3.o) (__clzsi2)
/usr/local/lpcxpresso_7.1.1_125/lpcxpresso/tools/bin/../lib/gcc/arm-none-eabi/4.8.3/../../../../arm-none-eabi/lib/armv6-m/libc.a(lib_a-exit.o)
                              /usr/local/lpcxpresso_7.1.1_125/lpcxpresso/tools/bin/../lib/gcc/arm-none-eabi/4.8.3/../../../../arm-none-eabi/lib/armv6-m/crt0.o (exit)
/usr/local/lpcxpresso_7.1.1_125/lpcxpresso/tools/bin/../lib/gcc/arm-none-eabi/4.8.3/../../../../arm-none-eabi/lib/armv6-m/libc.a(lib_a-impure.o)
                              /usr/local/lpcxpresso_7.1.1_125/lpcxpresso/tools/bin/../lib/gcc/arm-none-eabi/4.8.3/../../../../arm-none-eabi/lib/armv6-m/libc.a(lib_a-exit.o) (_global_impure_ptr)
/usr/local/lpcxpresso_7.1.1_125/lpcxpresso/tools/bin/../lib/gcc/arm-none-eabi/4.8.3/../../../../arm-none-eabi/lib/armv6-m/libc.a(lib_a-init.o)
                              /usr/local/lpcxpresso_7.1.1_125/lpcxpresso/tools/bin/../lib/gcc/arm-none-eabi/4.8.3/../../../../arm-none-eabi/lib/armv6-m/crt0.o (__libc_init_array)
/usr/local/lpcxpresso_7.1.1_125/lpcxpresso/tools/bin/../lib/gcc/arm-none-eabi/4.8.3/../../../../arm-none-eabi/lib/armv6-m/libc.a(lib_a-memcpy-stub.o)
                              /home/kevin/workspace/lpc_chip_11cxx_lib/Debug/liblpc_chip_11cxx_lib.a(ring_buffer.o) (memcpy)
/usr/local/lpcxpresso_7.1.1_125/lpcxpresso/tools/bin/../lib/gcc/arm-none-eabi/4.8.3/../../../../arm-none-eabi/lib/armv6-m/libc.a(lib_a-memset.o)
                              /usr/local/lpcxpresso_7.1.1_125/lpcxpresso/tools/bin/../lib/gcc/arm-none-eabi/4.8.3/../../../../arm-none-eabi/lib/armv6-m/crt0.o (memset)
/usr/local/lpcxpresso_7.1.1_125/lpcxpresso/tools/bin/../lib/gcc/arm-none-eabi/4.8.3/../../../../arm-none-eabi/lib/armv6-m/libc.a(lib_a-strlen.o)
                              ./src/board.o (strlen)
[...]
Memory Configuration

Name             Origin             Length             Attributes
MFlash32         0x00000000         0x00008000         xr
RamLoc8          0x10000000         0x00002000         xrw
*default*        0x00000000         0xffffffff

Linker script and memory map

LOAD /usr/local/lpcxpresso_7.1.1_125/lpcxpresso/tools/bin/../lib/gcc/arm-none-eabi/4.8.3/armv6-m/crti.o
LOAD /usr/local/lpcxpresso_7.1.1_125/lpcxpresso/tools/bin/../lib/gcc/arm-none-eabi/4.8.3/armv6-m/crtbegin.o
LOAD /usr/local/lpcxpresso_7.1.1_125/lpcxpresso/tools/bin/../lib/gcc/arm-none-eabi/4.8.3/../../../../arm-none-eabi/lib/armv6-m/crt0.o
LOAD ./src/board.o
LOAD ./src/board_sysinit.o
LOAD ./src/ccan_rom.o
LOAD ./src/cr_startup_lpc11xx.o
LOAD ./src/crp.o
LOAD ./src/ff.o
LOAD ./src/main.o
LOAD ./src/mmc.o
LOAD ./src/rtc.o
LOAD ./src/sysinit.o
LOAD ./src/systick.o
LOAD /home/kevin/workspace/lpc_chip_11cxx_lib/Debug/liblpc_chip_11cxx_lib.a
START GROUP
LOAD /usr/local/lpcxpresso_7.1.1_125/lpcxpresso/tools/bin/../lib/gcc/arm-none-eabi/4.8.3/armv6-m/libgcc.a
LOAD /usr/local/lpcxpresso_7.1.1_125/lpcxpresso/tools/bin/../lib/gcc/arm-none-eabi/4.8.3/../../../../arm-none-eabi/lib/armv6-m/libc.a
END GROUP
LOAD /usr/local/lpcxpresso_7.1.1_125/lpcxpresso/tools/bin/../lib/gcc/arm-none-eabi/4.8.3/armv6-m/crtend.o
LOAD /usr/local/lpcxpresso_7.1.1_125/lpcxpresso/tools/bin/../lib/gcc/arm-none-eabi/4.8.3/armv6-m/crtn.o
START GROUP
LOAD /usr/local/lpcxpresso_7.1.1_125/lpcxpresso/tools/bin/../lib/gcc/arm-none-eabi/4.8.3/../../../../arm-none-eabi/lib/armv6-m/libcr_semihost.a
LOAD /usr/local/lpcxpresso_7.1.1_125/lpcxpresso/tools/bin/../lib/gcc/arm-none-eabi/4.8.3/../../../../arm-none-eabi/lib/armv6-m/libcr_c.a
LOAD /usr/local/lpcxpresso_7.1.1_125/lpcxpresso/tools/bin/../lib/gcc/arm-none-eabi/4.8.3/armv6-m/libcr_eabihelpers.a
END GROUP
                0x00008000                __top_MFlash32 = 0x8000
                0x10002000                __top_RamLoc8 = 0x10002000

.text           0x00000000     0x5e08
 FILL mask 0xff
                0x00000000                __vectors_start__ = ABSOLUTE (.)
 *(.isr_vector)
 .isr_vector    0x00000000       0xc0 ./src/cr_startup_lpc11xx.o
                0x00000000                g_pfnVectors
                0x000000c0                . = ALIGN (0x4)
                0x000000c0                __section_table_start = .
                0x000000c0                __data_section_table = .
                0x000000c0        0x4 LONG 0x5e08 LOADADDR (.data)
                0x000000c4        0x4 LONG 0x10000000 ADDR (.data)
                0x000000c8        0x4 LONG 0xc SIZEOF (.data)
                0x000000cc                __data_section_table_end = .
                0x000000cc                __bss_section_table = .
                0x000000cc        0x4 LONG 0x1000000c ADDR (.bss)
                0x000000d0        0x4 LONG 0x81c SIZEOF (.bss)
                0x000000d4                __bss_section_table_end = .
                0x000000d4                __section_table_end = .
 *(.after_vectors*)
 .after_vectors
                0x000000d4       0x90 ./src/cr_startup_lpc11xx.o
                0x000000d4                NMI_Handler
                0x000000d8                HardFault_Handler
                0x000000dc                SVC_Handler
                0x000000e0                PendSV_Handler
                0x000000e8                TIMER16_0_IRQHandler
                0x000000e8                UART_IRQHandler
                0x000000e8                TIMER32_1_IRQHandler
                0x000000e8                IntDefaultHandler
                0x000000e8                PIOINT1_IRQHandler
                0x000000e8                SSP0_IRQHandler
                0x000000e8                TIMER16_1_IRQHandler
                0x000000e8                ADC_IRQHandler
                0x000000e8                SSP1_IRQHandler
                0x000000e8                BOD_IRQHandler
                0x000000e8                WAKEUP_IRQHandler
                0x000000e8                PIOINT0_IRQHandler
                0x000000e8                I2C_IRQHandler
                0x000000e8                WDT_IRQHandler
                0x000000e8                PIOINT3_IRQHandler
                0x000000ec                data_init
                0x00000104                bss_init
                0x00000118                ResetISR
 *(.text*)
 .text.Board_LED_Init
                0x00000164       0x34 ./src/board.o
 .text.Board_Pushbutton_Init
                0x00000198       0x84 ./src/board.o
 .text.Board_CAN_Init
                0x0000021c       0x18 ./src/board.o
 .text.Board_SD_Init
                0x00000234       0xec ./src/board.o
 .text.Board_us_Init
                0x00000320       0x30 ./src/board.o
 .text.Board_Temperature_Init
                0x00000350       0x2c ./src/board.o
 .text.Board_UARTPutChar
                0x0000037c       0x1c ./src/board.o
                0x0000037c                Board_UARTPutChar
 .text.__sys_write
                0x00000398       0x1c ./src/board.o
                0x00000398                __sys_write
 .text.Board_UARTGetChar
                0x000003b4       0x28 ./src/board.o
                0x000003b4                Board_UARTGetChar
 .text.Board_UARTPutSTR
                0x000003dc       0x14 ./src/board.o
                0x000003dc                Board_UARTPutSTR
 .text.Board_Debug_Init
                0x000003f0       0x38 ./src/board.o
                0x000003f0                Board_Debug_Init
 .text.Board_LCD_Strobe
                0x00000428       0x18 ./src/board.o
                0x00000428                Board_LCD_Strobe
 .text.Board_LCD_WriteChar
                0x00000440       0x5c ./src/board.o
                0x00000440                Board_LCD_WriteChar
 .text.Board_LCD_WriteString
                0x0000049c       0x14 ./src/board.o
                0x0000049c                Board_LCD_WriteString
 .text.Board_LCD_cmd
                0x000004b0       0x5c ./src/board.o
                0x000004b0                Board_LCD_cmd
 .text.Board_LCD_Clear
                0x0000050c       0x10 ./src/board.o
                0x0000050c                Board_LCD_Clear
 .text.Board_LCD_Init
                0x0000051c       0x88 ./src/board.o
 *fill*         0x000005a4        0x4 
 .text.Board_Get_Temperature
                0x000005a8       0x80 ./src/board.o
                0x000005a8                Board_Get_Temperature
 .text.Board_LED_Set
                0x00000628       0x3c ./src/board.o
                0x00000628                Board_LED_Set
 .text.Board_LED_Test
                0x00000664       0x4c ./src/board.o
                0x00000664                Board_LED_Test
 .text.Board_LED_Toggle
                0x000006b0       0x50 ./src/board.o
                0x000006b0                Board_LED_Toggle
 .text.PIOINT2_IRQHandler
                0x00000700      0x1c4 ./src/board.o
                0x00000700                PIOINT2_IRQHandler
 .text.Board_Init
                0x000008c4       0x30 ./src/board.o
                0x000008c4                Board_Init
 .text.SystemSetupMuxing
                0x000008f4       0x38 ./src/board_sysinit.o
 .text.SystemSetupClocking
                0x0000092c       0x60 ./src/board_sysinit.o
 .text.Board_SystemInit
                0x0000098c        0xc ./src/board_sysinit.o
                0x0000098c                Board_SystemInit
 .text.baudrateCalculate
                0x00000998       0xa4 ./src/ccan_rom.o
                0x00000998                baudrateCalculate
 .text.CAN_rx   0x00000a3c      0x194 ./src/ccan_rom.o
                0x00000a3c                CAN_rx
 .text.CAN_tx   0x00000bd0       0x14 ./src/ccan_rom.o
                0x00000bd0                CAN_tx
 .text.CAN_error
                0x00000be4       0x2c ./src/ccan_rom.o
                0x00000be4                CAN_error
 .text.CAN_IRQHandler
                0x00000c10       0x24 ./src/ccan_rom.o
                0x00000c10                CAN_IRQHandler
 .text.mem_cpy  0x00000c34       0x14 ./src/ff.o
 .text.mem_set  0x00000c48       0x14 ./src/ff.o
 .text.mem_cmp  0x00000c5c       0x24 ./src/ff.o
 .text.chk_chr  0x00000c80       0x14 ./src/ff.o
 .text.create_name
                0x00000c94      0x118 ./src/ff.o
 .text.move_window
                0x00000dac       0x80 ./src/ff.o
 .text.check_fs
                0x00000e2c       0x98 ./src/ff.o
 .text.validate
                0x00000ec4       0x2c ./src/ff.o
 .text.chk_mounted
                0x00000ef0      0x384 ./src/ff.o
 .text.sync     0x00001274       0xe8 ./src/ff.o
 .text.clust2sect
                0x0000135c       0x18 ./src/ff.o
                0x0000135c                clust2sect
 .text.get_fat  0x00001374       0xf4 ./src/ff.o
                0x00001374                get_fat
 .text.dir_sdi  0x00001468       0x90 ./src/ff.o
 .text.put_fat  0x000014f8      0x108 ./src/ff.o
                0x000014f8                put_fat
 .text.create_chain
                0x00001600       0xbc ./src/ff.o
 .text.dir_next
                0x000016bc      0x110 ./src/ff.o
 .text.dir_find
                0x000017cc       0x4c ./src/ff.o
 .text.follow_path
                0x00001818       0x88 ./src/ff.o
 .text.dir_register
                0x000018a0       0x64 ./src/ff.o
 .text.remove_chain
                0x00001904       0x68 ./src/ff.o
 .text.f_mount  0x0000196c       0x2c ./src/ff.o
                0x0000196c                f_mount
 .text.f_open   0x00001998      0x16c ./src/ff.o
                0x00001998                f_open
 .text.f_write  0x00001b04      0x204 ./src/ff.o
                0x00001b04                f_write
 .text.f_sync   0x00001d08       0x7c ./src/ff.o
                0x00001d08                f_sync
 .text.f_close  0x00001d84       0x14 ./src/ff.o
                0x00001d84                f_close
 .text.f_lseek  0x00001d98      0x170 ./src/ff.o
                0x00001d98                f_lseek
 .text.TIMER32_0_IRQHandler
                0x00001f08       0x90 ./src/main.o
                0x00001f08                TIMER32_0_IRQHandler
 .text.main     0x00001f98       0xec ./src/main.o
                0x00001f98                main
 .text.xchg_spi
                0x00002084       0x1c ./src/mmc.o
 .text.rcvr_spi_multi
                0x000020a0       0x68 ./src/mmc.o
 .text.xmit_spi_multi
                0x00002108       0x68 ./src/mmc.o
 .text.wait_ready
                0x00002170       0x28 ./src/mmc.o
 .text.deselect
                0x00002198       0x14 ./src/mmc.o
 .text.select   0x000021ac       0x28 ./src/mmc.o
 .text.power_on
                0x000021d4       0x50 ./src/mmc.o
 .text.power_off
                0x00002224        0xc ./src/mmc.o
 .text.rcvr_datablock
                0x00002230       0x44 ./src/mmc.o
 .text.xmit_datablock
                0x00002274       0x48 ./src/mmc.o
 .text.send_cmd
                0x000022bc       0x88 ./src/mmc.o
 .text.disk_initialize
                0x00002344      0x164 ./src/mmc.o
                0x00002344                disk_initialize
 .text.disk_status
                0x000024a8       0x14 ./src/mmc.o
                0x000024a8                disk_status
 .text.disk_read
                0x000024bc       0x90 ./src/mmc.o
                0x000024bc                disk_read
 .text.disk_write
                0x0000254c       0xac ./src/mmc.o
                0x0000254c                disk_write
 .text.disk_ioctl
                0x000025f8      0x280 ./src/mmc.o
                0x000025f8                disk_ioctl
 .text.disk_timerproc
                0x00002878       0x5c ./src/mmc.o
                0x00002878                disk_timerproc
 .text.rtc_gettime
                0x000028d4       0x24 ./src/rtc.o
                0x000028d4                rtc_gettime
 .text.get_fattime
                0x000028f8       0x3c ./src/rtc.o
                0x000028f8                get_fattime
 .text.SystemInit
                0x00002934        0x8 ./src/sysinit.o
                0x00002934                SystemInit
 .text.init_SysTickTimer
                0x0000293c       0x64 ./src/systick.o
                0x0000293c                init_SysTickTimer
 .text.__delay_us
                0x000029a0       0x34 ./src/systick.o
                0x000029a0                __delay_us
 .text.__delay_ms
                0x000029d4       0x1c ./src/systick.o
                0x000029d4                __delay_ms
 .text.SysTick_Handler
                0x000029f0       0x54 ./src/systick.o
                0x000029f0                SysTick_Handler
 .text.getClkDiv
                0x00002a44       0x2c /home/kevin/workspace/lpc_chip_11cxx_lib/Debug/liblpc_chip_11cxx_lib.a(adc_11xx.o)
 .text.setStartMode
                0x00002a70       0x14 /home/kevin/workspace/lpc_chip_11cxx_lib/Debug/liblpc_chip_11cxx_lib.a(adc_11xx.o)
                0x00002a70                setStartMode
 .text.readAdcVal
                0x00002a84       0x18 /home/kevin/workspace/lpc_chip_11cxx_lib/Debug/liblpc_chip_11cxx_lib.a(adc_11xx.o)
                0x00002a84                readAdcVal
 .text.Chip_ADC_Init
                0x00002a9c       0x50 /home/kevin/workspace/lpc_chip_11cxx_lib/Debug/liblpc_chip_11cxx_lib.a(adc_11xx.o)
                0x00002a9c                Chip_ADC_Init
 .text.Chip_ADC_ReadValue
                0x00002aec        0x8 /home/kevin/workspace/lpc_chip_11cxx_lib/Debug/liblpc_chip_11cxx_lib.a(adc_11xx.o)
                0x00002aec                Chip_ADC_ReadValue
 .text.Chip_ADC_ReadStatus
                0x00002af4       0x38 /home/kevin/workspace/lpc_chip_11cxx_lib/Debug/liblpc_chip_11cxx_lib.a(adc_11xx.o)
                0x00002af4                Chip_ADC_ReadStatus
 .text.Chip_ADC_SetStartMode
                0x00002b2c       0x28 /home/kevin/workspace/lpc_chip_11cxx_lib/Debug/liblpc_chip_11cxx_lib.a(adc_11xx.o)
                0x00002b2c                Chip_ADC_SetStartMode
 .text.Chip_ADC_EnableChannel
                0x00002b54       0x28 /home/kevin/workspace/lpc_chip_11cxx_lib/Debug/liblpc_chip_11cxx_lib.a(adc_11xx.o)
                0x00002b54                Chip_ADC_EnableChannel
 .text.SystemCoreClockUpdate
                0x00002b7c       0x10 /home/kevin/workspace/lpc_chip_11cxx_lib/Debug/liblpc_chip_11cxx_lib.a(chip_11xx.o)
                0x00002b7c                SystemCoreClockUpdate
 .text.Chip_Clock_GetWDTLFORate
                0x00002b8c       0x20 /home/kevin/workspace/lpc_chip_11cxx_lib/Debug/liblpc_chip_11cxx_lib.a(clock_11xx.o)
 .text.Chip_Clock_GetPLLFreq
                0x00002bac        0xc /home/kevin/workspace/lpc_chip_11cxx_lib/Debug/liblpc_chip_11cxx_lib.a(clock_11xx.o)
 .text.Chip_Clock_SetSystemPLLSource
                0x00002bb8       0x14 /home/kevin/workspace/lpc_chip_11cxx_lib/Debug/liblpc_chip_11cxx_lib.a(clock_11xx.o)
                0x00002bb8                Chip_Clock_SetSystemPLLSource
 .text.Chip_Clock_SetMainClockSource
                0x00002bcc       0x14 /home/kevin/workspace/lpc_chip_11cxx_lib/Debug/liblpc_chip_11cxx_lib.a(clock_11xx.o)
                0x00002bcc                Chip_Clock_SetMainClockSource
 .text.Chip_Clock_GetWDTOSCRate
                0x00002be0       0x10 /home/kevin/workspace/lpc_chip_11cxx_lib/Debug/liblpc_chip_11cxx_lib.a(clock_11xx.o)
                0x00002be0                Chip_Clock_GetWDTOSCRate
 .text.Chip_Clock_GetSystemPLLInClockRate
                0x00002bf0       0x2c /home/kevin/workspace/lpc_chip_11cxx_lib/Debug/liblpc_chip_11cxx_lib.a(clock_11xx.o)
                0x00002bf0                Chip_Clock_GetSystemPLLInClockRate
 .text.Chip_Clock_GetSystemPLLOutClockRate
                0x00002c1c       0x18 /home/kevin/workspace/lpc_chip_11cxx_lib/Debug/liblpc_chip_11cxx_lib.a(clock_11xx.o)
                0x00002c1c                Chip_Clock_GetSystemPLLOutClockRate
 .text.Chip_Clock_GetMainClockRate
                0x00002c34       0x40 /home/kevin/workspace/lpc_chip_11cxx_lib/Debug/liblpc_chip_11cxx_lib.a(clock_11xx.o)
                0x00002c34                Chip_Clock_GetMainClockRate
 .text.Chip_Clock_GetSystemClockRate
                0x00002c74       0x14 /home/kevin/workspace/lpc_chip_11cxx_lib/Debug/liblpc_chip_11cxx_lib.a(clock_11xx.o)
                0x00002c74                Chip_Clock_GetSystemClockRate
 .text.Chip_GPIO_Init
                0x00002c88       0x14 /home/kevin/workspace/lpc_chip_11cxx_lib/Debug/liblpc_chip_11cxx_lib.a(gpio_11xx_2.o)
                0x00002c88                Chip_GPIO_Init
 .text.Chip_SYSCTL_PowerDown
                0x00002c9c       0x1c /home/kevin/workspace/lpc_chip_11cxx_lib/Debug/liblpc_chip_11cxx_lib.a(sysctl_11xx.o)
                0x00002c9c                Chip_SYSCTL_PowerDown
 .text.Chip_SYSCTL_PowerUp
                0x00002cb8       0x24 /home/kevin/workspace/lpc_chip_11cxx_lib/Debug/liblpc_chip_11cxx_lib.a(sysctl_11xx.o)
                0x00002cb8                Chip_SYSCTL_PowerUp
 .text.Chip_TIMER_GetClock
                0x00002cdc       0x2c /home/kevin/workspace/lpc_chip_11cxx_lib/Debug/liblpc_chip_11cxx_lib.a(timer_11xx.o)
 .text.Chip_TIMER_Init
                0x00002d08       0x1c /home/kevin/workspace/lpc_chip_11cxx_lib/Debug/liblpc_chip_11cxx_lib.a(timer_11xx.o)
                0x00002d08                Chip_TIMER_Init
 .text.Chip_TIMER_Reset
                0x00002d24       0x18 /home/kevin/workspace/lpc_chip_11cxx_lib/Debug/liblpc_chip_11cxx_lib.a(timer_11xx.o)
                0x00002d24                Chip_TIMER_Reset
 .text.Chip_UART_Init
                0x00002d3c       0x28 /home/kevin/workspace/lpc_chip_11cxx_lib/Debug/liblpc_chip_11cxx_lib.a(uart_11xx.o)
                0x00002d3c                Chip_UART_Init
 .text.Chip_UART_Send
                0x00002d64       0x20 /home/kevin/workspace/lpc_chip_11cxx_lib/Debug/liblpc_chip_11cxx_lib.a(uart_11xx.o)
                0x00002d64                Chip_UART_Send
 .text.Chip_UART_SendBlocking
                0x00002d84       0x24 /home/kevin/workspace/lpc_chip_11cxx_lib/Debug/liblpc_chip_11cxx_lib.a(uart_11xx.o)
                0x00002d84                Chip_UART_SendBlocking
 .text.Chip_UART_Read
                0x00002da8       0x20 /home/kevin/workspace/lpc_chip_11cxx_lib/Debug/liblpc_chip_11cxx_lib.a(uart_11xx.o)
                0x00002da8                Chip_UART_Read
 .text.Chip_UART_SetBaud
                0x00002dc8       0x3c /home/kevin/workspace/lpc_chip_11cxx_lib/Debug/liblpc_chip_11cxx_lib.a(uart_11xx.o)
                0x00002dc8                Chip_UART_SetBaud
 .text          0x00002e04       0x9c /usr/local/lpcxpresso_7.1.1_125/lpcxpresso/tools/bin/../lib/gcc/arm-none-eabi/4.8.3/armv6-m/libgcc.a(_udivsi3.o)
                0x00002e04                __udivsi3
                0x00002e04                __aeabi_uidiv
                0x00002e8c                __aeabi_uidivmod
 .text          0x00002ea0       0xc0 /usr/local/lpcxpresso_7.1.1_125/lpcxpresso/tools/bin/../lib/gcc/arm-none-eabi/4.8.3/armv6-m/libgcc.a(_divsi3.o)
                0x00002ea0                __aeabi_idiv
                0x00002ea0                __divsi3
                0x00002f4c                __aeabi_idivmod
 .text          0x00002f60        0x4 /usr/local/lpcxpresso_7.1.1_125/lpcxpresso/tools/bin/../lib/gcc/arm-none-eabi/4.8.3/armv6-m/libgcc.a(_dvmd_tls.o)
                0x00002f60                __aeabi_ldiv0
                0x00002f60                __aeabi_idiv0
 .text          0x00002f64      0x254 /usr/local/lpcxpresso_7.1.1_125/lpcxpresso/tools/bin/../lib/gcc/arm-none-eabi/4.8.3/armv6-m/libgcc.a(mulsf3.o)
                0x00002f64                __aeabi_fmul
 .text          0x000031b8       0xb8 /usr/local/lpcxpresso_7.1.1_125/lpcxpresso/tools/bin/../lib/gcc/arm-none-eabi/4.8.3/armv6-m/libgcc.a(floatsisf.o)
                0x000031b8                __aeabi_i2f
 .text          0x00003270      0x520 /usr/local/lpcxpresso_7.1.1_125/lpcxpresso/tools/bin/../lib/gcc/arm-none-eabi/4.8.3/armv6-m/libgcc.a(muldf3.o)
                0x00003270                __aeabi_dmul
 .text          0x00003790      0x654 /usr/local/lpcxpresso_7.1.1_125/lpcxpresso/tools/bin/../lib/gcc/arm-none-eabi/4.8.3/armv6-m/libgcc.a(subdf3.o)
                0x00003790                __aeabi_dsub
 .text          0x00003de4       0x68 /usr/local/lpcxpresso_7.1.1_125/lpcxpresso/tools/bin/../lib/gcc/arm-none-eabi/4.8.3/armv6-m/libgcc.a(fixdfsi.o)
                0x00003de4                __aeabi_d2iz
 .text          0x00003e4c       0xa4 /usr/local/lpcxpresso_7.1.1_125/lpcxpresso/tools/bin/../lib/gcc/arm-none-eabi/4.8.3/armv6-m/libgcc.a(extendsfdf2.o)
                0x00003e4c                __aeabi_f2d
 .text          0x00003ef0       0x3c /usr/local/lpcxpresso_7.1.1_125/lpcxpresso/tools/bin/../lib/gcc/arm-none-eabi/4.8.3/armv6-m/libgcc.a(_clzsi2.o)
                0x00003ef0                __clzsi2
 .text.memset   0x00003f2c       0x9c /usr/local/lpcxpresso_7.1.1_125/lpcxpresso/tools/bin/../lib/gcc/arm-none-eabi/4.8.3/../../../../arm-none-eabi/lib/armv6-m/libc.a(lib_a-memset.o)
                0x00003f2c                memset
 .text.strlen   0x00003fc8       0x10 /usr/local/lpcxpresso_7.1.1_125/lpcxpresso/tools/bin/../lib/gcc/arm-none-eabi/4.8.3/../../../../arm-none-eabi/lib/armv6-m/libc.a(lib_a-strlen.o)
                0x00003fc8                strlen
 .text.__main   0x00003fd8       0x12 /usr/local/lpcxpresso_7.1.1_125/lpcxpresso/tools/bin/../lib/gcc/arm-none-eabi/4.8.3/../../../../arm-none-eabi/lib/armv6-m/libcr_semihost.a(_cr__main.o)
                0x00003fd8                __main
                0x00003fd8                __CR_SEMIHOST
 *fill*         0x00003fea        0x2 
 .text._initio  0x00003fec       0xa4 /usr/local/lpcxpresso_7.1.1_125/lpcxpresso/tools/bin/../lib/gcc/arm-none-eabi/4.8.3/../../../../arm-none-eabi/lib/armv6-m/libcr_c.a(initio.o)
                0x00003fec                _initio
 .text.no_fp_display
                0x00004090        0x4 /usr/local/lpcxpresso_7.1.1_125/lpcxpresso/tools/bin/../lib/gcc/arm-none-eabi/4.8.3/../../../../arm-none-eabi/lib/armv6-m/libcr_c.a(printf.o)
 .text.__vfprintf
                0x00004094      0xd4c /usr/local/lpcxpresso_7.1.1_125/lpcxpresso/tools/bin/../lib/gcc/arm-none-eabi/4.8.3/../../../../arm-none-eabi/lib/armv6-m/libcr_c.a(printf.o)
                0x00004094                __vfprintf
 .text._snprintf
                0x00004de0       0x6c /usr/local/lpcxpresso_7.1.1_125/lpcxpresso/tools/bin/../lib/gcc/arm-none-eabi/4.8.3/../../../../arm-none-eabi/lib/armv6-m/libcr_c.a(printf.o)
                0x00004de0                _snprintf
 .text._vsnprintf
                0x00004e4c       0x5c /usr/local/lpcxpresso_7.1.1_125/lpcxpresso/tools/bin/../lib/gcc/arm-none-eabi/4.8.3/../../../../arm-none-eabi/lib/armv6-m/libcr_c.a(printf.o)
                0x00004e4c                _vsnprintf
 .text._printf  0x00004ea8       0x50 /usr/local/lpcxpresso_7.1.1_125/lpcxpresso/tools/bin/../lib/gcc/arm-none-eabi/4.8.3/../../../../arm-none-eabi/lib/armv6-m/libcr_c.a(printf.o)
                0x00004ea8                _printf
 .text.setvbuf  0x00004ef8       0x48 /usr/local/lpcxpresso_7.1.1_125/lpcxpresso/tools/bin/../lib/gcc/arm-none-eabi/4.8.3/../../../../arm-none-eabi/lib/armv6-m/libcr_c.a(setvbuf.o)
                0x00004ef8                setvbuf
 .text._deferredlazyseek
                0x00004f40       0x44 /usr/local/lpcxpresso_7.1.1_125/lpcxpresso/tools/bin/../lib/gcc/arm-none-eabi/4.8.3/../../../../arm-none-eabi/lib/armv6-m/libcr_c.a(_deferredlazyseek.o)
                0x00004f40                _deferredlazyseek
 .text.__flsbuf
                0x00004f84      0x154 /usr/local/lpcxpresso_7.1.1_125/lpcxpresso/tools/bin/../lib/gcc/arm-none-eabi/4.8.3/../../../../arm-none-eabi/lib/armv6-m/libcr_c.a(_deferredlazyseek.o)
                0x00004f84                __flsbuf
 .text._fdopen  0x000050d8       0x68 /usr/local/lpcxpresso_7.1.1_125/lpcxpresso/tools/bin/../lib/gcc/arm-none-eabi/4.8.3/../../../../arm-none-eabi/lib/armv6-m/libcr_c.a(_fdopen.o)
                0x000050d8                _fdopen
 .text._fflush  0x00005140       0x64 /usr/local/lpcxpresso_7.1.1_125/lpcxpresso/tools/bin/../lib/gcc/arm-none-eabi/4.8.3/../../../../arm-none-eabi/lib/armv6-m/libcr_c.a(_fflush.o)
                0x00005140                _fflush
 .text._Cwritebuf
                0x000051a4       0x6c /usr/local/lpcxpresso_7.1.1_125/lpcxpresso/tools/bin/../lib/gcc/arm-none-eabi/4.8.3/../../../../arm-none-eabi/lib/armv6-m/libcr_c.a(_writebuf.o)
                0x000051a4                _Cwritebuf
 .text.malloc   0x00005210       0xc0 /usr/local/lpcxpresso_7.1.1_125/lpcxpresso/tools/bin/../lib/gcc/arm-none-eabi/4.8.3/../../../../arm-none-eabi/lib/armv6-m/libcr_c.a(alloc.o)
                0x00005210                malloc
 .text.free     0x000052d0        0xe /usr/local/lpcxpresso_7.1.1_125/lpcxpresso/tools/bin/../lib/gcc/arm-none-eabi/4.8.3/../../../../arm-none-eabi/lib/armv6-m/libcr_c.a(alloc.o)
                0x000052d0                free
 *fill*         0x000052de        0x2 
 .text._Csys_alloc
                0x000052e0       0x20 /usr/local/lpcxpresso_7.1.1_125/lpcxpresso/tools/bin/../lib/gcc/arm-none-eabi/4.8.3/../../../../arm-none-eabi/lib/armv6-m/libcr_c.a(alloc.o)
                0x000052e0                _Csys_alloc
 .text.fclose   0x00005300       0x70 /usr/local/lpcxpresso_7.1.1_125/lpcxpresso/tools/bin/../lib/gcc/arm-none-eabi/4.8.3/../../../../arm-none-eabi/lib/armv6-m/libcr_c.a(fclose.o)
                0x00005300                fclose
 .text.fflush   0x00005370       0x34 /usr/local/lpcxpresso_7.1.1_125/lpcxpresso/tools/bin/../lib/gcc/arm-none-eabi/4.8.3/../../../../arm-none-eabi/lib/armv6-m/libcr_c.a(fflush.o)
                0x00005370                fflush
 .text.fseek    0x000053a4       0xf8 /usr/local/lpcxpresso_7.1.1_125/lpcxpresso/tools/bin/../lib/gcc/arm-none-eabi/4.8.3/../../../../arm-none-eabi/lib/armv6-m/libcr_c.a(fseek.o)
                0x000053a4                fseek
 .text.ftell    0x0000549c       0x4c /usr/local/lpcxpresso_7.1.1_125/lpcxpresso/tools/bin/../lib/gcc/arm-none-eabi/4.8.3/../../../../arm-none-eabi/lib/armv6-m/libcr_c.a(ftell.o)
                0x0000549c                ftell
 .text.remove   0x000054e8       0x12 /usr/local/lpcxpresso_7.1.1_125/lpcxpresso/tools/bin/../lib/gcc/arm-none-eabi/4.8.3/../../../../arm-none-eabi/lib/armv6-m/libcr_c.a(remove.o)
                0x000054e8                remove
 *fill*         0x000054fa        0x2 
 .text._sbrk    0x000054fc       0x40 /usr/local/lpcxpresso_7.1.1_125/lpcxpresso/tools/bin/../lib/gcc/arm-none-eabi/4.8.3/../../../../arm-none-eabi/lib/armv6-m/libcr_c.a(_cr_sbrk.o)
                0x000054fc                _sbrk
 .text._do_fflush
                0x0000553c       0x48 /usr/local/lpcxpresso_7.1.1_125/lpcxpresso/tools/bin/../lib/gcc/arm-none-eabi/4.8.3/../../../../arm-none-eabi/lib/armv6-m/libcr_c.a(_do_fflush.o)
                0x0000553c                _do_fflush
 .text.__check_heap_overflow
                0x00005584       0x2c /usr/local/lpcxpresso_7.1.1_125/lpcxpresso/tools/bin/../lib/gcc/arm-none-eabi/4.8.3/../../../../arm-none-eabi/lib/armv6-m/libcr_c.a(_cr_check_heap.o)
                0x00005584                __check_heap_overflow
 .text.__aeabi_llong_lmul
                0x000055b0       0x2e /usr/local/lpcxpresso_7.1.1_125/lpcxpresso/tools/bin/../lib/gcc/arm-none-eabi/4.8.3/armv6-m/libcr_eabihelpers.a(llong.o)
                0x000055b0                __aeabi_lmul
 *fill*         0x000055de        0x2 
 .text.__sys_appexit
                0x000055e0        0xc /usr/local/lpcxpresso_7.1.1_125/lpcxpresso/tools/bin/../lib/gcc/arm-none-eabi/4.8.3/../../../../arm-none-eabi/lib/armv6-m/libcr_semihost.a(__sys_appexit.o)
                0x000055e0                __exit
                0x000055e0                __sys_appexit
 .text.__sys_close
                0x000055ec        0xc /usr/local/lpcxpresso_7.1.1_125/lpcxpresso/tools/bin/../lib/gcc/arm-none-eabi/4.8.3/../../../../arm-none-eabi/lib/armv6-m/libcr_semihost.a(__sys_close.o)
                0x000055ec                __sys_close
 .text.__sys_flen
                0x000055f8        0xc /usr/local/lpcxpresso_7.1.1_125/lpcxpresso/tools/bin/../lib/gcc/arm-none-eabi/4.8.3/../../../../arm-none-eabi/lib/armv6-m/libcr_semihost.a(__sys_flen.o)
                0x000055f8                __sys_flen
 .text.__sys_istty
                0x00005604        0xc /usr/local/lpcxpresso_7.1.1_125/lpcxpresso/tools/bin/../lib/gcc/arm-none-eabi/4.8.3/../../../../arm-none-eabi/lib/armv6-m/libcr_semihost.a(__sys_istty.o)
                0x00005604                __sys_istty
 .text.__sys_remove
                0x00005610        0xc /usr/local/lpcxpresso_7.1.1_125/lpcxpresso/tools/bin/../lib/gcc/arm-none-eabi/4.8.3/../../../../arm-none-eabi/lib/armv6-m/libcr_semihost.a(__sys_remove.o)
                0x00005610                __sys_remove
 .text.__sys_seek
                0x0000561c        0xc /usr/local/lpcxpresso_7.1.1_125/lpcxpresso/tools/bin/../lib/gcc/arm-none-eabi/4.8.3/../../../../arm-none-eabi/lib/armv6-m/libcr_semihost.a(__sys_seek.o)
                0x0000561c                __sys_seek
 .text.__sys_tmpnam
                0x00005628        0xc /usr/local/lpcxpresso_7.1.1_125/lpcxpresso/tools/bin/../lib/gcc/arm-none-eabi/4.8.3/../../../../arm-none-eabi/lib/armv6-m/libcr_semihost.a(__sys_tmpnam.o)
                0x00005628                __sys_tmpnam
 *(.rodata .rodata.* .constdata .constdata.*)
 .rodata.OscRateIn
                0x00005634        0x4 ./src/board.o
                0x00005634                OscRateIn
 .rodata.str1.4
                0x00005638       0x70 ./src/board.o
 .rodata.pinmuxing
                0x000056a8       0x50 ./src/board_sysinit.o
 .rodata.str1.4
                0x000056f8       0xc5 ./src/ccan_rom.o
                                 0xd4 (size before relaxing)
 *fill*         0x000057bd        0x3 
 .rodata.microSDTestData
                0x000057c0      0x400 ./src/ff.o
                0x000057c0                microSDTestData
 .rodata.str1.4
                0x00005bc0       0x4d ./src/ff.o
                                 0x50 (size before relaxing)
 *fill*         0x00005c0d        0x3 
 .rodata.microRestartedMsg
                0x00005c10       0x40 ./src/ff.o
                0x00005c10                microRestartedMsg
 .rodata        0x00005c50       0x20 ./src/main.o
 .rodata.str1.4
                0x00005c70       0x48 ./src/main.o
 .rodata.disk_ioctl
                0x00005cb8       0x3c ./src/mmc.o
 .rodata.wdtOSCRate
                0x00005cf4       0x40 /home/kevin/workspace/lpc_chip_11cxx_lib/Debug/liblpc_chip_11cxx_lib.a(clock_11xx.o)
 .rodata        0x00005d34       0x40 /usr/local/lpcxpresso_7.1.1_125/lpcxpresso/tools/bin/../lib/gcc/arm-none-eabi/4.8.3/armv6-m/libgcc.a(mulsf3.o)
 .rodata        0x00005d74       0x40 /usr/local/lpcxpresso_7.1.1_125/lpcxpresso/tools/bin/../lib/gcc/arm-none-eabi/4.8.3/armv6-m/libgcc.a(muldf3.o)
 .rodata.str1.1
                0x00005db4        0x4 /usr/local/lpcxpresso_7.1.1_125/lpcxpresso/tools/bin/../lib/gcc/arm-none-eabi/4.8.3/../../../../arm-none-eabi/lib/armv6-m/libcr_c.a(initio.o)
 .rodata.str1.1
                0x00005db8       0x37 /usr/local/lpcxpresso_7.1.1_125/lpcxpresso/tools/bin/../lib/gcc/arm-none-eabi/4.8.3/../../../../arm-none-eabi/lib/armv6-m/libcr_c.a(printf.o)
                                 0x38 (size before relaxing)
 .rodata.str1.1
                0x00005def       0x18 /usr/local/lpcxpresso_7.1.1_125/lpcxpresso/tools/bin/../lib/gcc/arm-none-eabi/4.8.3/../../../../arm-none-eabi/lib/armv6-m/libcr_c.a(alloc.o)
                0x00005e08                . = ALIGN (0x4)
 *fill*         0x00005e07        0x1 ff

.glue_7         0x00005e08        0x0
 .glue_7        0x00000000        0x0 linker stubs

.glue_7t        0x00005e08        0x0
 .glue_7t       0x00000000        0x0 linker stubs

.vfp11_veneer   0x00005e08        0x0
 .vfp11_veneer  0x00000000        0x0 linker stubs

.v4_bx          0x00005e08        0x0
 .v4_bx         0x00000000        0x0 linker stubs

.iplt           0x00005e08        0x0
 .iplt          0x00000000        0x0 /usr/local/lpcxpresso_7.1.1_125/lpcxpresso/tools/bin/../lib/gcc/arm-none-eabi/4.8.3/armv6-m/crtbegin.o

.rel.dyn        0x00005e08        0x0
 .rel.iplt      0x00000000        0x0 /usr/local/lpcxpresso_7.1.1_125/lpcxpresso/tools/bin/../lib/gcc/arm-none-eabi/4.8.3/armv6-m/crtbegin.o

.ARM.extab
 *(.ARM.extab* .gnu.linkonce.armextab.*)
                0x00005e08                __exidx_start = .

.ARM.exidx
 *(.ARM.exidx* .gnu.linkonce.armexidx.*)
                0x00005e08                __exidx_end = .
                0x00005e08                _etext = .

.uninit_RESERVED
                0x10000000        0x0
 *(.bss.$RESERVED*)
                0x10000000                . = ALIGN (0x4)
                0x10000000                _end_uninit_RESERVED = .

.data           0x10000000        0xc load address 0x00005e08
 FILL mask 0xff
                0x10000000                _data = .
 *(vtable)
 *(.ramfunc*)
 *(.data*)
 .data.testfilename
                0x10000000        0x4 ./src/ff.o
                0x10000000                testfilename
 .data.read_character
                0x10000004        0x4 ./src/main.o
                0x10000004                read_character
 .data.Stat     0x10000008        0x1 ./src/mmc.o
                0x1000000c                . = ALIGN (0x4)
 *fill*         0x10000009        0x3 ff
                0x1000000c                _edata = .

.igot.plt       0x1000000c        0x0 load address 0x00005e14
 .igot.plt      0x00000000        0x0 /usr/local/lpcxpresso_7.1.1_125/lpcxpresso/tools/bin/../lib/gcc/arm-none-eabi/4.8.3/armv6-m/crtbegin.o

.bss            0x1000000c      0x81c load address 0x00005e14
                0x1000000c                _bss = .
 *(.bss*)
 .bss.ADCSetup  0x1000000c        0x8 ./src/board.o
 .bss.dataADC   0x10000014        0x2 ./src/board.o
                0x10000014                dataADC
 .bss.Fsid      0x10000016        0x2 ./src/ff.o
 .bss.FatFs     0x10000018        0x4 ./src/ff.o
 .bss.i         0x1000001c        0x4 ./src/main.o
                0x1000001c                i
 .bss.Timer1    0x10000020        0x4 ./src/mmc.o
 .bss.Timer2    0x10000024        0x4 ./src/mmc.o
 .bss.CardType  0x10000028        0x1 ./src/mmc.o
 *fill*         0x10000029        0x3 
 .bss.errno     0x1000002c        0x4 /usr/local/lpcxpresso_7.1.1_125/lpcxpresso/tools/bin/../lib/gcc/arm-none-eabi/4.8.3/../../../../arm-none-eabi/lib/armv6-m/libcr_c.a(errno.o)
                0x1000002c                errno
 *(COMMON)
 COMMON         0x10000030       0x30 ./src/board.o
                0x10000030                s1
                0x10000034                lcdBuffer
                0x10000044                msTicks
                0x10000048                msg_obj
                0x1000005c                secondTicks
 COMMON         0x10000060      0x678 ./src/ff.o
                0x10000060                Fatfs
                0x10000290                sdbuffer
                0x10000690                File
 COMMON         0x100006d8        0x4 /home/kevin/workspace/lpc_chip_11cxx_lib/Debug/liblpc_chip_11cxx_lib.a(chip_11xx.o)
                0x100006d8                SystemCoreClock
 COMMON         0x100006dc        0x4 /usr/local/lpcxpresso_7.1.1_125/lpcxpresso/tools/bin/../lib/gcc/arm-none-eabi/4.8.3/../../../../arm-none-eabi/lib/armv6-m/libcr_c.a(initio.o)
                0x100006dc                _extra
 COMMON         0x100006e0      0x140 /usr/local/lpcxpresso_7.1.1_125/lpcxpresso/tools/bin/../lib/gcc/arm-none-eabi/4.8.3/../../../../arm-none-eabi/lib/armv6-m/libcr_c.a(stdio.o)
                0x100006e0                __Ciob
 COMMON         0x10000820        0x8 /usr/local/lpcxpresso_7.1.1_125/lpcxpresso/tools/bin/../lib/gcc/arm-none-eabi/4.8.3/../../../../arm-none-eabi/lib/armv6-m/libcr_c.a(__init_alloc.o)
                0x10000820                __heaps
                0x10000824                __end_of_heap
                0x10000828                . = ALIGN (0x4)
                0x10000828                _ebss = .
                0x10000828                PROVIDE (end, .)

.noinit         0x10000828        0x0 load address 0x00005e14
                0x10000828                _noinit = .
 *(.noinit*)
                0x10000828                . = ALIGN (0x4)
                0x10000828                _end_noinit = .
                0x10000828                PROVIDE (_pvHeapStart, .)
                0x10002000                PROVIDE (_vStackTop, (__top_RamLoc8 - 0x0))
OUTPUT(obd2.axf elf32-littlearm)

.debug_info     0x00000000     0xd9eb
 .debug_info    0x00000000     0x2d5b ./src/board.o
 .debug_info    0x00002d5b      0xb45 ./src/board_sysinit.o
 .debug_info    0x000038a0     0x12af ./src/ccan_rom.o
 .debug_info    0x00004b4f      0x23a ./src/cr_startup_lpc11xx.o
 .debug_info    0x00004d89     0x1c01 ./src/ff.o
 .debug_info    0x0000698a      0xe6f ./src/main.o
 .debug_info    0x000077f9     0x1440 ./src/mmc.o
 .debug_info    0x00008c39      0x1e0 ./src/rtc.o
 .debug_info    0x00008e19       0xcd ./src/sysinit.o
 .debug_info    0x00008ee6      0x7e3 ./src/systick.o
 .debug_info    0x000096c9      0xd2a /home/kevin/workspace/lpc_chip_11cxx_lib/Debug/liblpc_chip_11cxx_lib.a(adc_11xx.o)
 .debug_info    0x0000a3f3       0xdc /home/kevin/workspace/lpc_chip_11cxx_lib/Debug/liblpc_chip_11cxx_lib.a(chip_11xx.o)
 .debug_info    0x0000a4cf      0x8c4 /home/kevin/workspace/lpc_chip_11cxx_lib/Debug/liblpc_chip_11cxx_lib.a(clock_11xx.o)
 .debug_info    0x0000ad93      0xc71 /home/kevin/workspace/lpc_chip_11cxx_lib/Debug/liblpc_chip_11cxx_lib.a(gpio_11xx_2.o)
 .debug_info    0x0000ba04      0x589 /home/kevin/workspace/lpc_chip_11cxx_lib/Debug/liblpc_chip_11cxx_lib.a(sysctl_11xx.o)
 .debug_info    0x0000bf8d      0x81d /home/kevin/workspace/lpc_chip_11cxx_lib/Debug/liblpc_chip_11cxx_lib.a(timer_11xx.o)
 .debug_info    0x0000c7aa     0x1241 /home/kevin/workspace/lpc_chip_11cxx_lib/Debug/liblpc_chip_11cxx_lib.a(uart_11xx.o)

.debug_abbrev   0x00000000     0x243b
 .debug_abbrev  0x00000000      0x4e3 ./src/board.o
 .debug_abbrev  0x000004e3      0x2a6 ./src/board_sysinit.o
 .debug_abbrev  0x00000789      0x281 ./src/ccan_rom.o
 .debug_abbrev  0x00000a0a       0xe8 ./src/cr_startup_lpc11xx.o
 .debug_abbrev  0x00000af2      0x249 ./src/ff.o
 .debug_abbrev  0x00000d3b      0x355 ./src/main.o
 .debug_abbrev  0x00001090      0x311 ./src/mmc.o
 .debug_abbrev  0x000013a1       0xfe ./src/rtc.o
 .debug_abbrev  0x0000149f       0x88 ./src/sysinit.o
 .debug_abbrev  0x00001527      0x2c5 ./src/systick.o
 .debug_abbrev  0x000017ec      0x265 /home/kevin/workspace/lpc_chip_11cxx_lib/Debug/liblpc_chip_11cxx_lib.a(adc_11xx.o)
 .debug_abbrev  0x00001a51       0x9b /home/kevin/workspace/lpc_chip_11cxx_lib/Debug/liblpc_chip_11cxx_lib.a(chip_11xx.o)
 .debug_abbrev  0x00001aec      0x1fb /home/kevin/workspace/lpc_chip_11cxx_lib/Debug/liblpc_chip_11cxx_lib.a(clock_11xx.o)
 .debug_abbrev  0x00001ce7      0x1c5 /home/kevin/workspace/lpc_chip_11cxx_lib/Debug/liblpc_chip_11cxx_lib.a(gpio_11xx_2.o)
 .debug_abbrev  0x00001eac       0xce /home/kevin/workspace/lpc_chip_11cxx_lib/Debug/liblpc_chip_11cxx_lib.a(sysctl_11xx.o)
 .debug_abbrev  0x00001f7a      0x1d5 /home/kevin/workspace/lpc_chip_11cxx_lib/Debug/liblpc_chip_11cxx_lib.a(timer_11xx.o)
 .debug_abbrev  0x0000214f      0x2ec /home/kevin/workspace/lpc_chip_11cxx_lib/Debug/liblpc_chip_11cxx_lib.a(uart_11xx.o)

.debug_loc      0x00000000     0x589c
 .debug_loc     0x00000000      0x8cc ./src/board.o
 .debug_loc     0x000008cc       0x85 ./src/board_sysinit.o
 .debug_loc     0x00000951      0x1d2 ./src/ccan_rom.o
 .debug_loc     0x00000b23      0x1cc ./src/cr_startup_lpc11xx.o
 .debug_loc     0x00000cef     0x238a ./src/ff.o
 .debug_loc     0x00003079       0x5d ./src/main.o
 .debug_loc     0x000030d6      0xa98 ./src/mmc.o
 .debug_loc     0x00003b6e       0x42 ./src/rtc.o
 .debug_loc     0x00003bb0      0x11e ./src/systick.o
 .debug_loc     0x00003cce      0x656 /home/kevin/workspace/lpc_chip_11cxx_lib/Debug/liblpc_chip_11cxx_lib.a(adc_11xx.o)
 .debug_loc     0x00004324      0x1b4 /home/kevin/workspace/lpc_chip_11cxx_lib/Debug/liblpc_chip_11cxx_lib.a(clock_11xx.o)
 .debug_loc     0x000044d8      0x76b /home/kevin/workspace/lpc_chip_11cxx_lib/Debug/liblpc_chip_11cxx_lib.a(gpio_11xx_2.o)
 .debug_loc     0x00004c43       0xd0 /home/kevin/workspace/lpc_chip_11cxx_lib/Debug/liblpc_chip_11cxx_lib.a(sysctl_11xx.o)
 .debug_loc     0x00004d13      0x143 /home/kevin/workspace/lpc_chip_11cxx_lib/Debug/liblpc_chip_11cxx_lib.a(timer_11xx.o)
 .debug_loc     0x00004e56      0xa46 /home/kevin/workspace/lpc_chip_11cxx_lib/Debug/liblpc_chip_11cxx_lib.a(uart_11xx.o)

.debug_aranges  0x00000000      0x660
 .debug_aranges
                0x00000000       0xd8 ./src/board.o
 .debug_aranges
                0x000000d8       0x30 ./src/board_sysinit.o
 .debug_aranges
                0x00000108       0x40 ./src/ccan_rom.o
 .debug_aranges
                0x00000148       0x60 ./src/cr_startup_lpc11xx.o
 .debug_aranges
                0x000001a8       0xf8 ./src/ff.o
 .debug_aranges
                0x000002a0       0x28 ./src/main.o
 .debug_aranges
                0x000002c8       0xa0 ./src/mmc.o
 .debug_aranges
                0x00000368       0x38 ./src/rtc.o
 .debug_aranges
                0x000003a0       0x20 ./src/sysinit.o
 .debug_aranges
                0x000003c0       0x38 ./src/systick.o
 .debug_aranges
                0x000003f8       0x88 /home/kevin/workspace/lpc_chip_11cxx_lib/Debug/liblpc_chip_11cxx_lib.a(adc_11xx.o)
 .debug_aranges
                0x00000480       0x20 /home/kevin/workspace/lpc_chip_11cxx_lib/Debug/liblpc_chip_11cxx_lib.a(chip_11xx.o)
 .debug_aranges
                0x000004a0       0x78 /home/kevin/workspace/lpc_chip_11cxx_lib/Debug/liblpc_chip_11cxx_lib.a(clock_11xx.o)
 .debug_aranges
                0x00000518       0x50 /home/kevin/workspace/lpc_chip_11cxx_lib/Debug/liblpc_chip_11cxx_lib.a(gpio_11xx_2.o)
 .debug_aranges
                0x00000568       0x38 /home/kevin/workspace/lpc_chip_11cxx_lib/Debug/liblpc_chip_11cxx_lib.a(sysctl_11xx.o)
 .debug_aranges
                0x000005a0       0x40 /home/kevin/workspace/lpc_chip_11cxx_lib/Debug/liblpc_chip_11cxx_lib.a(timer_11xx.o)
 .debug_aranges
                0x000005e0       0x80 /home/kevin/workspace/lpc_chip_11cxx_lib/Debug/liblpc_chip_11cxx_lib.a(uart_11xx.o)

.debug_ranges   0x00000000      0x5c8
 .debug_ranges  0x00000000       0xc8 ./src/board.o
 .debug_ranges  0x000000c8       0x38 ./src/board_sysinit.o
 .debug_ranges  0x00000100       0x30 ./src/ccan_rom.o
 .debug_ranges  0x00000130       0x50 ./src/cr_startup_lpc11xx.o
 .debug_ranges  0x00000180      0x100 ./src/ff.o
 .debug_ranges  0x00000280       0x18 ./src/main.o
 .debug_ranges  0x00000298       0x90 ./src/mmc.o
 .debug_ranges  0x00000328       0x28 ./src/rtc.o
 .debug_ranges  0x00000350       0x10 ./src/sysinit.o
 .debug_ranges  0x00000360       0x58 ./src/systick.o
 .debug_ranges  0x000003b8       0x78 /home/kevin/workspace/lpc_chip_11cxx_lib/Debug/liblpc_chip_11cxx_lib.a(adc_11xx.o)
 .debug_ranges  0x00000430       0x10 /home/kevin/workspace/lpc_chip_11cxx_lib/Debug/liblpc_chip_11cxx_lib.a(chip_11xx.o)
 .debug_ranges  0x00000440       0x68 /home/kevin/workspace/lpc_chip_11cxx_lib/Debug/liblpc_chip_11cxx_lib.a(clock_11xx.o)
 .debug_ranges  0x000004a8       0x40 /home/kevin/workspace/lpc_chip_11cxx_lib/Debug/liblpc_chip_11cxx_lib.a(gpio_11xx_2.o)
 .debug_ranges  0x000004e8       0x28 /home/kevin/workspace/lpc_chip_11cxx_lib/Debug/liblpc_chip_11cxx_lib.a(sysctl_11xx.o)
 .debug_ranges  0x00000510       0x30 /home/kevin/workspace/lpc_chip_11cxx_lib/Debug/liblpc_chip_11cxx_lib.a(timer_11xx.o)
 .debug_ranges  0x00000540       0x88 /home/kevin/workspace/lpc_chip_11cxx_lib/Debug/liblpc_chip_11cxx_lib.a(uart_11xx.o)

.debug_macro    0x00000000     0x43ea
 .debug_macro   0x00000000      0x1d3 ./src/board.o
 .debug_macro   0x000001d3      0x82c ./src/board.o
 .debug_macro   0x000009ff       0x10 ./src/board.o
 .debug_macro   0x00000a0f      0x122 ./src/board.o
 .debug_macro   0x00000b31      0x5b9 ./src/board.o
 .debug_macro   0x000010ea       0x22 ./src/board.o
 .debug_macro   0x0000110c       0x7b ./src/board.o
 .debug_macro   0x00001187       0x10 ./src/board.o
 .debug_macro   0x00001197       0x1f ./src/board.o
 .debug_macro   0x000011b6       0x3a ./src/board.o
 .debug_macro   0x000011f0      0x241 ./src/board.o
 .debug_macro   0x00001431      0x11e ./src/board.o
 .debug_macro   0x0000154f       0x22 ./src/board.o
 .debug_macro   0x00001571       0xb2 ./src/board.o
 .debug_macro   0x00001623       0x10 ./src/board.o
 .debug_macro   0x00001633      0x137 ./src/board.o
 .debug_macro   0x0000176a       0x4c ./src/board.o
 .debug_macro   0x000017b6       0x16 ./src/board.o
 .debug_macro   0x000017cc      0x31a ./src/board.o
 .debug_macro   0x00001ae6       0x2e ./src/board.o
 .debug_macro   0x00001b14       0xb8 ./src/board.o
 .debug_macro   0x00001bcc       0x11 ./src/board.o
 .debug_macro   0x00001bdd       0x7c ./src/board.o
 .debug_macro   0x00001c59      0x21c ./src/board.o
 .debug_macro   0x00001e75      0x113 ./src/board.o
 .debug_macro   0x00001f88       0x16 ./src/board.o
 .debug_macro   0x00001f9e       0xd2 ./src/board.o
 .debug_macro   0x00002070       0x20 ./src/board.o
 .debug_macro   0x00002090       0x12 ./src/board.o
 .debug_macro   0x000020a2       0x91 ./src/board.o
 .debug_macro   0x00002133       0xe7 ./src/board.o
 .debug_macro   0x0000221a       0x10 ./src/board.o
 .debug_macro   0x0000222a      0x18b ./src/board_sysinit.o
 .debug_macro   0x000023b5      0x1b6 ./src/ccan_rom.o
 .debug_macro   0x0000256b       0x1d ./src/cr_startup_lpc11xx.o
 .debug_macro   0x00002588      0x27a ./src/ff.o
 .debug_macro   0x00002802       0xee ./src/ff.o
 .debug_macro   0x000028f0       0x8e ./src/ff.o
 .debug_macro   0x0000297e      0x1ad ./src/main.o
 .debug_macro   0x00002b2b       0x82 ./src/main.o
 .debug_macro   0x00002bad      0x244 ./src/mmc.o
 .debug_macro   0x00002df1       0x16 ./src/mmc.o
 .debug_macro   0x00002e07       0x7c ./src/mmc.o
 .debug_macro   0x00002e83      0x15c ./src/rtc.o
 .debug_macro   0x00002fdf      0x17d ./src/sysinit.o
 .debug_macro   0x0000315c      0x152 ./src/systick.o
 .debug_macro   0x000032ae      0x148 /home/kevin/workspace/lpc_chip_11cxx_lib/Debug/liblpc_chip_11cxx_lib.a(adc_11xx.o)
 .debug_macro   0x000033f6      0x81a /home/kevin/workspace/lpc_chip_11cxx_lib/Debug/liblpc_chip_11cxx_lib.a(adc_11xx.o)
 .debug_macro   0x00003c10      0x148 /home/kevin/workspace/lpc_chip_11cxx_lib/Debug/liblpc_chip_11cxx_lib.a(chip_11xx.o)
 .debug_macro   0x00003d58      0x148 /home/kevin/workspace/lpc_chip_11cxx_lib/Debug/liblpc_chip_11cxx_lib.a(clock_11xx.o)
 .debug_macro   0x00003ea0      0x148 /home/kevin/workspace/lpc_chip_11cxx_lib/Debug/liblpc_chip_11cxx_lib.a(gpio_11xx_2.o)
 .debug_macro   0x00003fe8      0x172 /home/kevin/workspace/lpc_chip_11cxx_lib/Debug/liblpc_chip_11cxx_lib.a(sysctl_11xx.o)
 .debug_macro   0x0000415a      0x148 /home/kevin/workspace/lpc_chip_11cxx_lib/Debug/liblpc_chip_11cxx_lib.a(timer_11xx.o)
 .debug_macro   0x000042a2      0x148 /home/kevin/workspace/lpc_chip_11cxx_lib/Debug/liblpc_chip_11cxx_lib.a(uart_11xx.o)

.debug_line     0x00000000     0x43c2
 .debug_line    0x00000000      0x783 ./src/board.o
 .debug_line    0x00000783      0x385 ./src/board_sysinit.o
 .debug_line    0x00000b08      0x3ac ./src/ccan_rom.o
 .debug_line    0x00000eb4       0xa7 ./src/cr_startup_lpc11xx.o
 .debug_line    0x00000f5b      0x83f ./src/ff.o
 .debug_line    0x0000179a      0x3da ./src/main.o
 .debug_line    0x00001b74      0x68e ./src/mmc.o
 .debug_line    0x00002202      0x300 ./src/rtc.o
 .debug_line    0x00002502      0x2d0 ./src/sysinit.o
 .debug_line    0x000027d2      0x38c ./src/systick.o
 .debug_line    0x00002b5e      0x3da /home/kevin/workspace/lpc_chip_11cxx_lib/Debug/liblpc_chip_11cxx_lib.a(adc_11xx.o)
 .debug_line    0x00002f38      0x2ad /home/kevin/workspace/lpc_chip_11cxx_lib/Debug/liblpc_chip_11cxx_lib.a(chip_11xx.o)
 .debug_line    0x000031e5      0x3a3 /home/kevin/workspace/lpc_chip_11cxx_lib/Debug/liblpc_chip_11cxx_lib.a(clock_11xx.o)
 .debug_line    0x00003588      0x37b /home/kevin/workspace/lpc_chip_11cxx_lib/Debug/liblpc_chip_11cxx_lib.a(gpio_11xx_2.o)
 .debug_line    0x00003903      0x2ea /home/kevin/workspace/lpc_chip_11cxx_lib/Debug/liblpc_chip_11cxx_lib.a(sysctl_11xx.o)
 .debug_line    0x00003bed      0x321 /home/kevin/workspace/lpc_chip_11cxx_lib/Debug/liblpc_chip_11cxx_lib.a(timer_11xx.o)
 .debug_line    0x00003f0e      0x4b4 /home/kevin/workspace/lpc_chip_11cxx_lib/Debug/liblpc_chip_11cxx_lib.a(uart_11xx.o)

.debug_str      0x00000000     0xbf42
 .debug_str     0x00000000     0x95aa ./src/board.o
                               0x9729 (size before relaxing)
 .debug_str     0x000095aa      0x73b ./src/board_sysinit.o
                               0x8a19 (size before relaxing)
 .debug_str     0x00009ce5       0xb2 ./src/ccan_rom.o
                               0x8f76 (size before relaxing)
 .debug_str     0x00009d97      0x17f ./src/cr_startup_lpc11xx.o
                               0x2471 (size before relaxing)
 .debug_str     0x00009f16      0x8fe ./src/ff.o
                               0x3401 (size before relaxing)
 .debug_str     0x0000a814      0x565 ./src/main.o
                               0x8c22 (size before relaxing)
 .debug_str     0x0000ad79      0x48a ./src/mmc.o
                               0x864d (size before relaxing)
 .debug_str     0x0000b203       0x4e ./src/rtc.o
                               0x7d03 (size before relaxing)
 .debug_str     0x0000b251       0x11 ./src/sysinit.o
                               0x8042 (size before relaxing)
 .debug_str     0x0000b262       0xa2 ./src/systick.o
                               0x8059 (size before relaxing)
 .debug_str     0x0000b304      0x1e1 /home/kevin/workspace/lpc_chip_11cxx_lib/Debug/liblpc_chip_11cxx_lib.a(adc_11xx.o)
                               0x8565 (size before relaxing)
 .debug_str     0x0000b4e5       0x13 /home/kevin/workspace/lpc_chip_11cxx_lib/Debug/liblpc_chip_11cxx_lib.a(chip_11xx.o)
                               0x7ca8 (size before relaxing)
 .debug_str     0x0000b4f8      0x39b /home/kevin/workspace/lpc_chip_11cxx_lib/Debug/liblpc_chip_11cxx_lib.a(clock_11xx.o)
                               0x844e (size before relaxing)
 .debug_str     0x0000b893      0x1a5 /home/kevin/workspace/lpc_chip_11cxx_lib/Debug/liblpc_chip_11cxx_lib.a(gpio_11xx_2.o)
                               0x832c (size before relaxing)
 .debug_str     0x0000ba38      0x175 /home/kevin/workspace/lpc_chip_11cxx_lib/Debug/liblpc_chip_11cxx_lib.a(sysctl_11xx.o)
                               0x8098 (size before relaxing)
 .debug_str     0x0000bbad      0x101 /home/kevin/workspace/lpc_chip_11cxx_lib/Debug/liblpc_chip_11cxx_lib.a(timer_11xx.o)
                               0x821f (size before relaxing)
 .debug_str     0x0000bcae      0x294 /home/kevin/workspace/lpc_chip_11cxx_lib/Debug/liblpc_chip_11cxx_lib.a(uart_11xx.o)
                               0x8468 (size before relaxing)

.comment        0x00000000       0xe0
 .comment       0x00000000       0x70 ./src/board.o
                                 0x71 (size before relaxing)
 .comment       0x00000000       0x71 ./src/board_sysinit.o
 .comment       0x00000000       0x71 ./src/ccan_rom.o
 .comment       0x00000000       0x71 ./src/cr_startup_lpc11xx.o
 .comment       0x00000000       0x71 ./src/ff.o
 .comment       0x00000000       0x71 ./src/main.o
 .comment       0x00000000       0x71 ./src/mmc.o
 .comment       0x00000000       0x71 ./src/rtc.o
 .comment       0x00000000       0x71 ./src/sysinit.o
 .comment       0x00000000       0x71 ./src/systick.o
 .comment       0x00000000       0x71 /home/kevin/workspace/lpc_chip_11cxx_lib/Debug/liblpc_chip_11cxx_lib.a(adc_11xx.o)
 .comment       0x00000000       0x71 /home/kevin/workspace/lpc_chip_11cxx_lib/Debug/liblpc_chip_11cxx_lib.a(chip_11xx.o)
 .comment       0x00000000       0x71 /home/kevin/workspace/lpc_chip_11cxx_lib/Debug/liblpc_chip_11cxx_lib.a(clock_11xx.o)
 .comment       0x00000000       0x71 /home/kevin/workspace/lpc_chip_11cxx_lib/Debug/liblpc_chip_11cxx_lib.a(gpio_11xx_2.o)
 .comment       0x00000000       0x71 /home/kevin/workspace/lpc_chip_11cxx_lib/Debug/liblpc_chip_11cxx_lib.a(sysctl_11xx.o)
 .comment       0x00000000       0x71 /home/kevin/workspace/lpc_chip_11cxx_lib/Debug/liblpc_chip_11cxx_lib.a(timer_11xx.o)
 .comment       0x00000000       0x71 /home/kevin/workspace/lpc_chip_11cxx_lib/Debug/liblpc_chip_11cxx_lib.a(uart_11xx.o)
 .comment       0x00000070       0x70 /usr/local/lpcxpresso_7.1.1_125/lpcxpresso/tools/bin/../lib/gcc/arm-none-eabi/4.8.3/../../../../arm-none-eabi/lib/armv6-m/libcr_semihost.a(_cr__main.o)
                                 0x71 (size before relaxing)
 .comment       0x00000000       0x71 /usr/local/lpcxpresso_7.1.1_125/lpcxpresso/tools/bin/../lib/gcc/arm-none-eabi/4.8.3/../../../../arm-none-eabi/lib/armv6-m/libcr_c.a(initio.o)
 .comment       0x00000000       0x71 /usr/local/lpcxpresso_7.1.1_125/lpcxpresso/tools/bin/../lib/gcc/arm-none-eabi/4.8.3/../../../../arm-none-eabi/lib/armv6-m/libcr_c.a(printf.o)
 .comment       0x00000000       0x71 /usr/local/lpcxpresso_7.1.1_125/lpcxpresso/tools/bin/../lib/gcc/arm-none-eabi/4.8.3/../../../../arm-none-eabi/lib/armv6-m/libcr_c.a(setvbuf.o)
 .comment       0x00000000       0x71 /usr/local/lpcxpresso_7.1.1_125/lpcxpresso/tools/bin/../lib/gcc/arm-none-eabi/4.8.3/../../../../arm-none-eabi/lib/armv6-m/libcr_c.a(stdio.o)
 .comment       0x00000000       0x71 /usr/local/lpcxpresso_7.1.1_125/lpcxpresso/tools/bin/../lib/gcc/arm-none-eabi/4.8.3/../../../../arm-none-eabi/lib/armv6-m/libcr_c.a(_deferredlazyseek.o)
 .comment       0x00000000       0x71 /usr/local/lpcxpresso_7.1.1_125/lpcxpresso/tools/bin/../lib/gcc/arm-none-eabi/4.8.3/../../../../arm-none-eabi/lib/armv6-m/libcr_c.a(_fdopen.o)
 .comment       0x00000000       0x71 /usr/local/lpcxpresso_7.1.1_125/lpcxpresso/tools/bin/../lib/gcc/arm-none-eabi/4.8.3/../../../../arm-none-eabi/lib/armv6-m/libcr_c.a(_fflush.o)
 .comment       0x00000000       0x71 /usr/local/lpcxpresso_7.1.1_125/lpcxpresso/tools/bin/../lib/gcc/arm-none-eabi/4.8.3/../../../../arm-none-eabi/lib/armv6-m/libcr_c.a(_writebuf.o)
 .comment       0x00000000       0x71 /usr/local/lpcxpresso_7.1.1_125/lpcxpresso/tools/bin/../lib/gcc/arm-none-eabi/4.8.3/../../../../arm-none-eabi/lib/armv6-m/libcr_c.a(alloc.o)
 .comment       0x00000000       0x71 /usr/local/lpcxpresso_7.1.1_125/lpcxpresso/tools/bin/../lib/gcc/arm-none-eabi/4.8.3/../../../../arm-none-eabi/lib/armv6-m/libcr_c.a(fclose.o)
 .comment       0x00000000       0x71 /usr/local/lpcxpresso_7.1.1_125/lpcxpresso/tools/bin/../lib/gcc/arm-none-eabi/4.8.3/../../../../arm-none-eabi/lib/armv6-m/libcr_c.a(fflush.o)
 .comment       0x00000000       0x71 /usr/local/lpcxpresso_7.1.1_125/lpcxpresso/tools/bin/../lib/gcc/arm-none-eabi/4.8.3/../../../../arm-none-eabi/lib/armv6-m/libcr_c.a(fseek.o)
 .comment       0x00000000       0x71 /usr/local/lpcxpresso_7.1.1_125/lpcxpresso/tools/bin/../lib/gcc/arm-none-eabi/4.8.3/../../../../arm-none-eabi/lib/armv6-m/libcr_c.a(ftell.o)
 .comment       0x00000000       0x71 /usr/local/lpcxpresso_7.1.1_125/lpcxpresso/tools/bin/../lib/gcc/arm-none-eabi/4.8.3/../../../../arm-none-eabi/lib/armv6-m/libcr_c.a(remove.o)
 .comment       0x00000000       0x71 /usr/local/lpcxpresso_7.1.1_125/lpcxpresso/tools/bin/../lib/gcc/arm-none-eabi/4.8.3/../../../../arm-none-eabi/lib/armv6-m/libcr_c.a(__init_alloc.o)
 .comment       0x00000000       0x71 /usr/local/lpcxpresso_7.1.1_125/lpcxpresso/tools/bin/../lib/gcc/arm-none-eabi/4.8.3/../../../../arm-none-eabi/lib/armv6-m/libcr_c.a(_cr_sbrk.o)
 .comment       0x00000000       0x71 /usr/local/lpcxpresso_7.1.1_125/lpcxpresso/tools/bin/../lib/gcc/arm-none-eabi/4.8.3/../../../../arm-none-eabi/lib/armv6-m/libcr_c.a(_do_fflush.o)
 .comment       0x00000000       0x71 /usr/local/lpcxpresso_7.1.1_125/lpcxpresso/tools/bin/../lib/gcc/arm-none-eabi/4.8.3/../../../../arm-none-eabi/lib/armv6-m/libcr_c.a(errno.o)
 .comment       0x00000000       0x71 /usr/local/lpcxpresso_7.1.1_125/lpcxpresso/tools/bin/../lib/gcc/arm-none-eabi/4.8.3/../../../../arm-none-eabi/lib/armv6-m/libcr_c.a(_cr_check_heap.o)

.ARM.attributes
                0x00000000       0x28
 .ARM.attributes
                0x00000000       0x31 ./src/board.o
 .ARM.attributes
                0x00000031       0x31 ./src/board_sysinit.o
 .ARM.attributes
                0x00000062       0x31 ./src/ccan_rom.o
 .ARM.attributes
                0x00000093       0x31 ./src/cr_startup_lpc11xx.o
 .ARM.attributes
                0x000000c4       0x31 ./src/ff.o
 .ARM.attributes
                0x000000f5       0x31 ./src/main.o
 .ARM.attributes
                0x00000126       0x31 ./src/mmc.o
 .ARM.attributes
                0x00000157       0x31 ./src/rtc.o
 .ARM.attributes
                0x00000188       0x31 ./src/sysinit.o
 .ARM.attributes
                0x000001b9       0x31 ./src/systick.o
 .ARM.attributes
                0x000001ea       0x31 /home/kevin/workspace/lpc_chip_11cxx_lib/Debug/liblpc_chip_11cxx_lib.a(adc_11xx.o)
 .ARM.attributes
                0x0000021b       0x31 /home/kevin/workspace/lpc_chip_11cxx_lib/Debug/liblpc_chip_11cxx_lib.a(chip_11xx.o)
 .ARM.attributes
                0x0000024c       0x31 /home/kevin/workspace/lpc_chip_11cxx_lib/Debug/liblpc_chip_11cxx_lib.a(clock_11xx.o)
 .ARM.attributes
                0x0000027d       0x31 /home/kevin/workspace/lpc_chip_11cxx_lib/Debug/liblpc_chip_11cxx_lib.a(gpio_11xx_2.o)
 .ARM.attributes
                0x000002ae       0x31 /home/kevin/workspace/lpc_chip_11cxx_lib/Debug/liblpc_chip_11cxx_lib.a(sysctl_11xx.o)
 .ARM.attributes
                0x000002df       0x31 /home/kevin/workspace/lpc_chip_11cxx_lib/Debug/liblpc_chip_11cxx_lib.a(timer_11xx.o)
 .ARM.attributes
                0x00000310       0x31 /home/kevin/workspace/lpc_chip_11cxx_lib/Debug/liblpc_chip_11cxx_lib.a(uart_11xx.o)
 .ARM.attributes
                0x00000341       0x1e /usr/local/lpcxpresso_7.1.1_125/lpcxpresso/tools/bin/../lib/gcc/arm-none-eabi/4.8.3/armv6-m/libgcc.a(_udivsi3.o)
 .ARM.attributes
                0x0000035f       0x1e /usr/local/lpcxpresso_7.1.1_125/lpcxpresso/tools/bin/../lib/gcc/arm-none-eabi/4.8.3/armv6-m/libgcc.a(_divsi3.o)
 .ARM.attributes
                0x0000037d       0x1e /usr/local/lpcxpresso_7.1.1_125/lpcxpresso/tools/bin/../lib/gcc/arm-none-eabi/4.8.3/armv6-m/libgcc.a(_dvmd_tls.o)
 .ARM.attributes
                0x0000039b       0x2c /usr/local/lpcxpresso_7.1.1_125/lpcxpresso/tools/bin/../lib/gcc/arm-none-eabi/4.8.3/armv6-m/libgcc.a(mulsf3.o)
 .ARM.attributes
                0x000003c7       0x2c /usr/local/lpcxpresso_7.1.1_125/lpcxpresso/tools/bin/../lib/gcc/arm-none-eabi/4.8.3/armv6-m/libgcc.a(floatsisf.o)
 .ARM.attributes
                0x000003f3       0x2c /usr/local/lpcxpresso_7.1.1_125/lpcxpresso/tools/bin/../lib/gcc/arm-none-eabi/4.8.3/armv6-m/libgcc.a(muldf3.o)
 .ARM.attributes
                0x0000041f       0x2c /usr/local/lpcxpresso_7.1.1_125/lpcxpresso/tools/bin/../lib/gcc/arm-none-eabi/4.8.3/armv6-m/libgcc.a(subdf3.o)
 .ARM.attributes
                0x0000044b       0x2c /usr/local/lpcxpresso_7.1.1_125/lpcxpresso/tools/bin/../lib/gcc/arm-none-eabi/4.8.3/armv6-m/libgcc.a(fixdfsi.o)
 .ARM.attributes
                0x00000477       0x2c /usr/local/lpcxpresso_7.1.1_125/lpcxpresso/tools/bin/../lib/gcc/arm-none-eabi/4.8.3/armv6-m/libgcc.a(extendsfdf2.o)
 .ARM.attributes
                0x000004a3       0x1e /usr/local/lpcxpresso_7.1.1_125/lpcxpresso/tools/bin/../lib/gcc/arm-none-eabi/4.8.3/armv6-m/libgcc.a(_clzsi2.o)
 .ARM.attributes
                0x000004c1       0x2c /usr/local/lpcxpresso_7.1.1_125/lpcxpresso/tools/bin/../lib/gcc/arm-none-eabi/4.8.3/../../../../arm-none-eabi/lib/armv6-m/libc.a(lib_a-memset.o)
 .ARM.attributes
                0x000004ed       0x2c /usr/local/lpcxpresso_7.1.1_125/lpcxpresso/tools/bin/../lib/gcc/arm-none-eabi/4.8.3/../../../../arm-none-eabi/lib/armv6-m/libc.a(lib_a-strlen.o)
 .ARM.attributes
                0x00000519       0x31 /usr/local/lpcxpresso_7.1.1_125/lpcxpresso/tools/bin/../lib/gcc/arm-none-eabi/4.8.3/../../../../arm-none-eabi/lib/armv6-m/libcr_semihost.a(_cr__main.o)
 .ARM.attributes
                0x0000054a       0x31 /usr/local/lpcxpresso_7.1.1_125/lpcxpresso/tools/bin/../lib/gcc/arm-none-eabi/4.8.3/../../../../arm-none-eabi/lib/armv6-m/libcr_c.a(initio.o)
 .ARM.attributes
                0x0000057b       0x31 /usr/local/lpcxpresso_7.1.1_125/lpcxpresso/tools/bin/../lib/gcc/arm-none-eabi/4.8.3/../../../../arm-none-eabi/lib/armv6-m/libcr_c.a(printf.o)
 .ARM.attributes
                0x000005ac       0x31 /usr/local/lpcxpresso_7.1.1_125/lpcxpresso/tools/bin/../lib/gcc/arm-none-eabi/4.8.3/../../../../arm-none-eabi/lib/armv6-m/libcr_c.a(setvbuf.o)
 .ARM.attributes
                0x000005dd       0x31 /usr/local/lpcxpresso_7.1.1_125/lpcxpresso/tools/bin/../lib/gcc/arm-none-eabi/4.8.3/../../../../arm-none-eabi/lib/armv6-m/libcr_c.a(stdio.o)
 .ARM.attributes
                0x0000060e       0x31 /usr/local/lpcxpresso_7.1.1_125/lpcxpresso/tools/bin/../lib/gcc/arm-none-eabi/4.8.3/../../../../arm-none-eabi/lib/armv6-m/libcr_c.a(_deferredlazyseek.o)
 .ARM.attributes
                0x0000063f       0x31 /usr/local/lpcxpresso_7.1.1_125/lpcxpresso/tools/bin/../lib/gcc/arm-none-eabi/4.8.3/../../../../arm-none-eabi/lib/armv6-m/libcr_c.a(_fdopen.o)
 .ARM.attributes
                0x00000670       0x31 /usr/local/lpcxpresso_7.1.1_125/lpcxpresso/tools/bin/../lib/gcc/arm-none-eabi/4.8.3/../../../../arm-none-eabi/lib/armv6-m/libcr_c.a(_fflush.o)
 .ARM.attributes
                0x000006a1       0x31 /usr/local/lpcxpresso_7.1.1_125/lpcxpresso/tools/bin/../lib/gcc/arm-none-eabi/4.8.3/../../../../arm-none-eabi/lib/armv6-m/libcr_c.a(_writebuf.o)
 .ARM.attributes
                0x000006d2       0x31 /usr/local/lpcxpresso_7.1.1_125/lpcxpresso/tools/bin/../lib/gcc/arm-none-eabi/4.8.3/../../../../arm-none-eabi/lib/armv6-m/libcr_c.a(alloc.o)
 .ARM.attributes
                0x00000703       0x31 /usr/local/lpcxpresso_7.1.1_125/lpcxpresso/tools/bin/../lib/gcc/arm-none-eabi/4.8.3/../../../../arm-none-eabi/lib/armv6-m/libcr_c.a(fclose.o)
 .ARM.attributes
                0x00000734       0x31 /usr/local/lpcxpresso_7.1.1_125/lpcxpresso/tools/bin/../lib/gcc/arm-none-eabi/4.8.3/../../../../arm-none-eabi/lib/armv6-m/libcr_c.a(fflush.o)
 .ARM.attributes
                0x00000765       0x31 /usr/local/lpcxpresso_7.1.1_125/lpcxpresso/tools/bin/../lib/gcc/arm-none-eabi/4.8.3/../../../../arm-none-eabi/lib/armv6-m/libcr_c.a(fseek.o)
 .ARM.attributes
                0x00000796       0x31 /usr/local/lpcxpresso_7.1.1_125/lpcxpresso/tools/bin/../lib/gcc/arm-none-eabi/4.8.3/../../../../arm-none-eabi/lib/armv6-m/libcr_c.a(ftell.o)
 .ARM.attributes
                0x000007c7       0x31 /usr/local/lpcxpresso_7.1.1_125/lpcxpresso/tools/bin/../lib/gcc/arm-none-eabi/4.8.3/../../../../arm-none-eabi/lib/armv6-m/libcr_c.a(remove.o)
 .ARM.attributes
                0x000007f8       0x31 /usr/local/lpcxpresso_7.1.1_125/lpcxpresso/tools/bin/../lib/gcc/arm-none-eabi/4.8.3/../../../../arm-none-eabi/lib/armv6-m/libcr_c.a(__init_alloc.o)
 .ARM.attributes
                0x00000829       0x31 /usr/local/lpcxpresso_7.1.1_125/lpcxpresso/tools/bin/../lib/gcc/arm-none-eabi/4.8.3/../../../../arm-none-eabi/lib/armv6-m/libcr_c.a(_cr_sbrk.o)
 .ARM.attributes
                0x0000085a       0x31 /usr/local/lpcxpresso_7.1.1_125/lpcxpresso/tools/bin/../lib/gcc/arm-none-eabi/4.8.3/../../../../arm-none-eabi/lib/armv6-m/libcr_c.a(_do_fflush.o)
 .ARM.attributes
                0x0000088b       0x31 /usr/local/lpcxpresso_7.1.1_125/lpcxpresso/tools/bin/../lib/gcc/arm-none-eabi/4.8.3/../../../../arm-none-eabi/lib/armv6-m/libcr_c.a(errno.o)
 .ARM.attributes
                0x000008bc       0x31 /usr/local/lpcxpresso_7.1.1_125/lpcxpresso/tools/bin/../lib/gcc/arm-none-eabi/4.8.3/../../../../arm-none-eabi/lib/armv6-m/libcr_c.a(_cr_check_heap.o)
 .ARM.attributes
                0x000008ed       0x21 /usr/local/lpcxpresso_7.1.1_125/lpcxpresso/tools/bin/../lib/gcc/arm-none-eabi/4.8.3/armv6-m/libcr_eabihelpers.a(llong.o)
 .ARM.attributes
                0x0000090e       0x21 /usr/local/lpcxpresso_7.1.1_125/lpcxpresso/tools/bin/../lib/gcc/arm-none-eabi/4.8.3/../../../../arm-none-eabi/lib/armv6-m/libcr_semihost.a(__sys_appexit.o)
 .ARM.attributes
                0x0000092f       0x21 /usr/local/lpcxpresso_7.1.1_125/lpcxpresso/tools/bin/../lib/gcc/arm-none-eabi/4.8.3/../../../../arm-none-eabi/lib/armv6-m/libcr_semihost.a(__sys_close.o)
 .ARM.attributes
                0x00000950       0x21 /usr/local/lpcxpresso_7.1.1_125/lpcxpresso/tools/bin/../lib/gcc/arm-none-eabi/4.8.3/../../../../arm-none-eabi/lib/armv6-m/libcr_semihost.a(__sys_flen.o)
 .ARM.attributes
                0x00000971       0x21 /usr/local/lpcxpresso_7.1.1_125/lpcxpresso/tools/bin/../lib/gcc/arm-none-eabi/4.8.3/../../../../arm-none-eabi/lib/armv6-m/libcr_semihost.a(__sys_istty.o)
 .ARM.attributes
                0x00000992       0x21 /usr/local/lpcxpresso_7.1.1_125/lpcxpresso/tools/bin/../lib/gcc/arm-none-eabi/4.8.3/../../../../arm-none-eabi/lib/armv6-m/libcr_semihost.a(__sys_remove.o)
 .ARM.attributes
                0x000009b3       0x21 /usr/local/lpcxpresso_7.1.1_125/lpcxpresso/tools/bin/../lib/gcc/arm-none-eabi/4.8.3/../../../../arm-none-eabi/lib/armv6-m/libcr_semihost.a(__sys_seek.o)
 .ARM.attributes
                0x000009d4       0x21 /usr/local/lpcxpresso_7.1.1_125/lpcxpresso/tools/bin/../lib/gcc/arm-none-eabi/4.8.3/../../../../arm-none-eabi/lib/armv6-m/libcr_semihost.a(__sys_tmpnam.o)

.debug_frame    0x00000000     0x11a0
 .debug_frame   0x00000000      0x248 ./src/board.o
 .debug_frame   0x00000248       0x5c ./src/board_sysinit.o
 .debug_frame   0x000002a4       0xa4 ./src/ccan_rom.o
 .debug_frame   0x00000348       0xb4 ./src/cr_startup_lpc11xx.o
 .debug_frame   0x000003fc      0x374 ./src/ff.o
 .debug_frame   0x00000770       0x4c ./src/main.o
 .debug_frame   0x000007bc      0x1c0 ./src/mmc.o
 .debug_frame   0x0000097c       0x58 ./src/rtc.o
 .debug_frame   0x000009d4       0x28 ./src/sysinit.o
 .debug_frame   0x000009fc       0x70 ./src/systick.o
 .debug_frame   0x00000a6c      0x14c /home/kevin/workspace/lpc_chip_11cxx_lib/Debug/liblpc_chip_11cxx_lib.a(adc_11xx.o)
 .debug_frame   0x00000bb8       0x28 /home/kevin/workspace/lpc_chip_11cxx_lib/Debug/liblpc_chip_11cxx_lib.a(chip_11xx.o)
 .debug_frame   0x00000be0       0xf8 /home/kevin/workspace/lpc_chip_11cxx_lib/Debug/liblpc_chip_11cxx_lib.a(clock_11xx.o)
 .debug_frame   0x00000cd8       0xa0 /home/kevin/workspace/lpc_chip_11cxx_lib/Debug/liblpc_chip_11cxx_lib.a(gpio_11xx_2.o)
 .debug_frame   0x00000d78       0x58 /home/kevin/workspace/lpc_chip_11cxx_lib/Debug/liblpc_chip_11cxx_lib.a(sysctl_11xx.o)
 .debug_frame   0x00000dd0       0x7c /home/kevin/workspace/lpc_chip_11cxx_lib/Debug/liblpc_chip_11cxx_lib.a(timer_11xx.o)
 .debug_frame   0x00000e4c      0x18c /home/kevin/workspace/lpc_chip_11cxx_lib/Debug/liblpc_chip_11cxx_lib.a(uart_11xx.o)
 .debug_frame   0x00000fd8       0x20 /usr/local/lpcxpresso_7.1.1_125/lpcxpresso/tools/bin/../lib/gcc/arm-none-eabi/4.8.3/armv6-m/libgcc.a(_udivsi3.o)
 .debug_frame   0x00000ff8       0x20 /usr/local/lpcxpresso_7.1.1_125/lpcxpresso/tools/bin/../lib/gcc/arm-none-eabi/4.8.3/armv6-m/libgcc.a(_divsi3.o)
 .debug_frame   0x00001018       0x3c /usr/local/lpcxpresso_7.1.1_125/lpcxpresso/tools/bin/../lib/gcc/arm-none-eabi/4.8.3/armv6-m/libgcc.a(mulsf3.o)
 .debug_frame   0x00001054       0x2c /usr/local/lpcxpresso_7.1.1_125/lpcxpresso/tools/bin/../lib/gcc/arm-none-eabi/4.8.3/armv6-m/libgcc.a(floatsisf.o)
 .debug_frame   0x00001080       0x3c /usr/local/lpcxpresso_7.1.1_125/lpcxpresso/tools/bin/../lib/gcc/arm-none-eabi/4.8.3/armv6-m/libgcc.a(muldf3.o)
 .debug_frame   0x000010bc       0x3c /usr/local/lpcxpresso_7.1.1_125/lpcxpresso/tools/bin/../lib/gcc/arm-none-eabi/4.8.3/armv6-m/libgcc.a(subdf3.o)
 .debug_frame   0x000010f8       0x2c /usr/local/lpcxpresso_7.1.1_125/lpcxpresso/tools/bin/../lib/gcc/arm-none-eabi/4.8.3/armv6-m/libgcc.a(fixdfsi.o)
 .debug_frame   0x00001124       0x2c /usr/local/lpcxpresso_7.1.1_125/lpcxpresso/tools/bin/../lib/gcc/arm-none-eabi/4.8.3/armv6-m/libgcc.a(extendsfdf2.o)
 .debug_frame   0x00001150       0x30 /usr/local/lpcxpresso_7.1.1_125/lpcxpresso/tools/bin/../lib/gcc/arm-none-eabi/4.8.3/../../../../arm-none-eabi/lib/armv6-m/libc.a(lib_a-memset.o)
 .debug_frame   0x00001180       0x20 /usr/local/lpcxpresso_7.1.1_125/lpcxpresso/tools/bin/../lib/gcc/arm-none-eabi/4.8.3/../../../../arm-none-eabi/lib/armv6-m/libc.a(lib_a-strlen.o)
